app/api/material-requests/route.ts(194,15): error TS2345: Argument of type '{ company_code: any; plant_code: any; project_code: any; cost_center: any; wbs_element: any; required_date: any; priority: any; justification: any; total_amount: any; }' is not assignable to parameter of type '(Omit<Database, "__InternalSupabase">[("public" extends Exclude<keyof Database, "__InternalSupabase"> ? "public" : string & Exclude<keyof Database, "__InternalSupabase">) extends "public" ? "public" & ("public" extends Exclude<...> ? "public" : string & Exclude<...>) : "public"] extends GenericSchema ? Omit<...>[("p...'.
app/api/materials/bulk-upload/route.ts(64,31): error TS2551: Property 'userId' does not exist on type 'AuthContext'. Did you mean 'user'?
app/api/materials/master-data/route.ts(95,28): error TS2345: Argument of type 'boolean' is not assignable to parameter of type '("is_active" extends keyof (Omit<Database, "__InternalSupabase">[("public" extends Exclude<keyof Database, "__InternalSupabase"> ? "public" : string & Exclude<...>) extends "public" ? "public" & ("public" extends Exclude<...> ? "public" : string & Exclude<...>) : "public"] extends GenericSchema ? Omit<...>[("public"...'.
app/api/materials/master-data/route.ts(119,28): error TS2345: Argument of type 'boolean' is not assignable to parameter of type '("is_active" extends keyof (Omit<Database, "__InternalSupabase">[("public" extends Exclude<keyof Database, "__InternalSupabase"> ? "public" : string & Exclude<...>) extends "public" ? "public" & ("public" extends Exclude<...> ? "public" : string & Exclude<...>) : "public"] extends GenericSchema ? Omit<...>[("public"...'.
app/api/number-ranges/route.ts(8,13): error TS2769: No overload matches this call.
  Overload 1 of 2, '(relation: string & keyof (Omit<Database, "__InternalSupabase">[("public" extends Exclude<keyof Database, "__InternalSupabase"> ? "public" : string & Exclude<...>) extends "public" ? "public" & ("public" extends Exclude<...> ? "public" : string & Exclude<...>) : "public"] extends GenericSchema ? Omit<...>[("public" extends Exclude<...> ? "public" : string & Exclude<...>) extends "public" ? "public" & ("public" extends Exclude<...> ? "public" : string & Exclude<...>) : "public"] : never)["Tables"]): PostgrestQueryBuilder<...>', gave the following error.
    Argument of type 'string' is not assignable to parameter of type 'string & keyof (Omit<Database, "__InternalSupabase">[("public" extends Exclude<keyof Database, "__InternalSupabase"> ? "public" : string & Exclude<...>) extends "public" ? "public" & ("public" extends Exclude<...> ? "public" : string & Exclude<...>) : "public"] extends GenericSchema ? Omit<...>[("public" extends Exc...'.
      Type 'string' is not assignable to type 'keyof (Omit<Database, "__InternalSupabase">[("public" extends Exclude<keyof Database, "__InternalSupabase"> ? "public" : string & Exclude<...>) extends "public" ? "public" & ("public" extends Exclude<...> ? "public" : string & Exclude<...>) : "public"] extends GenericSchema ? Omit<...>[("public" extends Exclude<...>...'.
        Type 'string' is not assignable to type 'keyof Omit<Database, "__InternalSupabase">[("public" extends Exclude<keyof Database, "__InternalSupabase"> ? "public" : string & Exclude<...>) extends "public" ? "public" & ("public" extends Exclude<...> ? "public" : string & Exclude<...>) : "public"]["Tables"]'.
          Type 'string' is not assignable to type 'keyof Database[("public" extends Exclude<keyof Database, "__InternalSupabase"> ? "public" : string & Exclude<keyof Database, "__InternalSupabase">) extends "public" ? "public" & ("public" extends Exclude<...> ? "public" : string & Exclude<...>) : "public"]["Tables"]'.
            Type 'string' is not assignable to type 'keyof Database[("public" extends "public" ? "public" : "public") | (string & Exclude<keyof Database, "__InternalSupabase"> extends "public" ? "public" & Exclude<...> : "public")]["Tables"]'.
              Type 'string' is not assignable to type 'keyof Database["public" extends "public" ? "public" : "public"]["Tables"] & keyof Database[string & Exclude<keyof Database, "__InternalSupabase"> extends "public" ? "public" & Exclude<...> : "public"]["Tables"]'.
                Type 'string' is not assignable to type 'keyof Database["public" extends "public" ? "public" : "public"]["Tables"]'.
                  Type '"number_ranges"' is not assignable to type '"projects" | "tasks" | "purchase_orders" | "goods_receipts" | "stores" | "vendors" | "employees" | "users" | "equipment" | "tenants" | "account_keys" | "company_codes" | "chart_of_accounts" | ... 159 more ... | "workflow_start_conditions"'.
  Overload 2 of 2, '(relation: string & keyof (Omit<Database, "__InternalSupabase">[("public" extends Exclude<keyof Database, "__InternalSupabase"> ? "public" : string & Exclude<...>) extends "public" ? "public" & ("public" extends Exclude<...> ? "public" : string & Exclude<...>) : "public"] extends GenericSchema ? Omit<...>[("public" extends Exclude<...> ? "public" : string & Exclude<...>) extends "public" ? "public" & ("public" extends Exclude<...> ? "public" : string & Exclude<...>) : "public"] : never)["Views"]): PostgrestQueryBuilder<...>', gave the following error.
    Argument of type 'string' is not assignable to parameter of type 'string & keyof (Omit<Database, "__InternalSupabase">[("public" extends Exclude<keyof Database, "__InternalSupabase"> ? "public" : string & Exclude<...>) extends "public" ? "public" & ("public" extends Exclude<...> ? "public" : string & Exclude<...>) : "public"] extends GenericSchema ? Omit<...>[("public" extends Exc...'.
      Type 'string' is not assignable to type 'keyof (Omit<Database, "__InternalSupabase">[("public" extends Exclude<keyof Database, "__InternalSupabase"> ? "public" : string & Exclude<...>) extends "public" ? "public" & ("public" extends Exclude<...> ? "public" : string & Exclude<...>) : "public"] extends GenericSchema ? Omit<...>[("public" extends Exclude<...>...'.
        Type 'string' is not assignable to type 'keyof Omit<Database, "__InternalSupabase">[("public" extends Exclude<keyof Database, "__InternalSupabase"> ? "public" : string & Exclude<...>) extends "public" ? "public" & ("public" extends Exclude<...> ? "public" : string & Exclude<...>) : "public"]["Views"]'.
          Type 'string' is not assignable to type 'keyof Database[("public" extends Exclude<keyof Database, "__InternalSupabase"> ? "public" : string & Exclude<keyof Database, "__InternalSupabase">) extends "public" ? "public" & ("public" extends Exclude<...> ? "public" : string & Exclude<...>) : "public"]["Views"]'.
            Type 'string' is not assignable to type 'keyof Database[("public" extends "public" ? "public" : "public") | (string & Exclude<keyof Database, "__InternalSupabase"> extends "public" ? "public" & Exclude<...> : "public")]["Views"]'.
              Type 'string' is not assignable to type 'keyof Database["public" extends "public" ? "public" : "public"]["Views"] & keyof Database[string & Exclude<keyof Database, "__InternalSupabase"> extends "public" ? "public" & Exclude<...> : "public"]["Views"]'.
                Type 'string' is not assignable to type 'keyof Database["public" extends "public" ? "public" : "public"]["Views"]'.
                  Type '"number_ranges"' is not assignable to type '"v_companies_with_names" | "activity_variance" | "mv_approval_field_cache" | "material_master_view" | "global_materials" | "project_materials" | "authorization_monitoring" | ... 4 more ... | "v_number_range_health"'.
app/api/number-ranges/route.ts(27,13): error TS2769: No overload matches this call.
  Overload 1 of 2, '(relation: string & keyof (Omit<Database, "__InternalSupabase">[("public" extends Exclude<keyof Database, "__InternalSupabase"> ? "public" : string & Exclude<...>) extends "public" ? "public" & ("public" extends Exclude<...> ? "public" : string & Exclude<...>) : "public"] extends GenericSchema ? Omit<...>[("public" extends Exclude<...> ? "public" : string & Exclude<...>) extends "public" ? "public" & ("public" extends Exclude<...> ? "public" : string & Exclude<...>) : "public"] : never)["Tables"]): PostgrestQueryBuilder<...>', gave the following error.
    Argument of type 'string' is not assignable to parameter of type 'string & keyof (Omit<Database, "__InternalSupabase">[("public" extends Exclude<keyof Database, "__InternalSupabase"> ? "public" : string & Exclude<...>) extends "public" ? "public" & ("public" extends Exclude<...> ? "public" : string & Exclude<...>) : "public"] extends GenericSchema ? Omit<...>[("public" extends Exc...'.
      Type 'string' is not assignable to type 'keyof (Omit<Database, "__InternalSupabase">[("public" extends Exclude<keyof Database, "__InternalSupabase"> ? "public" : string & Exclude<...>) extends "public" ? "public" & ("public" extends Exclude<...> ? "public" : string & Exclude<...>) : "public"] extends GenericSchema ? Omit<...>[("public" extends Exclude<...>...'.
        Type 'string' is not assignable to type 'keyof Omit<Database, "__InternalSupabase">[("public" extends Exclude<keyof Database, "__InternalSupabase"> ? "public" : string & Exclude<...>) extends "public" ? "public" & ("public" extends Exclude<...> ? "public" : string & Exclude<...>) : "public"]["Tables"]'.
          Type 'string' is not assignable to type 'keyof Database[("public" extends Exclude<keyof Database, "__InternalSupabase"> ? "public" : string & Exclude<keyof Database, "__InternalSupabase">) extends "public" ? "public" & ("public" extends Exclude<...> ? "public" : string & Exclude<...>) : "public"]["Tables"]'.
            Type 'string' is not assignable to type 'keyof Database[("public" extends "public" ? "public" : "public") | (string & Exclude<keyof Database, "__InternalSupabase"> extends "public" ? "public" & Exclude<...> : "public")]["Tables"]'.
              Type 'string' is not assignable to type 'keyof Database["public" extends "public" ? "public" : "public"]["Tables"] & keyof Database[string & Exclude<keyof Database, "__InternalSupabase"> extends "public" ? "public" & Exclude<...> : "public"]["Tables"]'.
                Type 'string' is not assignable to type 'keyof Database["public" extends "public" ? "public" : "public"]["Tables"]'.
                  Type '"number_ranges"' is not assignable to type '"projects" | "tasks" | "purchase_orders" | "goods_receipts" | "stores" | "vendors" | "employees" | "users" | "equipment" | "tenants" | "account_keys" | "company_codes" | "chart_of_accounts" | ... 159 more ... | "workflow_start_conditions"'.
  Overload 2 of 2, '(relation: string & keyof (Omit<Database, "__InternalSupabase">[("public" extends Exclude<keyof Database, "__InternalSupabase"> ? "public" : string & Exclude<...>) extends "public" ? "public" & ("public" extends Exclude<...> ? "public" : string & Exclude<...>) : "public"] extends GenericSchema ? Omit<...>[("public" extends Exclude<...> ? "public" : string & Exclude<...>) extends "public" ? "public" & ("public" extends Exclude<...> ? "public" : string & Exclude<...>) : "public"] : never)["Views"]): PostgrestQueryBuilder<...>', gave the following error.
    Argument of type 'string' is not assignable to parameter of type 'string & keyof (Omit<Database, "__InternalSupabase">[("public" extends Exclude<keyof Database, "__InternalSupabase"> ? "public" : string & Exclude<...>) extends "public" ? "public" & ("public" extends Exclude<...> ? "public" : string & Exclude<...>) : "public"] extends GenericSchema ? Omit<...>[("public" extends Exc...'.
      Type 'string' is not assignable to type 'keyof (Omit<Database, "__InternalSupabase">[("public" extends Exclude<keyof Database, "__InternalSupabase"> ? "public" : string & Exclude<...>) extends "public" ? "public" & ("public" extends Exclude<...> ? "public" : string & Exclude<...>) : "public"] extends GenericSchema ? Omit<...>[("public" extends Exclude<...>...'.
        Type 'string' is not assignable to type 'keyof Omit<Database, "__InternalSupabase">[("public" extends Exclude<keyof Database, "__InternalSupabase"> ? "public" : string & Exclude<...>) extends "public" ? "public" & ("public" extends Exclude<...> ? "public" : string & Exclude<...>) : "public"]["Views"]'.
          Type 'string' is not assignable to type 'keyof Database[("public" extends Exclude<keyof Database, "__InternalSupabase"> ? "public" : string & Exclude<keyof Database, "__InternalSupabase">) extends "public" ? "public" & ("public" extends Exclude<...> ? "public" : string & Exclude<...>) : "public"]["Views"]'.
            Type 'string' is not assignable to type 'keyof Database[("public" extends "public" ? "public" : "public") | (string & Exclude<keyof Database, "__InternalSupabase"> extends "public" ? "public" & Exclude<...> : "public")]["Views"]'.
              Type 'string' is not assignable to type 'keyof Database["public" extends "public" ? "public" : "public"]["Views"] & keyof Database[string & Exclude<keyof Database, "__InternalSupabase"> extends "public" ? "public" & Exclude<...> : "public"]["Views"]'.
                Type 'string' is not assignable to type 'keyof Database["public" extends "public" ? "public" : "public"]["Views"]'.
                  Type '"number_ranges"' is not assignable to type '"v_companies_with_names" | "activity_variance" | "mv_approval_field_cache" | "material_master_view" | "global_materials" | "project_materials" | "authorization_monitoring" | ... 4 more ... | "v_number_range_health"'.
app/api/number-ranges/route.ts(48,13): error TS2769: No overload matches this call.
  Overload 1 of 2, '(relation: string & keyof (Omit<Database, "__InternalSupabase">[("public" extends Exclude<keyof Database, "__InternalSupabase"> ? "public" : string & Exclude<...>) extends "public" ? "public" & ("public" extends Exclude<...> ? "public" : string & Exclude<...>) : "public"] extends GenericSchema ? Omit<...>[("public" extends Exclude<...> ? "public" : string & Exclude<...>) extends "public" ? "public" & ("public" extends Exclude<...> ? "public" : string & Exclude<...>) : "public"] : never)["Tables"]): PostgrestQueryBuilder<...>', gave the following error.
    Argument of type 'string' is not assignable to parameter of type 'string & keyof (Omit<Database, "__InternalSupabase">[("public" extends Exclude<keyof Database, "__InternalSupabase"> ? "public" : string & Exclude<...>) extends "public" ? "public" & ("public" extends Exclude<...> ? "public" : string & Exclude<...>) : "public"] extends GenericSchema ? Omit<...>[("public" extends Exc...'.
      Type 'string' is not assignable to type 'keyof (Omit<Database, "__InternalSupabase">[("public" extends Exclude<keyof Database, "__InternalSupabase"> ? "public" : string & Exclude<...>) extends "public" ? "public" & ("public" extends Exclude<...> ? "public" : string & Exclude<...>) : "public"] extends GenericSchema ? Omit<...>[("public" extends Exclude<...>...'.
        Type 'string' is not assignable to type 'keyof Omit<Database, "__InternalSupabase">[("public" extends Exclude<keyof Database, "__InternalSupabase"> ? "public" : string & Exclude<...>) extends "public" ? "public" & ("public" extends Exclude<...> ? "public" : string & Exclude<...>) : "public"]["Tables"]'.
          Type 'string' is not assignable to type 'keyof Database[("public" extends Exclude<keyof Database, "__InternalSupabase"> ? "public" : string & Exclude<keyof Database, "__InternalSupabase">) extends "public" ? "public" & ("public" extends Exclude<...> ? "public" : string & Exclude<...>) : "public"]["Tables"]'.
            Type 'string' is not assignable to type 'keyof Database[("public" extends "public" ? "public" : "public") | (string & Exclude<keyof Database, "__InternalSupabase"> extends "public" ? "public" & Exclude<...> : "public")]["Tables"]'.
              Type 'string' is not assignable to type 'keyof Database["public" extends "public" ? "public" : "public"]["Tables"] & keyof Database[string & Exclude<keyof Database, "__InternalSupabase"> extends "public" ? "public" & Exclude<...> : "public"]["Tables"]'.
                Type 'string' is not assignable to type 'keyof Database["public" extends "public" ? "public" : "public"]["Tables"]'.
                  Type '"number_ranges"' is not assignable to type '"projects" | "tasks" | "purchase_orders" | "goods_receipts" | "stores" | "vendors" | "employees" | "users" | "equipment" | "tenants" | "account_keys" | "company_codes" | "chart_of_accounts" | ... 159 more ... | "workflow_start_conditions"'.
  Overload 2 of 2, '(relation: string & keyof (Omit<Database, "__InternalSupabase">[("public" extends Exclude<keyof Database, "__InternalSupabase"> ? "public" : string & Exclude<...>) extends "public" ? "public" & ("public" extends Exclude<...> ? "public" : string & Exclude<...>) : "public"] extends GenericSchema ? Omit<...>[("public" extends Exclude<...> ? "public" : string & Exclude<...>) extends "public" ? "public" & ("public" extends Exclude<...> ? "public" : string & Exclude<...>) : "public"] : never)["Views"]): PostgrestQueryBuilder<...>', gave the following error.
    Argument of type 'string' is not assignable to parameter of type 'string & keyof (Omit<Database, "__InternalSupabase">[("public" extends Exclude<keyof Database, "__InternalSupabase"> ? "public" : string & Exclude<...>) extends "public" ? "public" & ("public" extends Exclude<...> ? "public" : string & Exclude<...>) : "public"] extends GenericSchema ? Omit<...>[("public" extends Exc...'.
      Type 'string' is not assignable to type 'keyof (Omit<Database, "__InternalSupabase">[("public" extends Exclude<keyof Database, "__InternalSupabase"> ? "public" : string & Exclude<...>) extends "public" ? "public" & ("public" extends Exclude<...> ? "public" : string & Exclude<...>) : "public"] extends GenericSchema ? Omit<...>[("public" extends Exclude<...>...'.
        Type 'string' is not assignable to type 'keyof Omit<Database, "__InternalSupabase">[("public" extends Exclude<keyof Database, "__InternalSupabase"> ? "public" : string & Exclude<...>) extends "public" ? "public" & ("public" extends Exclude<...> ? "public" : string & Exclude<...>) : "public"]["Views"]'.
          Type 'string' is not assignable to type 'keyof Database[("public" extends Exclude<keyof Database, "__InternalSupabase"> ? "public" : string & Exclude<keyof Database, "__InternalSupabase">) extends "public" ? "public" & ("public" extends Exclude<...> ? "public" : string & Exclude<...>) : "public"]["Views"]'.
            Type 'string' is not assignable to type 'keyof Database[("public" extends "public" ? "public" : "public") | (string & Exclude<keyof Database, "__InternalSupabase"> extends "public" ? "public" & Exclude<...> : "public")]["Views"]'.
              Type 'string' is not assignable to type 'keyof Database["public" extends "public" ? "public" : "public"]["Views"] & keyof Database[string & Exclude<keyof Database, "__InternalSupabase"> extends "public" ? "public" & Exclude<...> : "public"]["Views"]'.
                Type 'string' is not assignable to type 'keyof Database["public" extends "public" ? "public" : "public"]["Views"]'.
                  Type '"number_ranges"' is not assignable to type '"v_companies_with_names" | "activity_variance" | "mv_approval_field_cache" | "material_master_view" | "global_materials" | "project_materials" | "authorization_monitoring" | ... 4 more ... | "v_number_range_health"'.
app/api/projects/route.ts(24,40): error TS2345: Argument of type 'string' is not assignable to parameter of type '("company_code" extends keyof (Omit<Database, "__InternalSupabase">[("public" extends Exclude<keyof Database, "__InternalSupabase"> ? "public" : string & Exclude<...>) extends "public" ? "public" & ("public" extends Exclude<...> ? "public" : string & Exclude<...>) : "public"] extends GenericSchema ? Omit<...>[("publ...'.
app/api/purchase-orders/route.ts(8,8): error TS2339: Property 'from' does not exist on type 'Promise<SupabaseClient<Database, "public" extends Exclude<keyof Database, "__InternalSupabase"> ? "public" : string & Exclude<keyof Database, "__InternalSupabase">, ("public" extends Exclude<...> ? "public" : string & Exclude<...>) extends "public" ? "public" & ("public" extends Exclude<...> ? "public" : string & Ex...'.
app/api/purchase-orders/route.ts(27,69): error TS2339: Property 'rpc' does not exist on type 'Promise<SupabaseClient<Database, "public" extends Exclude<keyof Database, "__InternalSupabase"> ? "public" : string & Exclude<keyof Database, "__InternalSupabase">, ("public" extends Exclude<...> ? "public" : string & Exclude<...>) extends "public" ? "public" & ("public" extends Exclude<...> ? "public" : string & Ex...'.
app/api/purchase-orders/route.ts(41,8): error TS2339: Property 'from' does not exist on type 'Promise<SupabaseClient<Database, "public" extends Exclude<keyof Database, "__InternalSupabase"> ? "public" : string & Exclude<keyof Database, "__InternalSupabase">, ("public" extends Exclude<...> ? "public" : string & Exclude<...>) extends "public" ? "public" & ("public" extends Exclude<...> ? "public" : string & Ex...'.
app/api/tasks/route.ts(17,38): error TS2345: Argument of type 'string' is not assignable to parameter of type '("project_id" extends keyof (Omit<Database, "__InternalSupabase">[("public" extends Exclude<keyof Database, "__InternalSupabase"> ? "public" : string & Exclude<...>) extends "public" ? "public" & ("public" extends Exclude<...> ? "public" : string & Exclude<...>) : "public"] extends GenericSchema ? Omit<...>[("public...'.
app/api/tiles/route.ts(33,19): error TS2345: Argument of type 'string' is not assignable to parameter of type '("id" extends keyof (Omit<Database, "__InternalSupabase">[("public" extends Exclude<keyof Database, "__InternalSupabase"> ? "public" : string & Exclude<...>) extends "public" ? "public" & ("public" extends Exclude<...> ? "public" : string & Exclude<...>) : "public"] extends GenericSchema ? Omit<...>[("public" extend...'.
app/api/tiles/route.ts(40,33): error TS2339: Property 'roles' does not exist on type 'SelectQueryError<"Processing node failed."> | SelectQueryError<"Could not retrieve a valid record or error value"> | { [K in keyof (FindDuplicatesWithinDeduplicated<(ResolveRelationship<Omit<Database, "__InternalSupabase">[("public" extends Exclude<...> ? "public" : string & Exclude<...>) extends "public" ? "public"...'.
  Property 'roles' does not exist on type 'SelectQueryError<"Processing node failed.">'.
app/api/tiles/route.ts(52,50): error TS2339: Property 'map' does not exist on type 'GetRpcFunctionFilterBuilderByArgs<Omit<Database, "__InternalSupabase">[("public" extends Exclude<keyof Database, "__InternalSupabase"> ? "public" : string & Exclude<keyof Database, "__InternalSupabase">) extends "public" ? "public" & ("public" extends Exclude<...> ? "public" : string & Exclude<...>) : "public"] exte...'.
app/api/tiles/route.ts(60,26): error TS2345: Argument of type 'boolean' is not assignable to parameter of type '("is_active" extends keyof (Omit<Database, "__InternalSupabase">[("public" extends Exclude<keyof Database, "__InternalSupabase"> ? "public" : string & Exclude<...>) extends "public" ? "public" & ("public" extends Exclude<...> ? "public" : string & Exclude<...>) : "public"] extends GenericSchema ? Omit<...>[("public"...'.
app/login/tenant-selection.tsx(54,18): error TS2345: Argument of type '{ id: any; name: any; code: any; }[][]' is not assignable to parameter of type 'SetStateAction<Tenant[]>'.
  Type '{ id: any; name: any; code: any; }[][]' is not assignable to type 'Tenant[]'.
    Type '{ id: any; name: any; code: any; }[]' is missing the following properties from type 'Tenant': id, name, code
components/activities/ActivitiesList.tsx(62,39): error TS2339: Property 'activities' does not exist on type '{ projects: ProjectsRepository; wbs: WBSRepository; tasks: TasksRepository; procurement: ProcurementRepository; stores: StoresRepository; }'.
components/activities/ActivitiesListSimple.tsx(58,39): error TS2339: Property 'activities' does not exist on type '{ projects: ProjectsRepository; wbs: WBSRepository; tasks: TasksRepository; procurement: ProcurementRepository; stores: StoresRepository; }'.
components/activities/DependencyManager.tsx(36,39): error TS2339: Property 'activities' does not exist on type '{ projects: ProjectsRepository; wbs: WBSRepository; tasks: TasksRepository; procurement: ProcurementRepository; stores: StoresRepository; }'.
components/activities/DependencyManager.tsx(64,26): error TS2339: Property 'activities' does not exist on type '{ projects: ProjectsRepository; wbs: WBSRepository; tasks: TasksRepository; procurement: ProcurementRepository; stores: StoresRepository; }'.
components/activities/ProgressUpdate.tsx(29,26): error TS2339: Property 'activities' does not exist on type '{ projects: ProjectsRepository; wbs: WBSRepository; tasks: TasksRepository; procurement: ProcurementRepository; stores: StoresRepository; }'.
components/common/RoleBasedComponent.tsx(18,11): error TS2339: Property 'getUserRole' does not exist on type 'AuthContextType'.
components/common/RoleBasedComponent.tsx(18,24): error TS2339: Property 'hasPermission' does not exist on type 'AuthContextType'.
components/common/UserProfile.tsx(7,35): error TS2339: Property 'getUserRole' does not exist on type 'AuthContextType'.
components/dashboards/CostToCompleteDashboard.tsx(4,58): error TS2307: Cannot find module '@/components/ui/card' or its corresponding type declarations.
components/dashboards/CostToCompleteDashboard.tsx(5,26): error TS2307: Cannot find module '@/components/ui/progress' or its corresponding type declarations.
components/dashboards/CostToCompleteDashboard.tsx(6,124): error TS2307: Cannot find module 'recharts' or its corresponding type declarations.
components/dashboards/CostToDateDashboard.tsx(4,58): error TS2307: Cannot find module '@/components/ui/card' or its corresponding type declarations.
components/dashboards/CostToDateDashboard.tsx(6,128): error TS2307: Cannot find module 'recharts' or its corresponding type declarations.
components/dashboards/CostToDateDashboard.tsx(97,26): error TS2322: Type '{ children: Element; className: string; }' is not assignable to type 'IntrinsicAttributes & { children?: ReactNode; }'.
  Property 'className' does not exist on type 'IntrinsicAttributes & { children?: ReactNode; }'.
components/dashboards/EarnedValueDashboard.tsx(4,58): error TS2307: Cannot find module '@/components/ui/card' or its corresponding type declarations.
components/dashboards/EarnedValueDashboard.tsx(5,124): error TS2307: Cannot find module 'recharts' or its corresponding type declarations.
components/dashboards/StockLevelsDashboard.tsx(4,58): error TS2307: Cannot find module '@/components/ui/card' or its corresponding type declarations.
components/dashboards/StockLevelsDashboard.tsx(5,23): error TS2307: Cannot find module '@/components/ui/badge' or its corresponding type declarations.
components/dashboards/StockLevelsDashboard.tsx(6,26): error TS2307: Cannot find module '@/components/ui/progress' or its corresponding type declarations.
components/dashboards/StockLevelsDashboard.tsx(8,128): error TS2307: Cannot find module 'recharts' or its corresponding type declarations.
components/dashboards/StockLevelsDashboard.tsx(209,28): error TS2322: Type '{ children: Element; className: string; }' is not assignable to type 'IntrinsicAttributes & { children?: ReactNode; }'.
  Property 'className' does not exist on type 'IntrinsicAttributes & { children?: ReactNode; }'.
components/dashboards/StockLevelsDashboard.tsx(210,28): error TS2322: Type '{ placeholder: string; }' is not assignable to type 'IntrinsicAttributes & { children?: ReactNode; }'.
  Property 'placeholder' does not exist on type 'IntrinsicAttributes & { children?: ReactNode; }'.
components/dashboards/StockLevelsDashboard.tsx(220,28): error TS2322: Type '{ children: Element; className: string; }' is not assignable to type 'IntrinsicAttributes & { children?: ReactNode; }'.
  Property 'className' does not exist on type 'IntrinsicAttributes & { children?: ReactNode; }'.
components/dashboards/StockLevelsDashboard.tsx(221,28): error TS2322: Type '{ placeholder: string; }' is not assignable to type 'IntrinsicAttributes & { children?: ReactNode; }'.
  Property 'placeholder' does not exist on type 'IntrinsicAttributes & { children?: ReactNode; }'.
components/dashboards/TimesheetCostSummary.tsx(4,58): error TS2307: Cannot find module '@/components/ui/card' or its corresponding type declarations.
components/dashboards/TimesheetCostSummary.tsx(6,23): error TS2307: Cannot find module '@/components/ui/badge' or its corresponding type declarations.
components/dashboards/TimesheetCostSummary.tsx(7,145): error TS2307: Cannot find module 'recharts' or its corresponding type declarations.
components/dashboards/TimesheetCostSummary.tsx(226,26): error TS2322: Type '{ children: Element; className: string; }' is not assignable to type 'IntrinsicAttributes & { children?: ReactNode; }'.
  Property 'className' does not exist on type 'IntrinsicAttributes & { children?: ReactNode; }'.
components/features/approvals/ApprovalConfiguration.tsx(2,58): error TS2307: Cannot find module '@/components/ui/card' or its corresponding type declarations.
components/features/approvals/ApprovalConfiguration.tsx(175,21): error TS2322: Type '{ children: string; variant: string; }' is not assignable to type 'IntrinsicAttributes & ButtonProps & RefAttributes<HTMLButtonElement>'.
  Property 'variant' does not exist on type 'IntrinsicAttributes & ButtonProps & RefAttributes<HTMLButtonElement>'.
components/features/approvals/ApprovalConfiguration.tsx(176,21): error TS2322: Type '{ children: string; variant: string; }' is not assignable to type 'IntrinsicAttributes & ButtonProps & RefAttributes<HTMLButtonElement>'.
  Property 'variant' does not exist on type 'IntrinsicAttributes & ButtonProps & RefAttributes<HTMLButtonElement>'.
components/features/approvals/ApprovalConfiguration.tsx(177,21): error TS2322: Type '{ children: string; variant: string; }' is not assignable to type 'IntrinsicAttributes & ButtonProps & RefAttributes<HTMLButtonElement>'.
  Property 'variant' does not exist on type 'IntrinsicAttributes & ButtonProps & RefAttributes<HTMLButtonElement>'.
components/features/approvals/ApprovalWorkflowComponents.tsx(2,58): error TS2307: Cannot find module '@/components/ui/card' or its corresponding type declarations.
components/features/approvals/ApprovalWorkflowComponents.tsx(5,23): error TS2307: Cannot find module '@/components/ui/icons' or its corresponding type declarations.
components/features/configuration/ERPConfigurationTile.tsx(5,39): error TS2307: Cannot find module '../EnhancedProjectsConfigTab' or its corresponding type declarations.
components/features/configuration/flexible-approval-configuration.tsx(5,41): error TS2307: Cannot find module '../../domains/approval/FlexibleApprovalService' or its corresponding type declarations.
components/features/configuration/SAPOrgTree.tsx(4,26): error TS2307: Cannot find module '../lib/supabase-simple' or its corresponding type declarations.
components/features/configuration/SAPOrgTreeCRUD.tsx(4,26): error TS2307: Cannot find module '../lib/supabase-simple' or its corresponding type declarations.
components/features/controlling/ControllingComponents.tsx(331,71): error TS2322: Type 'string' is not assignable to type 'number'.
components/features/finance/FinanceComponents.tsx(387,17): error TS2322: Type 'string' is not assignable to type 'number'.
components/features/finance/GLPosting.tsx(118,34): error TS2339: Property 'document_number' does not exist on type 'PostingResult | { success: boolean; error: any; }'.
  Property 'document_number' does not exist on type '{ success: boolean; error: any; }'.
components/features/hr/BulkUserUpload.tsx(3,10): error TS2300: Duplicate identifier 'useState'.
components/features/hr/BulkUserUpload.tsx(4,10): error TS2300: Duplicate identifier 'useState'.
components/features/hr/WeeklyTimesheet.tsx(4,58): error TS2307: Cannot find module '@/components/ui/card' or its corresponding type declarations.
components/features/hr/WeeklyTimesheet.tsx(8,23): error TS2307: Cannot find module '@/components/ui/badge' or its corresponding type declarations.
components/features/hr/WeeklyTimesheet.tsx(10,79): error TS2307: Cannot find module '@/components/ui/table' or its corresponding type declarations.
components/features/hr/WeeklyTimesheet.tsx(229,19): error TS2322: Type '{ children: Element; variant: string; size: string; onClick: () => void; }' is not assignable to type 'IntrinsicAttributes & ButtonProps & RefAttributes<HTMLButtonElement>'.
  Property 'variant' does not exist on type 'IntrinsicAttributes & ButtonProps & RefAttributes<HTMLButtonElement>'.
components/features/hr/WeeklyTimesheet.tsx(235,19): error TS2322: Type '{ children: Element; variant: string; size: string; onClick: () => void; }' is not assignable to type 'IntrinsicAttributes & ButtonProps & RefAttributes<HTMLButtonElement>'.
  Property 'variant' does not exist on type 'IntrinsicAttributes & ButtonProps & RefAttributes<HTMLButtonElement>'.
components/features/hr/WeeklyTimesheet.tsx(242,21): error TS2322: Type '{ children: (string | Element)[]; variant: string; onClick: () => void; }' is not assignable to type 'IntrinsicAttributes & ButtonProps & RefAttributes<HTMLButtonElement>'.
  Property 'variant' does not exist on type 'IntrinsicAttributes & ButtonProps & RefAttributes<HTMLButtonElement>'.
components/features/hr/WeeklyTimesheet.tsx(246,21): error TS2322: Type '{ children: (string | Element)[]; variant: string; onClick: () => Promise<void>; disabled: boolean; }' is not assignable to type 'IntrinsicAttributes & ButtonProps & RefAttributes<HTMLButtonElement>'.
  Property 'variant' does not exist on type 'IntrinsicAttributes & ButtonProps & RefAttributes<HTMLButtonElement>'.
components/features/hr/WeeklyTimesheet.tsx(294,42): error TS2322: Type '{ placeholder: string; }' is not assignable to type 'IntrinsicAttributes & { children?: ReactNode; }'.
  Property 'placeholder' does not exist on type 'IntrinsicAttributes & { children?: ReactNode; }'.
components/features/hr/WeeklyTimesheet.tsx(360,29): error TS2322: Type '{ children: Element; variant: string; size: string; onClick: () => void; }' is not assignable to type 'IntrinsicAttributes & ButtonProps & RefAttributes<HTMLButtonElement>'.
  Property 'variant' does not exist on type 'IntrinsicAttributes & ButtonProps & RefAttributes<HTMLButtonElement>'.
components/features/hr/WeeklyTimesheet.tsx(367,29): error TS2322: Type '{ children: Element; variant: string; size: string; onClick: () => void; className: string; }' is not assignable to type 'IntrinsicAttributes & ButtonProps & RefAttributes<HTMLButtonElement>'.
  Property 'variant' does not exist on type 'IntrinsicAttributes & ButtonProps & RefAttributes<HTMLButtonElement>'.
components/features/hr/WeeklyTimesheet.tsx(473,27): error TS2322: Type '{ children: (string | Element)[]; variant: string; className: string; onClick: () => Promise<void>; disabled: boolean; }' is not assignable to type 'IntrinsicAttributes & ButtonProps & RefAttributes<HTMLButtonElement>'.
  Property 'variant' does not exist on type 'IntrinsicAttributes & ButtonProps & RefAttributes<HTMLButtonElement>'.
components/features/inventory/InventoryManager.tsx(96,32): error TS2345: Argument of type '{ account_assignment: string; available_quantity: number; average_cost: number; cost_center: string; current_quantity: number; id: string; last_movement_date: string; material_code: string; ... 9 more ...; store: SelectQueryError<...>; }[]' is not assignable to parameter of type 'SetStateAction<StockBalance[]>'.
  Type '{ account_assignment: string; available_quantity: number; average_cost: number; cost_center: string; current_quantity: number; id: string; last_movement_date: string; material_code: string; ... 9 more ...; store: SelectQueryError<...>; }[]' is not assignable to type 'StockBalance[]'.
    Property 'store_id' is missing in type '{ account_assignment: string; available_quantity: number; average_cost: number; cost_center: string; current_quantity: number; id: string; last_movement_date: string; material_code: string; ... 9 more ...; store: SelectQueryError<...>; }' but required in type 'StockBalance'.
components/features/inventory/InventoryManager.tsx(152,15): error TS2769: No overload matches this call.
  Overload 1 of 2, '(values: { account_assignment?: string; cost_center?: string; created_at?: string; created_by: string; id?: string; movement_date: string; movement_type: "receipt" | "issue" | "return" | "transfer" | "adjustment" | "write_off"; ... 11 more ...; wbs_element?: string; }, options?: { ...; }): PostgrestFilterBuilder<...>', gave the following error.
    Argument of type '{ movement_date: string; created_by: any; store_id: string; stock_item_id: string; movement_type: "receipt"; quantity: number; unit_cost: number; reference_number: string; notes: string; }' is not assignable to parameter of type '{ account_assignment?: string; cost_center?: string; created_at?: string; created_by: string; id?: string; movement_date: string; movement_type: "receipt" | "issue" | "return" | "transfer" | "adjustment" | "write_off"; ... 11 more ...; wbs_element?: string; }'.
      Property 'reference_type' is missing in type '{ movement_date: string; created_by: any; store_id: string; stock_item_id: string; movement_type: "receipt"; quantity: number; unit_cost: number; reference_number: string; notes: string; }' but required in type '{ account_assignment?: string; cost_center?: string; created_at?: string; created_by: string; id?: string; movement_date: string; movement_type: "receipt" | "issue" | "return" | "transfer" | "adjustment" | "write_off"; ... 11 more ...; wbs_element?: string; }'.
  Overload 2 of 2, '(values: { account_assignment?: string; cost_center?: string; created_at?: string; created_by: string; id?: string; movement_date: string; movement_type: "receipt" | "issue" | "return" | "transfer" | "adjustment" | "write_off"; ... 11 more ...; wbs_element?: string; }[], options?: { ...; }): PostgrestFilterBuilder<...>', gave the following error.
    Argument of type '{ movement_date: string; created_by: any; store_id: string; stock_item_id: string; movement_type: "receipt"; quantity: number; unit_cost: number; reference_number: string; notes: string; }' is not assignable to parameter of type '{ account_assignment?: string; cost_center?: string; created_at?: string; created_by: string; id?: string; movement_date: string; movement_type: "receipt" | "issue" | "return" | "transfer" | "adjustment" | "write_off"; ... 11 more ...; wbs_element?: string; }[]'.
      Type '{ movement_date: string; created_by: any; store_id: string; stock_item_id: string; movement_type: "receipt"; quantity: number; unit_cost: number; reference_number: string; notes: string; }' is missing the following properties from type '{ account_assignment?: string; cost_center?: string; created_at?: string; created_by: string; id?: string; movement_date: string; movement_type: "receipt" | "issue" | "return" | "transfer" | "adjustment" | "write_off"; ... 11 more ...; wbs_element?: string; }[]': length, pop, push, concat, and 35 more.
components/features/materials/MaterialMasterComponents.tsx(298,42): error TS2345: Argument of type '{ material_code: string; material_name: string; description: string; category: string; material_group: string; base_uom: string; material_type: string; }' is not assignable to parameter of type 'SetStateAction<{ material_code: string; material_name: string; description: string; category: string; material_group: string; base_uom: string; material_type: string; weight_unit: string; gross_weight: number; net_weight: number; volume_unit: string; volume: number; }>'.
  Type '{ material_code: string; material_name: string; description: string; category: string; material_group: string; base_uom: string; material_type: string; }' is missing the following properties from type '{ material_code: string; material_name: string; description: string; category: string; material_group: string; base_uom: string; material_type: string; weight_unit: string; gross_weight: number; net_weight: number; volume_unit: string; volume: number; }': weight_unit, gross_weight, net_weight, volume_unit, volume
components/features/materials/MaterialMasterComponents.tsx(1004,48): error TS2551: Property 'downloadMaterialTemplate' does not exist on type 'typeof BulkOperationsService'. Did you mean 'downloadTemplate'?
components/features/materials/MaterialMasterComponents.tsx(1014,7): error TS2353: Object literal may only specify known properties, and 'material_type' does not exist in type '{ company_code?: string; plant_code?: string; category?: string; }'.
components/features/materials/UnifiedMaterialRequestComponent.tsx(867,54): error TS2345: Argument of type '(prev: MaterialRequestFormData) => { priority: string; required_date: string; company_code: string; plant_code: string; storage_location: string; cost_center: string; ... 8 more ...; items: MaterialRequestItem[]; }' is not assignable to parameter of type 'SetStateAction<MaterialRequestFormData>'.
  Type '(prev: MaterialRequestFormData) => { priority: string; required_date: string; company_code: string; plant_code: string; storage_location: string; cost_center: string; ... 8 more ...; items: MaterialRequestItem[]; }' is not assignable to type '(prevState: MaterialRequestFormData) => MaterialRequestFormData'.
    Call signature return types '{ priority: string; required_date: string; company_code: string; plant_code: string; storage_location: string; cost_center: string; wbs_element: string; project_code: string; activity_code: string; ... 5 more ...; items: MaterialRequestItem[]; }' and 'MaterialRequestFormData' are incompatible.
      The types of 'priority' are incompatible between these types.
        Type 'string' is not assignable to type '"MEDIUM" | "LOW" | "HIGH" | "URGENT"'.
components/features/materials/UnifiedMaterialRequestComponent.tsx(903,54): error TS2345: Argument of type '(prev: MaterialRequestFormData) => { account_assignment: string; project_code: string; wbs_element: string; activity_code: string; cost_center: string; order_number: string; ... 8 more ...; items: MaterialRequestItem[]; }' is not assignable to parameter of type 'SetStateAction<MaterialRequestFormData>'.
  Type '(prev: MaterialRequestFormData) => { account_assignment: string; project_code: string; wbs_element: string; activity_code: string; cost_center: string; order_number: string; ... 8 more ...; items: MaterialRequestItem[]; }' is not assignable to type '(prevState: MaterialRequestFormData) => MaterialRequestFormData'.
    Call signature return types '{ account_assignment: string; project_code: string; wbs_element: string; activity_code: string; cost_center: string; order_number: string; priority: "MEDIUM" | "LOW" | "HIGH" | "URGENT"; ... 7 more ...; items: MaterialRequestItem[]; }' and 'MaterialRequestFormData' are incompatible.
      The types of 'account_assignment' are incompatible between these types.
        Type 'string' is not assignable to type '"" | "P" | "F" | "K" | "M"'.
components/features/procurement/POApprovalPanel.tsx(2,58): error TS2307: Cannot find module '@/components/ui/card' or its corresponding type declarations.
components/features/procurement/POApprovalPanel.tsx(120,23): error TS2322: Type '{ children: string; onClick: () => Promise<void>; disabled: boolean; variant: string; }' is not assignable to type 'IntrinsicAttributes & ButtonProps & RefAttributes<HTMLButtonElement>'.
  Property 'variant' does not exist on type 'IntrinsicAttributes & ButtonProps & RefAttributes<HTMLButtonElement>'.
components/features/procurement/PurchaseOrderManagement-compatible.tsx(2,53): error TS2307: Cannot find module '../../domains/purchase-orders/poServices-compatible' or its corresponding type declarations.
components/features/procurement/PurchaseOrderManager.tsx(70,33): error TS2345: Argument of type '{ approval_route_id: string; approval_status: string; approved_at: string; approved_by: string; approved_date: string; budget_code: string; cost_center: string; created_at: string; created_by: string; ... 30 more ...; project: SelectQueryError<...>; }[]' is not assignable to parameter of type 'SetStateAction<PurchaseOrder[]>'.
  Type '{ approval_route_id: string; approval_status: string; approved_at: string; approved_by: string; approved_date: string; budget_code: string; cost_center: string; created_at: string; created_by: string; ... 30 more ...; project: SelectQueryError<...>; }[]' is not assignable to type 'PurchaseOrder[]'.
    Type '{ approval_route_id: string; approval_status: string; approved_at: string; approved_by: string; approved_date: string; budget_code: string; cost_center: string; created_at: string; created_by: string; ... 30 more ...; project: SelectQueryError<...>; }' is not assignable to type 'PurchaseOrder'.
      Types of property 'vendor' are incompatible.
        Type '{ error: true; } & String' is missing the following properties from type '{ name: string; code: string; }': name, code
components/features/procurement/PurchaseOrderManager.tsx(149,17): error TS2769: No overload matches this call.
  Overload 1 of 2, '(values: { approval_route_id?: string; approval_status?: string; approved_at?: string; approved_by?: string; approved_date?: string; budget_code?: string; cost_center?: string; created_at?: string; created_by: string; ... 28 more ...; vendor_id: string; }, options?: { ...; }): PostgrestFilterBuilder<...>', gave the following error.
    Argument of type '{ po_number: string; total_amount: number; tax_amount: number; created_by: any; vendor_id: string; project_id: string; issue_date: string; delivery_date: string; payment_terms: string; notes: string; }' is not assignable to parameter of type '{ approval_route_id?: string; approval_status?: string; approved_at?: string; approved_by?: string; approved_date?: string; budget_code?: string; cost_center?: string; created_at?: string; created_by: string; ... 28 more ...; vendor_id: string; }'.
      Property 'tenant_id' is missing in type '{ po_number: string; total_amount: number; tax_amount: number; created_by: any; vendor_id: string; project_id: string; issue_date: string; delivery_date: string; payment_terms: string; notes: string; }' but required in type '{ approval_route_id?: string; approval_status?: string; approved_at?: string; approved_by?: string; approved_date?: string; budget_code?: string; cost_center?: string; created_at?: string; created_by: string; ... 28 more ...; vendor_id: string; }'.
  Overload 2 of 2, '(values: { approval_route_id?: string; approval_status?: string; approved_at?: string; approved_by?: string; approved_date?: string; budget_code?: string; cost_center?: string; created_at?: string; created_by: string; ... 28 more ...; vendor_id: string; }[], options?: { ...; }): PostgrestFilterBuilder<...>', gave the following error.
    Argument of type '{ po_number: string; total_amount: number; tax_amount: number; created_by: any; vendor_id: string; project_id: string; issue_date: string; delivery_date: string; payment_terms: string; notes: string; }' is not assignable to parameter of type '{ approval_route_id?: string; approval_status?: string; approved_at?: string; approved_by?: string; approved_date?: string; budget_code?: string; cost_center?: string; created_at?: string; created_by: string; ... 28 more ...; vendor_id: string; }[]'.
      Type '{ po_number: string; total_amount: number; tax_amount: number; created_by: any; vendor_id: string; project_id: string; issue_date: string; delivery_date: string; payment_terms: string; notes: string; }' is missing the following properties from type '{ approval_route_id?: string; approval_status?: string; approved_at?: string; approved_by?: string; approved_date?: string; budget_code?: string; cost_center?: string; created_at?: string; created_by: string; ... 28 more ...; vendor_id: string; }[]': length, pop, push, concat, and 35 more.
components/features/procurement/VendorManager.tsx(45,26): error TS2345: Argument of type '{ address: string; company_code: string; contact_person: string; created_at: string; credit_limit: number; delivery_terms: string; email: string; id: string; is_active: boolean; mobile: string; ... 10 more ...; vendor_type: string; }[]' is not assignable to parameter of type 'SetStateAction<Vendor[]>'.
  Type '{ address: string; company_code: string; contact_person: string; created_at: string; credit_limit: number; delivery_terms: string; email: string; id: string; is_active: boolean; mobile: string; ... 10 more ...; vendor_type: string; }[]' is not assignable to type 'Vendor[]'.
    Type '{ address: string; company_code: string; contact_person: string; created_at: string; credit_limit: number; delivery_terms: string; email: string; id: string; is_active: boolean; mobile: string; ... 10 more ...; vendor_type: string; }' is missing the following properties from type 'Vendor': name, code, status
components/features/procurement/VendorManager.tsx(64,17): error TS2769: No overload matches this call.
  Overload 1 of 2, '(values: { address?: string; company_code?: string; contact_person?: string; created_at?: string; credit_limit?: number; delivery_terms?: string; email?: string; id?: string; is_active?: boolean; mobile?: string; ... 10 more ...; vendor_type?: string; }, options?: { ...; }): PostgrestFilterBuilder<...>', gave the following error.
    Argument of type '{ specializations: string[]; name: string; code: string; contact_person: string; email: string; phone: string; address: string; status: "active"; rating: number; }' is not assignable to parameter of type '{ address?: string; company_code?: string; contact_person?: string; created_at?: string; credit_limit?: number; delivery_terms?: string; email?: string; id?: string; is_active?: boolean; mobile?: string; ... 10 more ...; vendor_type?: string; }'.
      Type '{ specializations: string[]; name: string; code: string; contact_person: string; email: string; phone: string; address: string; status: "active"; rating: number; }' is missing the following properties from type '{ address?: string; company_code?: string; contact_person?: string; created_at?: string; credit_limit?: number; delivery_terms?: string; email?: string; id?: string; is_active?: boolean; mobile?: string; ... 10 more ...; vendor_type?: string; }': tenant_id, vendor_code, vendor_name
  Overload 2 of 2, '(values: { address?: string; company_code?: string; contact_person?: string; created_at?: string; credit_limit?: number; delivery_terms?: string; email?: string; id?: string; is_active?: boolean; mobile?: string; ... 10 more ...; vendor_type?: string; }[], options?: { ...; }): PostgrestFilterBuilder<...>', gave the following error.
    Argument of type '{ specializations: string[]; name: string; code: string; contact_person: string; email: string; phone: string; address: string; status: "active"; rating: number; }' is not assignable to parameter of type '{ address?: string; company_code?: string; contact_person?: string; created_at?: string; credit_limit?: number; delivery_terms?: string; email?: string; id?: string; is_active?: boolean; mobile?: string; ... 10 more ...; vendor_type?: string; }[]'.
      Type '{ specializations: string[]; name: string; code: string; contact_person: string; email: string; phone: string; address: string; status: "active"; rating: number; }' is missing the following properties from type '{ address?: string; company_code?: string; contact_person?: string; created_at?: string; credit_limit?: number; delivery_terms?: string; email?: string; id?: string; is_active?: boolean; mobile?: string; ... 10 more ...; vendor_type?: string; }[]': length, pop, push, concat, and 35 more.
components/features/procurement/VendorManager.tsx(87,7): error TS2322: Type '"active" | "inactive" | "blacklisted"' is not assignable to type '"active"'.
  Type '"inactive"' is not assignable to type '"active"'.
components/features/projects/CostManagementWithSelector.tsx(219,22): error TS2322: Type '{ projectId: string; }' is not assignable to type 'IntrinsicAttributes'.
  Property 'projectId' does not exist on type 'IntrinsicAttributes'.
components/features/projects/ManageProjectsComponent.tsx(228,17): error TS2345: Argument of type '{ code: any; name: any; description: any; project_type: any; status: any; start_date: any; planned_end_date: any; budget: any; location: any; company_code_id: any; }' is not assignable to parameter of type 'SetStateAction<{ code: string; name: string; description: string; category_code: string; project_type: string; status: string; start_date: string; planned_end_date: string; budget: number; location: string; company_code_id: string; selected_pattern: string; }>'.
  Type '{ code: any; name: any; description: any; project_type: any; status: any; start_date: any; planned_end_date: any; budget: any; location: any; company_code_id: any; }' is missing the following properties from type '{ code: string; name: string; description: string; category_code: string; project_type: string; status: string; start_date: string; planned_end_date: string; budget: number; location: string; company_code_id: string; selected_pattern: string; }': category_code, selected_pattern
components/features/projects/ProjectMaster.tsx(64,27): error TS2345: Argument of type '{ actual_end_date: string; budget: number; category_code: string; company_code: string; cost_center: string; created_at: string; created_by: string; description: string; end_date: string; holidays: string[]; ... 19 more ...; company: SelectQueryError<...>; }[]' is not assignable to parameter of type 'SetStateAction<Project[]>'.
  Type '{ actual_end_date: string; budget: number; category_code: string; company_code: string; cost_center: string; created_at: string; created_by: string; description: string; end_date: string; holidays: string[]; ... 19 more ...; company: SelectQueryError<...>; }[]' is not assignable to type 'Project[]'.
    Property 'code' is missing in type '{ actual_end_date: string; budget: number; category_code: string; company_code: string; cost_center: string; created_at: string; created_by: string; description: string; end_date: string; holidays: string[]; ... 19 more ...; company: SelectQueryError<...>; }' but required in type 'Project'.
components/features/projects/ResourcePlanningWithSelector.tsx(29,17): error TS2345: Argument of type 'SelectQueryError<"column 'code' does not exist on 'projects'.">[]' is not assignable to parameter of type 'SetStateAction<Project[]>'.
  Type 'SelectQueryError<"column 'code' does not exist on 'projects'.">[]' is not assignable to type 'Project[]'.
    Type '{ error: true; } & String' is missing the following properties from type 'Project': id, code, name
components/features/projects/ResourcePlanningWithSelector.tsx(31,36): error TS2339: Property 'id' does not exist on type 'SelectQueryError<"column 'code' does not exist on 'projects'.">'.
components/features/projects/ScheduleManagementWithSelector.tsx(46,19): error TS2345: Argument of type 'SelectQueryError<"column 'code' does not exist on 'projects'.">[]' is not assignable to parameter of type 'SetStateAction<Project[]>'.
  Type 'SelectQueryError<"column 'code' does not exist on 'projects'.">[]' is not assignable to type 'Project[]'.
    Type '{ error: true; } & String' is missing the following properties from type 'Project': id, code, name, status
components/features/projects/ScheduleManagementWithSelector.tsx(48,38): error TS2339: Property 'id' does not exist on type 'SelectQueryError<"column 'code' does not exist on 'projects'.">'.
components/features/projects/ScheduleManagementWithSelector.tsx(219,28): error TS2322: Type '{ projectId: string; }' is not assignable to type 'IntrinsicAttributes'.
  Property 'projectId' does not exist on type 'IntrinsicAttributes'.
components/features/projects/TasksManagementWithSelector.tsx(153,23): error TS2339: Property 'progress_percentage' does not exist on type 'TaskData'.
components/features/projects/WBSManagementWithSelector.tsx(59,19): error TS2345: Argument of type 'SelectQueryError<"column 'code' does not exist on 'projects'.">[]' is not assignable to parameter of type 'SetStateAction<Project[]>'.
  Type 'SelectQueryError<"column 'code' does not exist on 'projects'.">[]' is not assignable to type 'Project[]'.
    Type '{ error: true; } & String' is missing the following properties from type 'Project': id, code, name, status
components/features/projects/WBSManagementWithSelector.tsx(61,38): error TS2339: Property 'id' does not exist on type 'SelectQueryError<"column 'code' does not exist on 'projects'.">'.
components/features/projects/WBSManagementWithSelector.tsx(296,21): error TS2322: Type '{ projectId: string; }' is not assignable to type 'IntrinsicAttributes'.
  Property 'projectId' does not exist on type 'IntrinsicAttributes'.
components/features/projects/WBSTreeViewer.tsx(4,58): error TS2307: Cannot find module '@/components/ui/card' or its corresponding type declarations.
components/features/projects/WBSTreeViewer.tsx(5,23): error TS2307: Cannot find module '@/components/ui/badge' or its corresponding type declarations.
components/features/projects/WBSTreeViewer.tsx(7,69): error TS2307: Cannot find module '@/components/ui/collapsible' or its corresponding type declarations.
components/features/projects/WBSTreeViewer.tsx(210,21): error TS2322: Type '{ children: Element; variant: string; size: string; onClick: () => void; className: string; }' is not assignable to type 'IntrinsicAttributes & ButtonProps & RefAttributes<HTMLButtonElement>'.
  Property 'variant' does not exist on type 'IntrinsicAttributes & ButtonProps & RefAttributes<HTMLButtonElement>'.
components/features/projects/WBSTreeViewer.tsx(248,27): error TS2322: Type '{ children: Element; variant: string; size: string; }' is not assignable to type 'IntrinsicAttributes & ButtonProps & RefAttributes<HTMLButtonElement>'.
  Property 'variant' does not exist on type 'IntrinsicAttributes & ButtonProps & RefAttributes<HTMLButtonElement>'.
components/features/projects/WBSTreeViewer.tsx(251,27): error TS2322: Type '{ children: Element; variant: string; size: string; }' is not assignable to type 'IntrinsicAttributes & ButtonProps & RefAttributes<HTMLButtonElement>'.
  Property 'variant' does not exist on type 'IntrinsicAttributes & ButtonProps & RefAttributes<HTMLButtonElement>'.
components/features/projects/WBSTreeViewer.tsx(254,27): error TS2322: Type '{ children: Element; variant: string; size: string; className: string; }' is not assignable to type 'IntrinsicAttributes & ButtonProps & RefAttributes<HTMLButtonElement>'.
  Property 'variant' does not exist on type 'IntrinsicAttributes & ButtonProps & RefAttributes<HTMLButtonElement>'.
components/layout/ConstructionTiles.tsx(5,28): error TS2307: Cannot find module './UserManagement' or its corresponding type declarations.
components/layout/ConstructionTiles.tsx(6,28): error TS2307: Cannot find module './RoleManagement' or its corresponding type declarations.
components/layout/ConstructionTiles.tsx(7,32): error TS2307: Cannot find module './UserRoleAssignment' or its corresponding type declarations.
components/layout/ConstructionTiles.tsx(8,34): error TS2307: Cannot find module './AuthorizationObjects' or its corresponding type declarations.
components/layout/ConstructionTiles.tsx(9,29): error TS2307: Cannot find module './ChartOfAccounts' or its corresponding type declarations.
components/layout/ConstructionTiles.tsx(10,34): error TS2307: Cannot find module './ERPConfigurationTile' or its corresponding type declarations.
components/layout/dashboards/ProgressDashboard.tsx(4,58): error TS2307: Cannot find module '@/components/ui/card' or its corresponding type declarations.
components/layout/dashboards/ProgressDashboard.tsx(5,23): error TS2307: Cannot find module '@/components/ui/badge' or its corresponding type declarations.
components/layout/dashboards/ProgressDashboard.tsx(6,26): error TS2307: Cannot find module '@/components/ui/progress' or its corresponding type declarations.
components/layout/dashboards/ProgressDashboard.tsx(7,58): error TS2307: Cannot find module '@/components/ui/tabs' or its corresponding type declarations.
components/layout/dashboards/ProgressDashboard.tsx(192,26): error TS2322: Type '{ children: Element; className: string; }' is not assignable to type 'IntrinsicAttributes & { children?: ReactNode; }'.
  Property 'className' does not exist on type 'IntrinsicAttributes & { children?: ReactNode; }'.
components/layout/EnhancedConstructionTiles.tsx(216,13): error TS2322: Type '{ onClose: () => void; onSuccess: () => void; }' is not assignable to type 'IntrinsicAttributes'.
  Property 'onClose' does not exist on type 'IntrinsicAttributes'.
components/layout/EnhancedConstructionTiles.tsx(241,31): error TS2322: Type '{ onProjectSelect: (projectId: string, projectName: string) => void; onNewProject: () => void; }' is not assignable to type 'IntrinsicAttributes'.
  Property 'onProjectSelect' does not exist on type 'IntrinsicAttributes'.
components/projects/ProjectDashboard.tsx(182,25): error TS2345: Argument of type 'SelectQueryError<"column 'code' does not exist on 'projects'.">[]' is not assignable to parameter of type 'SetStateAction<RecentProject[]>'.
  Type 'SelectQueryError<"column 'code' does not exist on 'projects'.">[]' is not assignable to type 'RecentProject[]'.
    Type '{ error: true; } & String' is missing the following properties from type 'RecentProject': id, name, code, status, and 2 more.
components/projects/ProjectDashboard.tsx(493,96): error TS2339: Property 'actual_cost' does not exist on type 'Project'.
components/projects/ProjectDashboard.tsx(494,98): error TS2339: Property 'revenue' does not exist on type 'Project'.
components/projects/ProjectDashboard.tsx(496,59): error TS2339: Property 'revenue' does not exist on type 'Project'.
components/projects/ProjectDashboard.tsx(496,84): error TS2339: Property 'actual_cost' does not exist on type 'Project'.
components/projects/ProjectDashboard.tsx(498,61): error TS2339: Property 'revenue' does not exist on type 'Project'.
components/projects/ProjectDashboard.tsx(498,86): error TS2339: Property 'actual_cost' does not exist on type 'Project'.
components/shared/auth/ProtectedRoute.tsx(89,10): error TS2304: Cannot find name 'hasPermission'.
components/shared/config/EnhancedProjectsConfigTab.tsx(82,27): error TS2345: Argument of type 'ProjectType[]' is not assignable to parameter of type 'SetStateAction<ProjectType[]>'.
  Type 'import("c:/Projects/Construction_App/domains/projects/projectConfigServices").ProjectType[]' is not assignable to type 'ProjectType[]'.
    Type 'ProjectType' is missing the following properties from type 'ProjectType': created_at, updated_at
components/shared/config/EnhancedProjectsConfigTab.tsx(90,29): error TS2345: Argument of type 'NumberingRule[]' is not assignable to parameter of type 'SetStateAction<NumberingRule[]>'.
  Type 'import("c:/Projects/Construction_App/domains/projects/projectConfigServices").NumberingRule[]' is not assignable to type 'NumberingRule[]'.
    Type 'NumberingRule' is missing the following properties from type 'NumberingRule': company_code, created_at, updated_at
components/shared/config/EnhancedProjectsConfigTab.tsx(133,57): error TS2576: Property 'validateHSNCode' does not exist on type 'RealTimeValidationService'. Did you mean to access the static member 'RealTimeValidationService.validateHSNCode' instead?
components/shared/config/EnhancedProjectsConfigTab.tsx(141,56): error TS2576: Property 'validateGLAccount' does not exist on type 'RealTimeValidationService'. Did you mean to access the static member 'RealTimeValidationService.validateGLAccount' instead?
components/shared/config/EnhancedProjectsConfigTab.tsx(217,54): error TS2576: Property 'loadProjectTypes' does not exist on type 'DependentDropdownService'. Did you mean to access the static member 'DependentDropdownService.loadProjectTypes' instead?
components/shared/config/EnhancedProjectsConfigTab.tsx(233,58): error TS2576: Property 'getHSNOptions' does not exist on type 'DependentDropdownService'. Did you mean to access the static member 'DependentDropdownService.getHSNOptions' instead?
components/shared/config/ERPConfigurationModuleComplete.tsx(4,26): error TS2307: Cannot find module '../lib/supabase-simple' or its corresponding type declarations.
components/shared/config/ERPConfigurationModuleComplete.tsx(512,94): error TS2339: Property 'company_code' does not exist on type 'MaterialGroup | VendorCategory | PaymentTerm | UOMGroup | MaterialStatus | GLAccount | ... 4 more ... | StorageLocation'.
  Property 'company_code' does not exist on type 'MaterialGroup'.
components/shared/config/ERPConfigurationModuleComplete.tsx(513,94): error TS2339: Property 'company_name' does not exist on type 'MaterialGroup | VendorCategory | PaymentTerm | UOMGroup | MaterialStatus | GLAccount | ... 4 more ... | StorageLocation'.
  Property 'company_name' does not exist on type 'MaterialGroup'.
components/shared/config/ERPConfigurationModuleComplete.tsx(514,86): error TS2339: Property 'currency' does not exist on type 'MaterialGroup | VendorCategory | PaymentTerm | UOMGroup | MaterialStatus | GLAccount | ... 4 more ... | StorageLocation'.
  Property 'currency' does not exist on type 'MaterialGroup'.
components/shared/config/ERPConfigurationModuleComplete.tsx(515,84): error TS2339: Property 'country' does not exist on type 'MaterialGroup | VendorCategory | PaymentTerm | UOMGroup | MaterialStatus | GLAccount | ... 4 more ... | StorageLocation'.
  Property 'country' does not exist on type 'MaterialGroup'.
components/shared/config/ERPConfigurationModuleComplete.tsx(521,90): error TS2339: Property 'plant_code' does not exist on type 'MaterialGroup | VendorCategory | PaymentTerm | UOMGroup | MaterialStatus | GLAccount | ... 4 more ... | StorageLocation'.
  Property 'plant_code' does not exist on type 'MaterialGroup'.
components/shared/config/ERPConfigurationModuleComplete.tsx(522,90): error TS2339: Property 'plant_name' does not exist on type 'MaterialGroup | VendorCategory | PaymentTerm | UOMGroup | MaterialStatus | GLAccount | ... 4 more ... | StorageLocation'.
  Property 'plant_name' does not exist on type 'MaterialGroup'.
components/shared/config/ERPConfigurationModuleComplete.tsx(523,120): error TS2339: Property 'company_code' does not exist on type 'MaterialGroup | VendorCategory | PaymentTerm | UOMGroup | MaterialStatus | GLAccount | ... 4 more ... | StorageLocation'.
  Property 'company_code' does not exist on type 'MaterialGroup'.
components/shared/config/ERPConfigurationModuleComplete.tsx(529,109): error TS2339: Property 'plant_type' does not exist on type 'MaterialGroup | VendorCategory | PaymentTerm | UOMGroup | MaterialStatus | GLAccount | ... 4 more ... | StorageLocation'.
  Property 'plant_type' does not exist on type 'MaterialGroup'.
components/shared/config/ERPConfigurationModuleComplete.tsx(539,100): error TS2339: Property 'sloc_code' does not exist on type 'MaterialGroup | VendorCategory | PaymentTerm | UOMGroup | MaterialStatus | GLAccount | ... 4 more ... | StorageLocation'.
  Property 'sloc_code' does not exist on type 'MaterialGroup'.
components/shared/config/ERPConfigurationModuleComplete.tsx(540,92): error TS2339: Property 'sloc_name' does not exist on type 'MaterialGroup | VendorCategory | PaymentTerm | UOMGroup | MaterialStatus | GLAccount | ... 4 more ... | StorageLocation'.
  Property 'sloc_name' does not exist on type 'MaterialGroup'.
components/shared/config/ERPConfigurationModuleComplete.tsx(541,116): error TS2339: Property 'plant_id' does not exist on type 'MaterialGroup | VendorCategory | PaymentTerm | UOMGroup | MaterialStatus | GLAccount | ... 4 more ... | StorageLocation'.
  Property 'plant_id' does not exist on type 'MaterialGroup'.
components/shared/config/ERPConfigurationModuleComplete.tsx(547,112): error TS2339: Property 'location_type' does not exist on type 'MaterialGroup | VendorCategory | PaymentTerm | UOMGroup | MaterialStatus | GLAccount | ... 4 more ... | StorageLocation'.
  Property 'location_type' does not exist on type 'MaterialGroup'.
components/shared/config/ERPConfigurationModuleComplete.tsx(558,96): error TS2339: Property 'category_code' does not exist on type 'MaterialGroup | VendorCategory | PaymentTerm | UOMGroup | MaterialStatus | GLAccount | ... 4 more ... | StorageLocation'.
  Property 'category_code' does not exist on type 'MaterialGroup'.
components/shared/config/ERPConfigurationModuleComplete.tsx(559,96): error TS2339: Property 'category_name' does not exist on type 'MaterialGroup | VendorCategory | PaymentTerm | UOMGroup | MaterialStatus | GLAccount | ... 4 more ... | StorageLocation'.
  Property 'category_name' does not exist on type 'MaterialGroup'.
components/shared/config/ERPConfigurationModuleComplete.tsx(560,92): error TS2339: Property 'description' does not exist on type 'MaterialGroup | VendorCategory | PaymentTerm | UOMGroup | MaterialStatus | GLAccount | ... 4 more ... | StorageLocation'.
  Property 'description' does not exist on type 'PaymentTerm'.
components/shared/config/ERPConfigurationModuleComplete.tsx(566,94): error TS2339: Property 'account_code' does not exist on type 'MaterialGroup | VendorCategory | PaymentTerm | UOMGroup | MaterialStatus | GLAccount | ... 4 more ... | StorageLocation'.
  Property 'account_code' does not exist on type 'MaterialGroup'.
components/shared/config/ERPConfigurationModuleComplete.tsx(567,94): error TS2339: Property 'account_name' does not exist on type 'MaterialGroup | VendorCategory | PaymentTerm | UOMGroup | MaterialStatus | GLAccount | ... 4 more ... | StorageLocation'.
  Property 'account_name' does not exist on type 'MaterialGroup'.
components/shared/config/ERPConfigurationModuleComplete.tsx(568,120): error TS2339: Property 'account_type' does not exist on type 'MaterialGroup | VendorCategory | PaymentTerm | UOMGroup | MaterialStatus | GLAccount | ... 4 more ... | StorageLocation'.
  Property 'account_type' does not exist on type 'MaterialGroup'.
components/shared/config/ERPConfigurationModuleComplete.tsx(577,95): error TS2339: Property 'description' does not exist on type 'MaterialGroup | VendorCategory | PaymentTerm | UOMGroup | MaterialStatus | GLAccount | ... 4 more ... | StorageLocation'.
  Property 'description' does not exist on type 'PaymentTerm'.
components/shared/config/ERPConfigurationModuleComplete.tsx(583,90): error TS2339: Property 'class_code' does not exist on type 'MaterialGroup | VendorCategory | PaymentTerm | UOMGroup | MaterialStatus | GLAccount | ... 4 more ... | StorageLocation'.
  Property 'class_code' does not exist on type 'MaterialGroup'.
components/shared/config/ERPConfigurationModuleComplete.tsx(584,90): error TS2339: Property 'class_name' does not exist on type 'MaterialGroup | VendorCategory | PaymentTerm | UOMGroup | MaterialStatus | GLAccount | ... 4 more ... | StorageLocation'.
  Property 'class_name' does not exist on type 'MaterialGroup'.
components/shared/config/ERPConfigurationModuleComplete.tsx(585,95): error TS2339: Property 'description' does not exist on type 'MaterialGroup | VendorCategory | PaymentTerm | UOMGroup | MaterialStatus | GLAccount | ... 4 more ... | StorageLocation'.
  Property 'description' does not exist on type 'PaymentTerm'.
components/shared/config/ERPConfigurationModuleComplete.tsx(591,96): error TS2339: Property 'movement_type' does not exist on type 'MaterialGroup | VendorCategory | PaymentTerm | UOMGroup | MaterialStatus | GLAccount | ... 4 more ... | StorageLocation'.
  Property 'movement_type' does not exist on type 'MaterialGroup'.
components/shared/config/ERPConfigurationModuleComplete.tsx(592,96): error TS2339: Property 'movement_name' does not exist on type 'MaterialGroup | VendorCategory | PaymentTerm | UOMGroup | MaterialStatus | GLAccount | ... 4 more ... | StorageLocation'.
  Property 'movement_name' does not exist on type 'MaterialGroup'.
components/shared/config/ERPConfigurationModuleComplete.tsx(593,126): error TS2339: Property 'movement_indicator' does not exist on type 'MaterialGroup | VendorCategory | PaymentTerm | UOMGroup | MaterialStatus | GLAccount | ... 4 more ... | StorageLocation'.
  Property 'movement_indicator' does not exist on type 'MaterialGroup'.
components/shared/config/ERPConfigurationModuleComplete.tsx(599,95): error TS2339: Property 'description' does not exist on type 'MaterialGroup | VendorCategory | PaymentTerm | UOMGroup | MaterialStatus | GLAccount | ... 4 more ... | StorageLocation'.
  Property 'description' does not exist on type 'PaymentTerm'.
components/shared/config/ERPConfigurationModuleComplete.tsx(605,88): error TS2339: Property 'term_code' does not exist on type 'MaterialGroup | VendorCategory | PaymentTerm | UOMGroup | MaterialStatus | GLAccount | ... 4 more ... | StorageLocation'.
  Property 'term_code' does not exist on type 'MaterialGroup'.
components/shared/config/ERPConfigurationModuleComplete.tsx(606,88): error TS2339: Property 'term_name' does not exist on type 'MaterialGroup | VendorCategory | PaymentTerm | UOMGroup | MaterialStatus | GLAccount | ... 4 more ... | StorageLocation'.
  Property 'term_name' does not exist on type 'MaterialGroup'.
components/shared/config/ERPConfigurationModuleComplete.tsx(607,100): error TS2339: Property 'net_days' does not exist on type 'MaterialGroup | VendorCategory | PaymentTerm | UOMGroup | MaterialStatus | GLAccount | ... 4 more ... | StorageLocation'.
  Property 'net_days' does not exist on type 'MaterialGroup'.
components/shared/config/ERPConfigurationModuleComplete.tsx(608,110): error TS2339: Property 'discount_days' does not exist on type 'MaterialGroup | VendorCategory | PaymentTerm | UOMGroup | MaterialStatus | GLAccount | ... 4 more ... | StorageLocation'.
  Property 'discount_days' does not exist on type 'MaterialGroup'.
components/shared/config/ERPConfigurationModuleComplete.tsx(609,122): error TS2339: Property 'discount_percent' does not exist on type 'MaterialGroup | VendorCategory | PaymentTerm | UOMGroup | MaterialStatus | GLAccount | ... 4 more ... | StorageLocation'.
  Property 'discount_percent' does not exist on type 'MaterialGroup'.
components/shared/config/ERPConfigurationModuleComplete.tsx(615,92): error TS2339: Property 'status_code' does not exist on type 'MaterialGroup | VendorCategory | PaymentTerm | UOMGroup | MaterialStatus | GLAccount | ... 4 more ... | StorageLocation'.
  Property 'status_code' does not exist on type 'MaterialGroup'.
components/shared/config/ERPConfigurationModuleComplete.tsx(616,92): error TS2339: Property 'status_name' does not exist on type 'MaterialGroup | VendorCategory | PaymentTerm | UOMGroup | MaterialStatus | GLAccount | ... 4 more ... | StorageLocation'.
  Property 'status_name' does not exist on type 'MaterialGroup'.
components/shared/config/ERPConfigurationModuleComplete.tsx(619,94): error TS2339: Property 'allow_procurement' does not exist on type 'MaterialGroup | VendorCategory | PaymentTerm | UOMGroup | MaterialStatus | GLAccount | ... 4 more ... | StorageLocation'.
  Property 'allow_procurement' does not exist on type 'MaterialGroup'.
components/shared/config/ERPConfigurationModuleComplete.tsx(623,94): error TS2339: Property 'allow_consumption' does not exist on type 'MaterialGroup | VendorCategory | PaymentTerm | UOMGroup | MaterialStatus | GLAccount | ... 4 more ... | StorageLocation'.
  Property 'allow_consumption' does not exist on type 'MaterialGroup'.
components/shared/config/ERPConfigurationModuleComplete.tsx(632,86): error TS2339: Property 'base_uom' does not exist on type 'MaterialGroup | VendorCategory | PaymentTerm | UOMGroup | MaterialStatus | GLAccount | ... 4 more ... | StorageLocation'.
  Property 'base_uom' does not exist on type 'MaterialGroup'.
components/shared/config/ERPConfigurationModuleComplete.tsx(633,86): error TS2339: Property 'uom_name' does not exist on type 'MaterialGroup | VendorCategory | PaymentTerm | UOMGroup | MaterialStatus | GLAccount | ... 4 more ... | StorageLocation'.
  Property 'uom_name' does not exist on type 'MaterialGroup'.
components/shared/config/ERPConfigurationModuleComplete.tsx(634,108): error TS2339: Property 'dimension' does not exist on type 'MaterialGroup | VendorCategory | PaymentTerm | UOMGroup | MaterialStatus | GLAccount | ... 4 more ... | StorageLocation'.
  Property 'dimension' does not exist on type 'MaterialGroup'.
components/shared/config/ERPConfigurationModuleComplete.tsx(648,90): error TS2339: Property 'group_code' does not exist on type 'MaterialGroup | VendorCategory | PaymentTerm | UOMGroup | MaterialStatus | GLAccount | ... 4 more ... | StorageLocation'.
  Property 'group_code' does not exist on type 'VendorCategory'.
components/shared/config/ERPConfigurationModuleComplete.tsx(649,90): error TS2339: Property 'group_name' does not exist on type 'MaterialGroup | VendorCategory | PaymentTerm | UOMGroup | MaterialStatus | GLAccount | ... 4 more ... | StorageLocation'.
  Property 'group_name' does not exist on type 'VendorCategory'.
components/shared/config/ERPConfigurationModuleComplete.tsx(650,92): error TS2339: Property 'description' does not exist on type 'MaterialGroup | VendorCategory | PaymentTerm | UOMGroup | MaterialStatus | GLAccount | ... 4 more ... | StorageLocation'.
  Property 'description' does not exist on type 'PaymentTerm'.
components/shared/config/ERPConfigurationModuleComplete.tsx(688,15): error TS2322: Type 'boolean' is not assignable to type 'FormDataEntryValue'.
components/shared/config/ERPConfigurationModuleComplete.tsx(689,15): error TS2322: Type 'boolean' is not assignable to type 'FormDataEntryValue'.
components/shared/config/ERPConfigurationModuleComplete.tsx(694,15): error TS2322: Type 'number' is not assignable to type 'FormDataEntryValue'.
components/shared/config/ERPConfigurationModuleComplete.tsx(695,15): error TS2322: Type 'number' is not assignable to type 'FormDataEntryValue'.
components/shared/config/ERPConfigurationModuleComplete.tsx(696,15): error TS2322: Type 'number' is not assignable to type 'FormDataEntryValue'.
components/shared/config/ERPConfigurationModuleComplete.tsx(699,13): error TS2322: Type 'boolean' is not assignable to type 'FormDataEntryValue'.
components/shared/config/SAPConfig.tsx(132,25): error TS2322: Type '{ className: string; }' is not assignable to type 'IntrinsicAttributes'.
  Property 'className' does not exist on type 'IntrinsicAttributes'.
components/shared/config/SAPConfig.tsx(220,27): error TS2322: Type '{ className: string; }' is not assignable to type 'IntrinsicAttributes'.
  Property 'className' does not exist on type 'IntrinsicAttributes'.
components/shared/config/SAPConfig.tsx(660,15): error TS2769: No overload matches this call.
  Overload 1 of 2, '(relation: "projects" | "tasks" | "purchase_orders" | "goods_receipts" | "stores" | "vendors" | "employees" | "users" | "equipment" | "tenants" | "account_keys" | "company_codes" | ... 160 more ... | "workflow_start_conditions"): PostgrestQueryBuilder<...>', gave the following error.
    Argument of type 'string' is not assignable to parameter of type '"projects" | "tasks" | "purchase_orders" | "goods_receipts" | "stores" | "vendors" | "employees" | "users" | "equipment" | "tenants" | "account_keys" | "company_codes" | "chart_of_accounts" | ... 159 more ... | "workflow_start_conditions"'.
  Overload 2 of 2, '(relation: "v_companies_with_names" | "activity_variance" | "mv_approval_field_cache" | "material_master_view" | "global_materials" | "project_materials" | "authorization_monitoring" | ... 4 more ... | "v_number_range_health"): PostgrestQueryBuilder<...>', gave the following error.
    Argument of type 'string' is not assignable to parameter of type '"v_companies_with_names" | "activity_variance" | "mv_approval_field_cache" | "material_master_view" | "global_materials" | "project_materials" | "authorization_monitoring" | ... 4 more ... | "v_number_range_health"'.
components/shared/config/SAPConfig.tsx(1571,35): error TS2339: Property 'is_active' does not exist on type '{}'.
components/shared/permissions/PermissionComponents.tsx(21,41): error TS2345: Argument of type 'import("c:/Projects/Construction_App/lib/permissions/types").Module' is not assignable to parameter of type 'import("c:/Projects/Construction_App/components/shared/permissions/types").Module'.
  Property 'WBS' is missing in type 'import("c:/Projects/Construction_App/components/shared/permissions/types").Module'.
components/shared/permissions/PermissionComponents.tsx(50,41): error TS2345: Argument of type 'import("c:/Projects/Construction_App/lib/permissions/types").Module' is not assignable to parameter of type 'import("c:/Projects/Construction_App/components/shared/permissions/types").Module'.
  Property 'WBS' is missing in type 'import("c:/Projects/Construction_App/components/shared/permissions/types").Module'.
components/shared/permissions/PermissionComponents.tsx(73,34): error TS2345: Argument of type 'import("c:/Projects/Construction_App/lib/permissions/types").Module' is not assignable to parameter of type 'import("c:/Projects/Construction_App/components/shared/permissions/types").Module'.
  Property 'WBS' is missing in type 'import("c:/Projects/Construction_App/components/shared/permissions/types").Module'.
components/shared/permissions/PermissionComponents.tsx(81,34): error TS2345: Argument of type 'import("c:/Projects/Construction_App/lib/permissions/types").Module' is not assignable to parameter of type 'import("c:/Projects/Construction_App/components/shared/permissions/types").Module'.
  Property 'WBS' is missing in type 'import("c:/Projects/Construction_App/components/shared/permissions/types").Module'.
components/shared/permissions/PermissionComponents.tsx(89,36): error TS2345: Argument of type 'import("c:/Projects/Construction_App/lib/permissions/types").Module' is not assignable to parameter of type 'import("c:/Projects/Construction_App/components/shared/permissions/types").Module'.
  Property 'WBS' is missing in type 'import("c:/Projects/Construction_App/components/shared/permissions/types").Module'.
components/shared/permissions/PermissionGuard.tsx(16,24): error TS2345: Argument of type 'import("c:/Projects/Construction_App/lib/permissions/types").Module' is not assignable to parameter of type 'import("c:/Projects/Construction_App/components/shared/permissions/types").Module'.
  Property 'WBS' is missing in type 'import("c:/Projects/Construction_App/components/shared/permissions/types").Module'.
components/shared/permissions/PermissionGuard.tsx(39,64): error TS2345: Argument of type 'import("c:/Projects/Construction_App/lib/permissions/types").Module' is not assignable to parameter of type 'import("c:/Projects/Construction_App/components/shared/permissions/types").Module'.
  Property 'WBS' is missing in type 'import("c:/Projects/Construction_App/components/shared/permissions/types").Module'.
components/shared/permissions/PermissionGuard.tsx(40,63): error TS2345: Argument of type 'import("c:/Projects/Construction_App/lib/permissions/types").Module' is not assignable to parameter of type 'import("c:/Projects/Construction_App/components/shared/permissions/types").Module'.
  Property 'WBS' is missing in type 'import("c:/Projects/Construction_App/components/shared/permissions/types").Module'.
components/ui/feedback/LazyWrapper.tsx(2,39): error TS2307: Cannot find module '../contexts/DataPreloaderContext' or its corresponding type declarations.
components/ui/feedback/LazyWrapper.tsx(37,8): error TS2322: Type 'PropsWithoutRef<ComponentProps<T>> & { ref: ForwardedRef<any>; }' is not assignable to type 'IntrinsicAttributes & (T extends MemoExoticComponent<infer U extends ComponentType<any>> | LazyExoticComponent<infer U extends ComponentType<...>> ? ReactManagedAttributes<...> : ReactManagedAttributes<...>)'.
  Type 'PropsWithoutRef<ComponentProps<T>> & { ref: ForwardedRef<any>; }' is not assignable to type 'T extends MemoExoticComponent<infer U extends ComponentType<any>> | LazyExoticComponent<infer U extends ComponentType<any>> ? ReactManagedAttributes<...> : ReactManagedAttributes<...>'.
components/ui/forms/EnhancedPOForm.tsx(2,58): error TS2307: Cannot find module '@/components/ui/card' or its corresponding type declarations.
components/ui/forms/EnhancedPOForm.tsx(176,32): error TS2322: Type '{ placeholder: string; }' is not assignable to type 'IntrinsicAttributes & { children?: ReactNode; }'.
  Property 'placeholder' does not exist on type 'IntrinsicAttributes & { children?: ReactNode; }'.
components/ui/forms/EnhancedPOForm.tsx(191,32): error TS2322: Type '{ placeholder: string; }' is not assignable to type 'IntrinsicAttributes & { children?: ReactNode; }'.
  Property 'placeholder' does not exist on type 'IntrinsicAttributes & { children?: ReactNode; }'.
components/ui/forms/EnhancedPOForm.tsx(206,32): error TS2322: Type '{ placeholder: string; }' is not assignable to type 'IntrinsicAttributes & { children?: ReactNode; }'.
  Property 'placeholder' does not exist on type 'IntrinsicAttributes & { children?: ReactNode; }'.
components/ui/forms/EnhancedPOForm.tsx(241,38): error TS2322: Type '{ placeholder: string; }' is not assignable to type 'IntrinsicAttributes & { children?: ReactNode; }'.
  Property 'placeholder' does not exist on type 'IntrinsicAttributes & { children?: ReactNode; }'.
components/ui/forms/EnhancedPOForm.tsx(310,21): error TS2322: Type '{ children: string; variant: string; }' is not assignable to type 'IntrinsicAttributes & ButtonProps & RefAttributes<HTMLButtonElement>'.
  Property 'variant' does not exist on type 'IntrinsicAttributes & ButtonProps & RefAttributes<HTMLButtonElement>'.
components/ui/tables/BOQList.tsx(4,58): error TS2307: Cannot find module '@/components/ui/card' or its corresponding type declarations.
components/ui/tables/BOQList.tsx(5,23): error TS2307: Cannot find module '@/components/ui/badge' or its corresponding type declarations.
components/ui/tables/BOQList.tsx(8,79): error TS2307: Cannot find module '@/components/ui/table' or its corresponding type declarations.
components/ui/tables/BOQList.tsx(178,19): error TS2322: Type '{ children: (string | Element)[]; variant: string; }' is not assignable to type 'IntrinsicAttributes & ButtonProps & RefAttributes<HTMLButtonElement>'.
  Property 'variant' does not exist on type 'IntrinsicAttributes & ButtonProps & RefAttributes<HTMLButtonElement>'.
components/ui/tables/BOQList.tsx(200,26): error TS2322: Type '{ children: Element; className: string; }' is not assignable to type 'IntrinsicAttributes & { children?: ReactNode; }'.
  Property 'className' does not exist on type 'IntrinsicAttributes & { children?: ReactNode; }'.
components/ui/tables/BOQList.tsx(201,26): error TS2322: Type '{ placeholder: string; }' is not assignable to type 'IntrinsicAttributes & { children?: ReactNode; }'.
  Property 'placeholder' does not exist on type 'IntrinsicAttributes & { children?: ReactNode; }'.
components/ui/tables/BOQList.tsx(278,31): error TS2322: Type '{ children: Element; variant: string; size: string; }' is not assignable to type 'IntrinsicAttributes & ButtonProps & RefAttributes<HTMLButtonElement>'.
  Property 'variant' does not exist on type 'IntrinsicAttributes & ButtonProps & RefAttributes<HTMLButtonElement>'.
components/ui/tables/BOQList.tsx(281,31): error TS2322: Type '{ children: Element; variant: string; size: string; className: string; }' is not assignable to type 'IntrinsicAttributes & ButtonProps & RefAttributes<HTMLButtonElement>'.
  Property 'variant' does not exist on type 'IntrinsicAttributes & ButtonProps & RefAttributes<HTMLButtonElement>'.
components/ui/tables/ProjectList.tsx(3,10): error TS2300: Duplicate identifier 'useState'.
components/ui/tables/ProjectList.tsx(3,20): error TS2300: Duplicate identifier 'useEffect'.
components/ui/tables/ProjectList.tsx(4,58): error TS2307: Cannot find module '@/components/ui/card' or its corresponding type declarations.
components/ui/tables/ProjectList.tsx(5,23): error TS2307: Cannot find module '@/components/ui/badge' or its corresponding type declarations.
components/ui/tables/ProjectList.tsx(10,10): error TS2300: Duplicate identifier 'useState'.
components/ui/tables/ProjectList.tsx(10,20): error TS2300: Duplicate identifier 'useEffect'.
components/ui/tables/ProjectList.tsx(124,26): error TS2322: Type '{ children: Element; className: string; }' is not assignable to type 'IntrinsicAttributes & { children?: ReactNode; }'.
  Property 'className' does not exist on type 'IntrinsicAttributes & { children?: ReactNode; }'.
components/ui/tables/ProjectList.tsx(125,26): error TS2322: Type '{ placeholder: string; }' is not assignable to type 'IntrinsicAttributes & { children?: ReactNode; }'.
  Property 'placeholder' does not exist on type 'IntrinsicAttributes & { children?: ReactNode; }'.
domains/accountAssignmentServices.ts(1,36): error TS2307: Cannot find module '../../database/DatabaseConnection' or its corresponding type declarations.
domains/activities/activityServices.ts(10,26): error TS2345: Argument of type 'string' is not assignable to parameter of type '("wbs_element" extends keyof (Omit<Database, "__InternalSupabase">[("public" extends Exclude<keyof Database, "__InternalSupabase"> ? "public" : string & Exclude<...>) extends "public" ? "public" & ("public" extends Exclude<...> ? "public" : string & Exclude<...>) : "public"] extends GenericSchema ? Omit<...>[("publi...'.
domains/activities/activityServices.ts(23,27): error TS2345: Argument of type 'string' is not assignable to parameter of type '("project_code" extends keyof (Omit<Database, "__InternalSupabase">[("public" extends Exclude<keyof Database, "__InternalSupabase"> ? "public" : string & Exclude<...>) extends "public" ? "public" & ("public" extends Exclude<...> ? "public" : string & Exclude<...>) : "public"] extends GenericSchema ? Omit<...>[("publ...'.
domains/administration/numberRangeRepository.ts(1,26): error TS2307: Cannot find module '../config/supabase' or its corresponding type declarations.
domains/administration/numberRangeRepository.ts(2,70): error TS2307: Cannot find module '../domains/finance/NumberRangeService' or its corresponding type declarations.
domains/administration/numberRangeRepository.ts(147,5): error TS2322: Type 'unknown[]' is not assignable to type 'string[]'.
  Type 'unknown' is not assignable to type 'string'.
domains/administration/numberRangeRepository.ts(164,5): error TS2322: Type 'unknown[]' is not assignable to type 'string[]'.
  Type 'unknown' is not assignable to type 'string'.
domains/administration/roleService.ts(37,5): error TS2322: Type 'GetResult<Omit<Database, "__InternalSupabase">[("public" extends Exclude<keyof Database, "__InternalSupabase"> ? "public" : string & Exclude<keyof Database, "__InternalSupabase">) extends "public" ? "public" & ("public" extends Exclude<...> ? "public" : string & Exclude<...>) : "public"] extends GenericSchema ? Omit...' is not assignable to type 'Role[]'.
  Type 'GetResult<Omit<Database, "__InternalSupabase">[("public" extends Exclude<keyof Database, "__InternalSupabase"> ? "public" : string & Exclude<keyof Database, "__InternalSupabase">) extends "public" ? "public" & ("public" extends Exclude<...> ? "public" : string & Exclude<...>) : "public"] extends GenericSchema ? Omit...' is not assignable to type 'Role'.
    Type '((Omit<Database, "__InternalSupabase">[("public" extends Exclude<keyof Database, "__InternalSupabase"> ? "public" : string & Exclude<keyof Database, "__InternalSupabase">) extends "public" ? "public" & ("public" extends Exclude<...> ? "public" : string & Exclude<...>) : "public"] extends GenericSchema ? Omit<...>[("...' is not assignable to type 'Role'.
      Type '(Omit<Database, "__InternalSupabase">[("public" extends Exclude<keyof Database, "__InternalSupabase"> ? "public" : string & Exclude<keyof Database, "__InternalSupabase">) extends "public" ? "public" & ("public" extends Exclude<...> ? "public" : string & Exclude<...>) : "public"]["Tables"]["roles"] extends { ...; } ?...' is not assignable to type 'Role'.
        Type '(Database[("public" extends Exclude<keyof Database, "__InternalSupabase"> ? "public" : string & Exclude<keyof Database, "__InternalSupabase">) extends "public" ? "public" & ("public" extends Exclude<...> ? "public" : string & Exclude<...>) : "public"]["Tables"]["roles"] extends { ...; } ? R : unknown) extends null ?...' is not assignable to type 'Role'.
          Type '(Database[("public" extends "public" ? "public" : "public") | (string & Exclude<keyof Database, "__InternalSupabase"> extends "public" ? "public" & Exclude<...> : "public")]["Tables"]["roles"] extends { ...; } ? R : unknown) extends null ? (Omit<...>[("public" extends Exclude<...> ? "public" : string & Exclude<...>)...' is not assignable to type 'Role'.
            Type '((Database["public" extends "public" ? "public" : "public"]["Tables"]["roles"] extends { Relationships: infer R; } ? R : unknown) extends null ? (Omit<Database, "__InternalSupabase">[("public" extends Exclude<...> ? "public" : string & Exclude<...>) extends "public" ? "public" & ("public" extends Exclude<...> ? "pub...' is not assignable to type 'Role'.
              Type '(Database["public" extends "public" ? "public" : "public"]["Tables"]["roles"] extends { Relationships: infer R; } ? R : unknown) extends null ? (Omit<Database, "__InternalSupabase">[("public" extends Exclude<...> ? "public" : string & Exclude<...>) extends "public" ? "public" & ("public" extends Exclude<...> ? "publ...' is not assignable to type 'Role'.
                Type '((Omit<Database, "__InternalSupabase">[("public" extends Exclude<keyof Database, "__InternalSupabase"> ? "public" : string & Exclude<keyof Database, "__InternalSupabase">) extends "public" ? "public" & ("public" extends Exclude<...> ? "public" : string & Exclude<...>) : "public"] extends GenericSchema ? Omit<...>[("...' is not assignable to type 'Role'.
                  Type '(Omit<Database, "__InternalSupabase">[("public" extends Exclude<keyof Database, "__InternalSupabase"> ? "public" : string & Exclude<keyof Database, "__InternalSupabase">) extends "public" ? "public" & ("public" extends Exclude<...> ? "public" : string & Exclude<...>) : "public"] extends GenericSchema ? Omit<...>[("p...' is not assignable to type 'Role'.
                    Type 'SelectQueryError<"Processing node failed."> | SelectQueryError<"Could not retrieve a valid record or error value">' is not assignable to type 'Role'.
                      Type '{ error: true; } & String' is missing the following properties from type 'Role': id, name, description
domains/administration/roleService.ts(44,15): error TS2769: No overload matches this call.
  Overload 1 of 2, '(values: (Omit<Database, "__InternalSupabase">[("public" extends Exclude<keyof Database, "__InternalSupabase"> ? "public" : string & Exclude<keyof Database, "__InternalSupabase">) extends "public" ? "public" & ("public" extends Exclude<...> ? "public" : string & Exclude<...>) : "public"] extends GenericSchema ? Omit<...>[("public" extends Exclude<...> ? "public" : string & Exclude<...>) extends "public" ? "public" & ("public" extends Exclude<...> ? "public" : string & Exclude<...>) : "public"] : never)["Tables"]["roles"] extends { ...; } ? (Omit<...>[("public" extends Exclude<...> ? "public" : string & Exclude<...>) extends "public" ? "public" & ("public" extends Exclude<...> ? "public" : string & Exclude<...>) : "public"] extends GenericSchema ? Omit<...>[("public" extends Exclude<...> ? "public" : string & Exclude<...>) extends "public" ? "public" & ("public" extends Exclude<...> ? "public" : string & Exclude<...>) : "public"] : never)["Tables"]["roles"]["Insert"] : never, options?: { ...; }): PostgrestFilterBuilder<...>', gave the following error.
    Argument of type 'Omit<Role, "id">' is not assignable to parameter of type '(Omit<Database, "__InternalSupabase">[("public" extends Exclude<keyof Database, "__InternalSupabase"> ? "public" : string & Exclude<keyof Database, "__InternalSupabase">) extends "public" ? "public" & ("public" extends Exclude<...> ? "public" : string & Exclude<...>) : "public"] extends GenericSchema ? Omit<...>[("p...'.
  Overload 2 of 2, '(values: ((Omit<Database, "__InternalSupabase">[("public" extends Exclude<keyof Database, "__InternalSupabase"> ? "public" : string & Exclude<keyof Database, "__InternalSupabase">) extends "public" ? "public" & ("public" extends Exclude<...> ? "public" : string & Exclude<...>) : "public"] extends GenericSchema ? Omit<...>[("public" extends Exclude<...> ? "public" : string & Exclude<...>) extends "public" ? "public" & ("public" extends Exclude<...> ? "public" : string & Exclude<...>) : "public"] : never)["Tables"]["roles"] extends { ...; } ? (Omit<...>[("public" extends Exclude<...> ? "public" : string & Exclude<...>) extends "public" ? "public" & ("public" extends Exclude<...> ? "public" : string & Exclude<...>) : "public"] extends GenericSchema ? Omit<...>[("public" extends Exclude<...> ? "public" : string & Exclude<...>) extends "public" ? "public" & ("public" extends Exclude<...> ? "public" : string & Exclude<...>) : "public"] : never)["Tables"]["roles"]["Insert"] : never)[], options?: { ...; }): PostgrestFilterBuilder<...>', gave the following error.
    Argument of type 'Omit<Role, "id">' is not assignable to parameter of type '((Omit<Database, "__InternalSupabase">[("public" extends Exclude<keyof Database, "__InternalSupabase"> ? "public" : string & Exclude<keyof Database, "__InternalSupabase">) extends "public" ? "public" & ("public" extends Exclude<...> ? "public" : string & Exclude<...>) : "public"] extends GenericSchema ? Omit<...>[("...'.
      Type 'Omit<Role, "id">' is missing the following properties from type '((Omit<Database, "__InternalSupabase">[("public" extends Exclude<keyof Database, "__InternalSupabase"> ? "public" : string & Exclude<keyof Database, "__InternalSupabase">) extends "public" ? "public" & ("public" extends Exclude<...> ? "public" : string & Exclude<...>) : "public"] extends GenericSchema ? Omit<...>[("...': length, pop, push, concat, and 35 more.
domains/administration/roleService.ts(49,5): error TS2322: Type 'SelectQueryError<"Processing node failed."> | SelectQueryError<"Could not retrieve a valid record or error value">' is not assignable to type 'Role'.
  Type '{ error: true; } & String' is missing the following properties from type 'Role': id, name, description
domains/administration/roleService.ts(56,15): error TS2345: Argument of type 'Partial<Role>' is not assignable to parameter of type '(Omit<Database, "__InternalSupabase">[("public" extends Exclude<keyof Database, "__InternalSupabase"> ? "public" : string & Exclude<keyof Database, "__InternalSupabase">) extends "public" ? "public" & ("public" extends Exclude<...> ? "public" : string & Exclude<...>) : "public"] extends GenericSchema ? Omit<...>[("p...'.
domains/administration/roleService.ts(57,17): error TS2345: Argument of type 'string' is not assignable to parameter of type '("id" extends keyof (Omit<Database, "__InternalSupabase">[("public" extends Exclude<keyof Database, "__InternalSupabase"> ? "public" : string & Exclude<...>) extends "public" ? "public" & ("public" extends Exclude<...> ? "public" : string & Exclude<...>) : "public"] extends GenericSchema ? Omit<...>[("public" extend...'.
domains/administration/roleService.ts(62,5): error TS2322: Type 'SelectQueryError<"Processing node failed."> | SelectQueryError<"Could not retrieve a valid record or error value">' is not assignable to type 'Role'.
  Type '{ error: true; } & String' is missing the following properties from type 'Role': id, name, description
domains/administration/roleService.ts(70,17): error TS2345: Argument of type 'string' is not assignable to parameter of type '("id" extends keyof (Omit<Database, "__InternalSupabase">[("public" extends Exclude<keyof Database, "__InternalSupabase"> ? "public" : string & Exclude<...>) extends "public" ? "public" & ("public" extends Exclude<...> ? "public" : string & Exclude<...>) : "public"] extends GenericSchema ? Omit<...>[("public" extend...'.
domains/administration/userService.ts(45,7): error TS2698: Spread types may only be created from object types.
domains/administration/userService.ts(46,38): error TS2339: Property 'id' does not exist on type 'SelectQueryError<"Processing node failed."> | SelectQueryError<"Could not retrieve a valid record or error value">'.
  Property 'id' does not exist on type 'SelectQueryError<"Processing node failed.">'.
domains/administration/userService.ts(46,50): error TS2339: Property 'role_id' does not exist on type 'SelectQueryError<"Processing node failed."> | SelectQueryError<"Could not retrieve a valid record or error value">'.
  Property 'role_id' does not exist on type 'SelectQueryError<"Processing node failed.">'.
domains/administration/userService.ts(66,24): error TS2345: Argument of type 'boolean' is not assignable to parameter of type '("is_active" extends keyof (Omit<Database, "__InternalSupabase">[("public" extends Exclude<keyof Database, "__InternalSupabase"> ? "public" : string & Exclude<...>) extends "public" ? "public" & ("public" extends Exclude<...> ? "public" : string & Exclude<...>) : "public"] extends GenericSchema ? Omit<...>[("public"...'.
domains/administration/userService.ts(85,8): error TS2769: No overload matches this call.
  Overload 1 of 2, '(values: (Omit<Database, "__InternalSupabase">[("public" extends Exclude<keyof Database, "__InternalSupabase"> ? "public" : string & Exclude<keyof Database, "__InternalSupabase">) extends "public" ? "public" & ("public" extends Exclude<...> ? "public" : string & Exclude<...>) : "public"] extends GenericSchema ? Omit<...>[("public" extends Exclude<...> ? "public" : string & Exclude<...>) extends "public" ? "public" & ("public" extends Exclude<...> ? "public" : string & Exclude<...>) : "public"] : never)["Tables"]["users"] extends { ...; } ? (Omit<...>[("public" extends Exclude<...> ? "public" : string & Exclude<...>) extends "public" ? "public" & ("public" extends Exclude<...> ? "public" : string & Exclude<...>) : "public"] extends GenericSchema ? Omit<...>[("public" extends Exclude<...> ? "public" : string & Exclude<...>) extends "public" ? "public" & ("public" extends Exclude<...> ? "public" : string & Exclude<...>) : "public"] : never)["Tables"]["users"]["Insert"] : never, options?: { ...; }): PostgrestFilterBuilder<...>', gave the following error.
    Argument of type '{ id: string; email: string; first_name: string; last_name: string; employee_code: string; department: string; role_id: string; is_active: true; }' is not assignable to parameter of type '(Omit<Database, "__InternalSupabase">[("public" extends Exclude<keyof Database, "__InternalSupabase"> ? "public" : string & Exclude<keyof Database, "__InternalSupabase">) extends "public" ? "public" & ("public" extends Exclude<...> ? "public" : string & Exclude<...>) : "public"] extends GenericSchema ? Omit<...>[("p...'.
  Overload 2 of 2, '(values: ((Omit<Database, "__InternalSupabase">[("public" extends Exclude<keyof Database, "__InternalSupabase"> ? "public" : string & Exclude<keyof Database, "__InternalSupabase">) extends "public" ? "public" & ("public" extends Exclude<...> ? "public" : string & Exclude<...>) : "public"] extends GenericSchema ? Omit<...>[("public" extends Exclude<...> ? "public" : string & Exclude<...>) extends "public" ? "public" & ("public" extends Exclude<...> ? "public" : string & Exclude<...>) : "public"] : never)["Tables"]["users"] extends { ...; } ? (Omit<...>[("public" extends Exclude<...> ? "public" : string & Exclude<...>) extends "public" ? "public" & ("public" extends Exclude<...> ? "public" : string & Exclude<...>) : "public"] extends GenericSchema ? Omit<...>[("public" extends Exclude<...> ? "public" : string & Exclude<...>) extends "public" ? "public" & ("public" extends Exclude<...> ? "public" : string & Exclude<...>) : "public"] : never)["Tables"]["users"]["Insert"] : never)[], options?: { ...; }): PostgrestFilterBuilder<...>', gave the following error.
    Object literal may only specify known properties, and 'id' does not exist in type '((Omit<Database, "__InternalSupabase">[("public" extends Exclude<keyof Database, "__InternalSupabase"> ? "public" : string & Exclude<keyof Database, "__InternalSupabase">) extends "public" ? "public" & ("public" extends Exclude<...> ? "public" : string & Exclude<...>) : "public"] extends GenericSchema ? Omit<...>[("...'.
domains/administration/userService.ts(106,15): error TS2345: Argument of type '{ first_name: string; last_name: string; employee_code: string; department: string; role_id: string; is_active: boolean; }' is not assignable to parameter of type '(Omit<Database, "__InternalSupabase">[("public" extends Exclude<keyof Database, "__InternalSupabase"> ? "public" : string & Exclude<keyof Database, "__InternalSupabase">) extends "public" ? "public" & ("public" extends Exclude<...> ? "public" : string & Exclude<...>) : "public"] extends GenericSchema ? Omit<...>[("p...'.
domains/administration/userService.ts(114,17): error TS2345: Argument of type 'string' is not assignable to parameter of type '("id" extends keyof (Omit<Database, "__InternalSupabase">[("public" extends Exclude<keyof Database, "__InternalSupabase"> ? "public" : string & Exclude<...>) extends "public" ? "public" & ("public" extends Exclude<...> ? "public" : string & Exclude<...>) : "public"] extends GenericSchema ? Omit<...>[("public" extend...'.
domains/administration/userService.ts(126,15): error TS2345: Argument of type '{ is_active: false; }' is not assignable to parameter of type '(Omit<Database, "__InternalSupabase">[("public" extends Exclude<keyof Database, "__InternalSupabase"> ? "public" : string & Exclude<keyof Database, "__InternalSupabase">) extends "public" ? "public" & ("public" extends Exclude<...> ? "public" : string & Exclude<...>) : "public"] extends GenericSchema ? Omit<...>[("p...'.
domains/administration/userService.ts(127,17): error TS2345: Argument of type 'string' is not assignable to parameter of type '("id" extends keyof (Omit<Database, "__InternalSupabase">[("public" extends Exclude<keyof Database, "__InternalSupabase"> ? "public" : string & Exclude<...>) extends "public" ? "public" & ("public" extends Exclude<...> ? "public" : string & Exclude<...>) : "public"] extends GenericSchema ? Omit<...>[("public" extend...'.
domains/administration/userService.ts(139,15): error TS2345: Argument of type '{ role_id: string; }' is not assignable to parameter of type '(Omit<Database, "__InternalSupabase">[("public" extends Exclude<keyof Database, "__InternalSupabase"> ? "public" : string & Exclude<keyof Database, "__InternalSupabase">) extends "public" ? "public" & ("public" extends Exclude<...> ? "public" : string & Exclude<...>) : "public"] extends GenericSchema ? Omit<...>[("p...'.
domains/administration/userService.ts(140,17): error TS2345: Argument of type 'string' is not assignable to parameter of type '("id" extends keyof (Omit<Database, "__InternalSupabase">[("public" extends Exclude<keyof Database, "__InternalSupabase"> ? "public" : string & Exclude<...>) extends "public" ? "public" & ("public" extends Exclude<...> ? "public" : string & Exclude<...>) : "public"] extends GenericSchema ? Omit<...>[("public" extend...'.
domains/administration/userService.ts(152,15): error TS2345: Argument of type '{ role_id: null; }' is not assignable to parameter of type '(Omit<Database, "__InternalSupabase">[("public" extends Exclude<keyof Database, "__InternalSupabase"> ? "public" : string & Exclude<keyof Database, "__InternalSupabase">) extends "public" ? "public" & ("public" extends Exclude<...> ? "public" : string & Exclude<...>) : "public"] extends GenericSchema ? Omit<...>[("p...'.
domains/administration/userService.ts(153,17): error TS2345: Argument of type 'string' is not assignable to parameter of type '("id" extends keyof (Omit<Database, "__InternalSupabase">[("public" extends Exclude<keyof Database, "__InternalSupabase"> ? "public" : string & Exclude<...>) extends "public" ? "public" & ("public" extends Exclude<...> ? "public" : string & Exclude<...>) : "public"] extends GenericSchema ? Omit<...>[("public" extend...'.
domains/approval/ApprovalService.ts(91,22): error TS2304: Cannot find name 'customerId'.
domains/approval/ApprovalService.ts(118,67): error TS2552: Cannot find name 'CUSTOMER_ID'. Did you mean 'customerId'?
domains/approval/ApprovalService.ts(126,69): error TS2552: Cannot find name 'CUSTOMER_ID'. Did you mean 'customerId'?
domains/approval/ApprovalService.ts(461,17): error TS2345: Argument of type '{ step: number; approver_role: any; level_name: string; approval_limit: any; required: true; }' is not assignable to parameter of type '{ step: number; approver_role: any; level_name: string; approval_limit: any; department: any; plant: any; required: boolean; }'.
  Type '{ step: number; approver_role: any; level_name: string; approval_limit: any; required: true; }' is missing the following properties from type '{ step: number; approver_role: any; level_name: string; approval_limit: any; department: any; plant: any; required: boolean; }': department, plant
domains/approval/enhancedApprovalRepository.ts(197,48): error TS2339: Property 'object_category' does not exist on type '{ object_category: any; }[]'.
domains/approval/EnhancedApprovalService.ts(16,51): error TS2551: Property 'getObjectType' does not exist on type 'typeof ApprovalRepository'. Did you mean 'getObjectTypes'?
domains/approval/SAPAlignedApprovalService.ts(146,37): error TS2552: Cannot find name 'SAPWorkflowRepository'. Did you mean 'WorkflowRepository'?
domains/approval/SAPAlignedApprovalService.ts(152,27): error TS2552: Cannot find name 'SAPWorkflowRepository'. Did you mean 'WorkflowRepository'?
domains/approval/SAPAlignedApprovalService.ts(162,15): error TS2552: Cannot find name 'SAPWorkflowRepository'. Did you mean 'WorkflowRepository'?
domains/approval/SAPAlignedApprovalService.ts(213,29): error TS2304: Cannot find name 'SAPWorkflowRepository'.
domains/approval/SAPAlignedApprovalService.ts(233,35): error TS2304: Cannot find name 'SAPWorkflowRepository'.
domains/approval/SAPAlignedApprovalService.ts(255,36): error TS2304: Cannot find name 'SAPWorkflowRepository'.
domains/approval/SAPAlignedApprovalService.ts(270,31): error TS2552: Cannot find name 'SAPWorkflowRepository'. Did you mean 'WorkflowRepository'?
domains/approval/SAPAlignedApprovalService.ts(287,31): error TS2552: Cannot find name 'SAPWorkflowRepository'. Did you mean 'WorkflowRepository'?
domains/approval/SAPAlignedApprovalService.ts(309,34): error TS2304: Cannot find name 'SAPWorkflowRepository'.
domains/approval/SAPAlignedApprovalService.ts(334,35): error TS2304: Cannot find name 'SAPWorkflowRepository'.
domains/approval/SAPAlignedApprovalService.ts(362,37): error TS2304: Cannot find name 'SAPWorkflowRepository'.
domains/approval/SAPAlignedApprovalService.ts(370,27): error TS2304: Cannot find name 'SAPWorkflowRepository'.
domains/approval/SAPAlignedApprovalService.ts(375,15): error TS2304: Cannot find name 'SAPWorkflowRepository'.
domains/approval/SAPAlignedApprovalService.ts(382,15): error TS2304: Cannot find name 'SAPWorkflowRepository'.
domains/approval/SAPParallelApprovalService.ts(27,17): error TS2345: Argument of type 'string' is not assignable to parameter of type '("id" extends keyof (Omit<Database, "__InternalSupabase">[("public" extends Exclude<keyof Database, "__InternalSupabase"> ? "public" : string & Exclude<...>) extends "public" ? "public" & ("public" extends Exclude<...> ? "public" : string & Exclude<...>) : "public"] extends GenericSchema ? Omit<...>[("public" extend...'.
domains/approval/SAPParallelApprovalService.ts(33,8): error TS2769: No overload matches this call.
  Overload 1 of 2, '(values: (Omit<Database, "__InternalSupabase">[("public" extends Exclude<keyof Database, "__InternalSupabase"> ? "public" : string & Exclude<keyof Database, "__InternalSupabase">) extends "public" ? "public" & ("public" extends Exclude<...> ? "public" : string & Exclude<...>) : "public"] extends GenericSchema ? Omit<...>[("public" extends Exclude<...> ? "public" : string & Exclude<...>) extends "public" ? "public" & ("public" extends Exclude<...> ? "public" : string & Exclude<...>) : "public"] : never)["Tables"]["step_completion_status"] extends { ...; } ? (Omit<...>[("public" extends Exclude<...> ? "public" : string & Exclude<...>) extends "public" ? "public" & ("public" extends Exclude<...> ? "public" : string & Exclude<...>) : "public"] extends GenericSchema ? Omit<...>[("public" extends Exclude<...> ? "public" : string & Exclude<...>) extends "public" ? "public" & ("public" extends Exclude<...> ? "public" : string & Exclude<...>) : "public"] : never)["Tables"]["step_completion_status"]["Insert"] : never, options?: { ...; }): PostgrestFilterBuilder<...>', gave the following error.
    Argument of type '{ workflow_instance_id: string; workflow_step_id: any; step_sequence: any; total_agents: number; pending_count: number; completion_rule: any; min_approvals: any; }' is not assignable to parameter of type '(Omit<Database, "__InternalSupabase">[("public" extends Exclude<keyof Database, "__InternalSupabase"> ? "public" : string & Exclude<keyof Database, "__InternalSupabase">) extends "public" ? "public" & ("public" extends Exclude<...> ? "public" : string & Exclude<...>) : "public"] extends GenericSchema ? Omit<...>[("p...'.
  Overload 2 of 2, '(values: ((Omit<Database, "__InternalSupabase">[("public" extends Exclude<keyof Database, "__InternalSupabase"> ? "public" : string & Exclude<keyof Database, "__InternalSupabase">) extends "public" ? "public" & ("public" extends Exclude<...> ? "public" : string & Exclude<...>) : "public"] extends GenericSchema ? Omit<...>[("public" extends Exclude<...> ? "public" : string & Exclude<...>) extends "public" ? "public" & ("public" extends Exclude<...> ? "public" : string & Exclude<...>) : "public"] : never)["Tables"]["step_completion_status"] extends { ...; } ? (Omit<...>[("public" extends Exclude<...> ? "public" : string & Exclude<...>) extends "public" ? "public" & ("public" extends Exclude<...> ? "public" : string & Exclude<...>) : "public"] extends GenericSchema ? Omit<...>[("public" extends Exclude<...> ? "public" : string & Exclude<...>) extends "public" ? "public" & ("public" extends Exclude<...> ? "public" : string & Exclude<...>) : "public"] : never)["Tables"]["step_completion_status"]["Insert"] : never)[], options?: { ...; }): PostgrestFilterBuilder<...>', gave the following error.
    Object literal may only specify known properties, and 'workflow_instance_id' does not exist in type '((Omit<Database, "__InternalSupabase">[("public" extends Exclude<keyof Database, "__InternalSupabase"> ? "public" : string & Exclude<keyof Database, "__InternalSupabase">) extends "public" ? "public" & ("public" extends Exclude<...> ? "public" : string & Exclude<...>) : "public"] extends GenericSchema ? Omit<...>[("...'.
domains/approval/SAPParallelApprovalService.ts(46,32): error TS2339: Property 'resolveAgent' does not exist on type 'typeof SAPParallelApprovalService'.
domains/approval/SAPParallelApprovalService.ts(46,55): error TS2339: Property 'agent_rule' does not exist on type 'SelectQueryError<"Processing node failed."> | SelectQueryError<"Could not retrieve a valid record or error value">'.
  Property 'agent_rule' does not exist on type 'SelectQueryError<"Processing node failed.">'.
domains/approval/SAPParallelApprovalService.ts(51,12): error TS2769: No overload matches this call.
  Overload 1 of 2, '(values: (Omit<Database, "__InternalSupabase">[("public" extends Exclude<keyof Database, "__InternalSupabase"> ? "public" : string & Exclude<keyof Database, "__InternalSupabase">) extends "public" ? "public" & ("public" extends Exclude<...> ? "public" : string & Exclude<...>) : "public"] extends GenericSchema ? Omit<...>[("public" extends Exclude<...> ? "public" : string & Exclude<...>) extends "public" ? "public" & ("public" extends Exclude<...> ? "public" : string & Exclude<...>) : "public"] : never)["Tables"]["step_instances"] extends { ...; } ? (Omit<...>[("public" extends Exclude<...> ? "public" : string & Exclude<...>) extends "public" ? "public" & ("public" extends Exclude<...> ? "public" : string & Exclude<...>) : "public"] extends GenericSchema ? Omit<...>[("public" extends Exclude<...> ? "public" : string & Exclude<...>) extends "public" ? "public" & ("public" extends Exclude<...> ? "public" : string & Exclude<...>) : "public"] : never)["Tables"]["step_instances"]["Insert"] : never, options?: { ...; }): PostgrestFilterBuilder<...>', gave the following error.
    Argument of type '{ workflow_instance_id: string; workflow_step_id: any; step_agent_id: any; step_sequence: any; assigned_agent_id: any; assigned_agent_name: any; assigned_agent_role: any; status: string; timeout_at: string; }' is not assignable to parameter of type '(Omit<Database, "__InternalSupabase">[("public" extends Exclude<keyof Database, "__InternalSupabase"> ? "public" : string & Exclude<keyof Database, "__InternalSupabase">) extends "public" ? "public" & ("public" extends Exclude<...> ? "public" : string & Exclude<...>) : "public"] extends GenericSchema ? Omit<...>[("p...'.
  Overload 2 of 2, '(values: ((Omit<Database, "__InternalSupabase">[("public" extends Exclude<keyof Database, "__InternalSupabase"> ? "public" : string & Exclude<keyof Database, "__InternalSupabase">) extends "public" ? "public" & ("public" extends Exclude<...> ? "public" : string & Exclude<...>) : "public"] extends GenericSchema ? Omit<...>[("public" extends Exclude<...> ? "public" : string & Exclude<...>) extends "public" ? "public" & ("public" extends Exclude<...> ? "public" : string & Exclude<...>) : "public"] : never)["Tables"]["step_instances"] extends { ...; } ? (Omit<...>[("public" extends Exclude<...> ? "public" : string & Exclude<...>) extends "public" ? "public" & ("public" extends Exclude<...> ? "public" : string & Exclude<...>) : "public"] extends GenericSchema ? Omit<...>[("public" extends Exclude<...> ? "public" : string & Exclude<...>) extends "public" ? "public" & ("public" extends Exclude<...> ? "public" : string & Exclude<...>) : "public"] : never)["Tables"]["step_instances"]["Insert"] : never)[], options?: { ...; }): PostgrestFilterBuilder<...>', gave the following error.
    Object literal may only specify known properties, and 'workflow_instance_id' does not exist in type '((Omit<Database, "__InternalSupabase">[("public" extends Exclude<keyof Database, "__InternalSupabase"> ? "public" : string & Exclude<keyof Database, "__InternalSupabase">) extends "public" ? "public" & ("public" extends Exclude<...> ? "public" : string & Exclude<...>) : "public"] extends GenericSchema ? Omit<...>[("...'.
domains/approval/SAPParallelApprovalService.ts(54,38): error TS2339: Property 'id' does not exist on type 'SelectQueryError<"Processing node failed."> | SelectQueryError<"Could not retrieve a valid record or error value">'.
  Property 'id' does not exist on type 'SelectQueryError<"Processing node failed.">'.
domains/approval/SAPParallelApprovalService.ts(66,28): error TS2339: Property 'is_required' does not exist on type 'SelectQueryError<"Processing node failed."> | SelectQueryError<"Could not retrieve a valid record or error value">'.
  Property 'is_required' does not exist on type 'SelectQueryError<"Processing node failed.">'.
domains/approval/SAPParallelApprovalService.ts(67,69): error TS2339: Property 'agent_rule' does not exist on type 'SelectQueryError<"Processing node failed."> | SelectQueryError<"Could not retrieve a valid record or error value">'.
  Property 'agent_rule' does not exist on type 'SelectQueryError<"Processing node failed.">'.
domains/approval/SAPParallelApprovalService.ts(82,17): error TS2345: Argument of type '{ status: string; decision: "APPROVE" | "REJECT" | "RETURN"; comments: string; decided_at: string; }' is not assignable to parameter of type '(Omit<Database, "__InternalSupabase">[("public" extends Exclude<keyof Database, "__InternalSupabase"> ? "public" : string & Exclude<keyof Database, "__InternalSupabase">) extends "public" ? "public" & ("public" extends Exclude<...> ? "public" : string & Exclude<...>) : "public"] extends GenericSchema ? Omit<...>[("p...'.
domains/approval/SAPParallelApprovalService.ts(88,19): error TS2345: Argument of type 'string' is not assignable to parameter of type '("id" extends keyof (Omit<Database, "__InternalSupabase">[("public" extends Exclude<keyof Database, "__InternalSupabase"> ? "public" : string & Exclude<...>) extends "public" ? "public" & ("public" extends Exclude<...> ? "public" : string & Exclude<...>) : "public"] extends GenericSchema ? Omit<...>[("public" extend...'.
domains/approval/SAPParallelApprovalService.ts(96,22): error TS2339: Property 'workflow_instance_id' does not exist on type 'SelectQueryError<"Processing node failed."> | SelectQueryError<"Could not retrieve a valid record or error value"> | { workflow_instance_id: any; workflow_step_id: any; step_sequence: any; }'.
  Property 'workflow_instance_id' does not exist on type 'SelectQueryError<"Processing node failed.">'.
domains/approval/SAPParallelApprovalService.ts(97,22): error TS2339: Property 'workflow_step_id' does not exist on type 'SelectQueryError<"Processing node failed."> | SelectQueryError<"Could not retrieve a valid record or error value"> | { workflow_instance_id: any; workflow_step_id: any; step_sequence: any; }'.
  Property 'workflow_step_id' does not exist on type 'SelectQueryError<"Processing node failed.">'.
domains/approval/SAPParallelApprovalService.ts(98,22): error TS2339: Property 'step_sequence' does not exist on type 'SelectQueryError<"Processing node failed."> | SelectQueryError<"Could not retrieve a valid record or error value"> | { workflow_instance_id: any; workflow_step_id: any; step_sequence: any; }'.
  Property 'step_sequence' does not exist on type 'SelectQueryError<"Processing node failed.">'.
domains/approval/SAPParallelApprovalService.ts(122,13): error TS2339: Property 'approved_count' does not exist on type 'String'.
domains/approval/SAPParallelApprovalService.ts(122,29): error TS2339: Property 'rejected_count' does not exist on type 'String'.
domains/approval/SAPParallelApprovalService.ts(122,45): error TS2339: Property 'pending_count' does not exist on type 'String'.
domains/approval/SAPParallelApprovalService.ts(122,60): error TS2339: Property 'total_agents' does not exist on type 'String'.
domains/approval/SAPParallelApprovalService.ts(128,35): error TS2345: Argument of type 'string' is not assignable to parameter of type '("workflow_instance_id" extends keyof (Omit<Database, "__InternalSupabase">[("public" extends Exclude<keyof Database, "__InternalSupabase"> ? "public" : string & Exclude<...>) extends "public" ? "public" & ("public" extends Exclude<...> ? "public" : string & Exclude<...>) : "public"] extends GenericSchema ? Omit<......'.
domains/approval/SAPParallelApprovalService.ts(129,31): error TS2345: Argument of type 'string' is not assignable to parameter of type '("workflow_step_id" extends keyof (Omit<Database, "__InternalSupabase">[("public" extends Exclude<keyof Database, "__InternalSupabase"> ? "public" : string & Exclude<...>) extends "public" ? "public" & ("public" extends Exclude<...> ? "public" : string & Exclude<...>) : "public"] extends GenericSchema ? Omit<...>[("...'.
domains/approval/SAPParallelApprovalService.ts(134,13): error TS2339: Property 'completion_rule' does not exist on type 'SelectQueryError<"Processing node failed."> | SelectQueryError<"Could not retrieve a valid record or error value"> | { completion_rule: any; min_approvals: any; }'.
domains/approval/SAPParallelApprovalService.ts(134,30): error TS2339: Property 'min_approvals' does not exist on type 'SelectQueryError<"Processing node failed."> | SelectQueryError<"Could not retrieve a valid record or error value"> | { completion_rule: any; min_approvals: any; }'.
domains/approval/SAPParallelApprovalService.ts(139,15): error TS2345: Argument of type '{ approved_count: any; rejected_count: any; pending_count: any; }' is not assignable to parameter of type '(Omit<Database, "__InternalSupabase">[("public" extends Exclude<keyof Database, "__InternalSupabase"> ? "public" : string & Exclude<keyof Database, "__InternalSupabase">) extends "public" ? "public" & ("public" extends Exclude<...> ? "public" : string & Exclude<...>) : "public"] extends GenericSchema ? Omit<...>[("p...'.
domains/approval/SAPParallelApprovalService.ts(144,35): error TS2345: Argument of type 'string' is not assignable to parameter of type '("workflow_instance_id" extends keyof (Omit<Database, "__InternalSupabase">[("public" extends Exclude<keyof Database, "__InternalSupabase"> ? "public" : string & Exclude<...>) extends "public" ? "public" & ("public" extends Exclude<...> ? "public" : string & Exclude<...>) : "public"] extends GenericSchema ? Omit<......'.
domains/approval/SAPParallelApprovalService.ts(145,31): error TS2345: Argument of type 'string' is not assignable to parameter of type '("workflow_step_id" extends keyof (Omit<Database, "__InternalSupabase">[("public" extends Exclude<keyof Database, "__InternalSupabase"> ? "public" : string & Exclude<...>) extends "public" ? "public" & ("public" extends Exclude<...> ? "public" : string & Exclude<...>) : "public"] extends GenericSchema ? Omit<...>[("...'.
domains/approval/SAPParallelApprovalService.ts(191,17): error TS2345: Argument of type '{ is_completed: true; completed_at: string; }' is not assignable to parameter of type '(Omit<Database, "__InternalSupabase">[("public" extends Exclude<keyof Database, "__InternalSupabase"> ? "public" : string & Exclude<keyof Database, "__InternalSupabase">) extends "public" ? "public" & ("public" extends Exclude<...> ? "public" : string & Exclude<...>) : "public"] extends GenericSchema ? Omit<...>[("p...'.
domains/approval/SAPParallelApprovalService.ts(195,37): error TS2345: Argument of type 'string' is not assignable to parameter of type '("workflow_instance_id" extends keyof (Omit<Database, "__InternalSupabase">[("public" extends Exclude<keyof Database, "__InternalSupabase"> ? "public" : string & Exclude<...>) extends "public" ? "public" & ("public" extends Exclude<...> ? "public" : string & Exclude<...>) : "public"] extends GenericSchema ? Omit<......'.
domains/approval/SAPParallelApprovalService.ts(196,33): error TS2345: Argument of type 'string' is not assignable to parameter of type '("workflow_step_id" extends keyof (Omit<Database, "__InternalSupabase">[("public" extends Exclude<keyof Database, "__InternalSupabase"> ? "public" : string & Exclude<...>) extends "public" ? "public" & ("public" extends Exclude<...> ? "public" : string & Exclude<...>) : "public"] extends GenericSchema ? Omit<...>[("...'.
domains/approval/SAPParallelApprovalService.ts(202,19): error TS2345: Argument of type '{ status: string; }' is not assignable to parameter of type '(Omit<Database, "__InternalSupabase">[("public" extends Exclude<keyof Database, "__InternalSupabase"> ? "public" : string & Exclude<keyof Database, "__InternalSupabase">) extends "public" ? "public" & ("public" extends Exclude<...> ? "public" : string & Exclude<...>) : "public"] extends GenericSchema ? Omit<...>[("p...'.
domains/approval/SAPParallelApprovalService.ts(203,39): error TS2345: Argument of type 'string' is not assignable to parameter of type '("workflow_instance_id" extends keyof (Omit<Database, "__InternalSupabase">[("public" extends Exclude<keyof Database, "__InternalSupabase"> ? "public" : string & Exclude<...>) extends "public" ? "public" & ("public" extends Exclude<...> ? "public" : string & Exclude<...>) : "public"] extends GenericSchema ? Omit<......'.
domains/approval/SAPParallelApprovalService.ts(204,35): error TS2345: Argument of type 'string' is not assignable to parameter of type '("workflow_step_id" extends keyof (Omit<Database, "__InternalSupabase">[("public" extends Exclude<keyof Database, "__InternalSupabase"> ? "public" : string & Exclude<...>) extends "public" ? "public" & ("public" extends Exclude<...> ? "public" : string & Exclude<...>) : "public"] extends GenericSchema ? Omit<...>[("...'.
domains/approval/SAPParallelApprovalService.ts(205,25): error TS2345: Argument of type 'string' is not assignable to parameter of type '("status" extends keyof (Omit<Database, "__InternalSupabase">[("public" extends Exclude<keyof Database, "__InternalSupabase"> ? "public" : string & Exclude<...>) extends "public" ? "public" & ("public" extends Exclude<...> ? "public" : string & Exclude<...>) : "public"] extends GenericSchema ? Omit<...>[("public" ex...'.
domains/approval/SAPParallelApprovalService.ts(212,19): error TS2345: Argument of type '{ current_step_sequence: number; }' is not assignable to parameter of type '(Omit<Database, "__InternalSupabase">[("public" extends Exclude<keyof Database, "__InternalSupabase"> ? "public" : string & Exclude<keyof Database, "__InternalSupabase">) extends "public" ? "public" & ("public" extends Exclude<...> ? "public" : string & Exclude<...>) : "public"] extends GenericSchema ? Omit<...>[("p...'.
domains/approval/SAPParallelApprovalService.ts(213,21): error TS2345: Argument of type 'string' is not assignable to parameter of type '("id" extends keyof (Omit<Database, "__InternalSupabase">[("public" extends Exclude<keyof Database, "__InternalSupabase"> ? "public" : string & Exclude<...>) extends "public" ? "public" & ("public" extends Exclude<...> ? "public" : string & Exclude<...>) : "public"] extends GenericSchema ? Omit<...>[("public" extend...'.
domains/approval/SAPParallelApprovalService.ts(216,20): error TS2339: Property 'initializeNextStep' does not exist on type 'typeof SAPParallelApprovalService'.
domains/approval/SAPParallelApprovalService.ts(221,19): error TS2345: Argument of type '{ status: string; completed_at: string; }' is not assignable to parameter of type '(Omit<Database, "__InternalSupabase">[("public" extends Exclude<keyof Database, "__InternalSupabase"> ? "public" : string & Exclude<keyof Database, "__InternalSupabase">) extends "public" ? "public" & ("public" extends Exclude<...> ? "public" : string & Exclude<...>) : "public"] extends GenericSchema ? Omit<...>[("p...'.
domains/approval/SAPParallelApprovalService.ts(225,21): error TS2345: Argument of type 'string' is not assignable to parameter of type '("id" extends keyof (Omit<Database, "__InternalSupabase">[("public" extends Exclude<keyof Database, "__InternalSupabase"> ? "public" : string & Exclude<...>) extends "public" ? "public" & ("public" extends Exclude<...> ? "public" : string & Exclude<...>) : "public"] extends GenericSchema ? Omit<...>[("public" extend...'.
domains/approval/SAPParallelApprovalService.ts(244,35): error TS2345: Argument of type 'string' is not assignable to parameter of type '("workflow_instance_id" extends keyof (Omit<Database, "__InternalSupabase">[("public" extends Exclude<keyof Database, "__InternalSupabase"> ? "public" : string & Exclude<...>) extends "public" ? "public" & ("public" extends Exclude<...> ? "public" : string & Exclude<...>) : "public"] extends GenericSchema ? Omit<......'.
domains/approval/SAPParallelApprovalService.ts(245,28): error TS2345: Argument of type 'number' is not assignable to parameter of type '("step_sequence" extends keyof (Omit<Database, "__InternalSupabase">[("public" extends Exclude<keyof Database, "__InternalSupabase"> ? "public" : string & Exclude<...>) extends "public" ? "public" & ("public" extends Exclude<...> ? "public" : string & Exclude<...>) : "public"] extends GenericSchema ? Omit<...>[("pub...'.
domains/approval/SAPParallelApprovalService.ts(258,32): error TS2345: Argument of type 'string' is not assignable to parameter of type '("assigned_agent_id" extends keyof (Omit<Database, "__InternalSupabase">[("public" extends Exclude<keyof Database, "__InternalSupabase"> ? "public" : string & Exclude<...>) extends "public" ? "public" & ("public" extends Exclude<...> ? "public" : string & Exclude<...>) : "public"] extends GenericSchema ? Omit<...>[(...'.
domains/approval/SAPParallelApprovalService.ts(259,21): error TS2345: Argument of type 'string' is not assignable to parameter of type '("status" extends keyof (Omit<Database, "__InternalSupabase">[("public" extends Exclude<keyof Database, "__InternalSupabase"> ? "public" : string & Exclude<...>) extends "public" ? "public" & ("public" extends Exclude<...> ? "public" : string & Exclude<...>) : "public"] extends GenericSchema ? Omit<...>[("public" ex...'.
domains/approval/SAPParallelApprovalService.ts(264,33): error TS2339: Property 'workflow_instances' does not exist on type 'SelectQueryError<"Processing node failed."> | SelectQueryError<"Could not retrieve a valid record or error value"> | { status: any; workflow_instances: { ...; }[]; } | { [K in keyof (FindDuplicatesWithinDeduplicated<...> extends infer Duplicates ? Duplicates extends never ? false : Duplicates extends { ...; } ? Fiel...'.
  Property 'workflow_instances' does not exist on type 'SelectQueryError<"Processing node failed.">'.
domains/approval/SAPParallelApprovalService.ts(291,35): error TS2345: Argument of type 'string' is not assignable to parameter of type '("workflow_instance_id" extends keyof (Omit<Database, "__InternalSupabase">[("public" extends Exclude<keyof Database, "__InternalSupabase"> ? "public" : string & Exclude<...>) extends "public" ? "public" & ("public" extends Exclude<...> ? "public" : string & Exclude<...>) : "public"] extends GenericSchema ? Omit<......'.
domains/approval/SAPParallelApprovalService.ts(292,28): error TS2345: Argument of type 'number' is not assignable to parameter of type '("step_sequence" extends keyof (Omit<Database, "__InternalSupabase">[("public" extends Exclude<keyof Database, "__InternalSupabase"> ? "public" : string & Exclude<...>) extends "public" ? "public" & ("public" extends Exclude<...> ? "public" : string & Exclude<...>) : "public"] extends GenericSchema ? Omit<...>[("pub...'.
domains/approval/SAPParallelApprovalService.ts(293,21): error TS2345: Argument of type 'string' is not assignable to parameter of type '("status" extends keyof (Omit<Database, "__InternalSupabase">[("public" extends Exclude<keyof Database, "__InternalSupabase"> ? "public" : string & Exclude<...>) extends "public" ? "public" & ("public" extends Exclude<...> ? "public" : string & Exclude<...>) : "public"] extends GenericSchema ? Omit<...>[("public" ex...'.
domains/approval/SAPParallelApprovalService.ts(299,17): error TS2345: Argument of type '{ status: string; comments: string; decided_at: string; }' is not assignable to parameter of type '(Omit<Database, "__InternalSupabase">[("public" extends Exclude<keyof Database, "__InternalSupabase"> ? "public" : string & Exclude<keyof Database, "__InternalSupabase">) extends "public" ? "public" & ("public" extends Exclude<...> ? "public" : string & Exclude<...>) : "public"] extends GenericSchema ? Omit<...>[("p...'.
domains/approval/SAPParallelApprovalService.ts(304,28): error TS2339: Property 'id' does not exist on type 'SelectQueryError<"Processing node failed."> | SelectQueryError<"Could not retrieve a valid record or error value">'.
  Property 'id' does not exist on type 'SelectQueryError<"Processing node failed.">'.
domains/controlling/controllingServices.ts(7,6): error TS2339: Property 'from' does not exist on type 'Promise<SupabaseClient<Database, "public" extends Exclude<keyof Database, "__InternalSupabase"> ? "public" : string & Exclude<keyof Database, "__InternalSupabase">, ("public" extends Exclude<...> ? "public" : string & Exclude<...>) extends "public" ? "public" & ("public" extends Exclude<...> ? "public" : string & Ex...'.
domains/controlling/controllingServices.ts(22,6): error TS2339: Property 'from' does not exist on type 'Promise<SupabaseClient<Database, "public" extends Exclude<keyof Database, "__InternalSupabase"> ? "public" : string & Exclude<keyof Database, "__InternalSupabase">, ("public" extends Exclude<...> ? "public" : string & Exclude<...>) extends "public" ? "public" & ("public" extends Exclude<...> ? "public" : string & Ex...'.
domains/controlling/controllingServices.ts(35,6): error TS2339: Property 'from' does not exist on type 'Promise<SupabaseClient<Database, "public" extends Exclude<keyof Database, "__InternalSupabase"> ? "public" : string & Exclude<keyof Database, "__InternalSupabase">, ("public" extends Exclude<...> ? "public" : string & Exclude<...>) extends "public" ? "public" & ("public" extends Exclude<...> ? "public" : string & Ex...'.
domains/currency/consolidationService.ts(38,6): error TS2339: Property 'from' does not exist on type 'Promise<SupabaseClient<Database, "public" extends Exclude<keyof Database, "__InternalSupabase"> ? "public" : string & Exclude<keyof Database, "__InternalSupabase">, ("public" extends Exclude<...> ? "public" : string & Exclude<...>) extends "public" ? "public" & ("public" extends Exclude<...> ? "public" : string & Ex...'.
domains/currency/consolidationService.ts(48,6): error TS2339: Property 'from' does not exist on type 'Promise<SupabaseClient<Database, "public" extends Exclude<keyof Database, "__InternalSupabase"> ? "public" : string & Exclude<keyof Database, "__InternalSupabase">, ("public" extends Exclude<...> ? "public" : string & Exclude<...>) extends "public" ? "public" & ("public" extends Exclude<...> ? "public" : string & Ex...'.
domains/currency/consolidationService.ts(74,10): error TS2339: Property 'from' does not exist on type 'Promise<SupabaseClient<Database, "public" extends Exclude<keyof Database, "__InternalSupabase"> ? "public" : string & Exclude<keyof Database, "__InternalSupabase">, ("public" extends Exclude<...> ? "public" : string & Exclude<...>) extends "public" ? "public" & ("public" extends Exclude<...> ? "public" : string & Ex...'.
domains/currency/consolidationService.ts(141,10): error TS2339: Property 'from' does not exist on type 'Promise<SupabaseClient<Database, "public" extends Exclude<keyof Database, "__InternalSupabase"> ? "public" : string & Exclude<keyof Database, "__InternalSupabase">, ("public" extends Exclude<...> ? "public" : string & Exclude<...>) extends "public" ? "public" & ("public" extends Exclude<...> ? "public" : string & Ex...'.
domains/currency/consolidationService.ts(150,10): error TS2339: Property 'from' does not exist on type 'Promise<SupabaseClient<Database, "public" extends Exclude<keyof Database, "__InternalSupabase"> ? "public" : string & Exclude<keyof Database, "__InternalSupabase">, ("public" extends Exclude<...> ? "public" : string & Exclude<...>) extends "public" ? "public" & ("public" extends Exclude<...> ? "public" : string & Ex...'.
domains/currency/currencyService.ts(37,6): error TS2339: Property 'from' does not exist on type 'Promise<SupabaseClient<Database, "public" extends Exclude<keyof Database, "__InternalSupabase"> ? "public" : string & Exclude<keyof Database, "__InternalSupabase">, ("public" extends Exclude<...> ? "public" : string & Exclude<...>) extends "public" ? "public" & ("public" extends Exclude<...> ? "public" : string & Ex...'.
domains/currency/currencyService.ts(62,6): error TS2339: Property 'from' does not exist on type 'Promise<SupabaseClient<Database, "public" extends Exclude<keyof Database, "__InternalSupabase"> ? "public" : string & Exclude<keyof Database, "__InternalSupabase">, ("public" extends Exclude<...> ? "public" : string & Exclude<...>) extends "public" ? "public" & ("public" extends Exclude<...> ? "public" : string & Ex...'.
domains/currency/currencyService.ts(75,6): error TS2339: Property 'from' does not exist on type 'Promise<SupabaseClient<Database, "public" extends Exclude<keyof Database, "__InternalSupabase"> ? "public" : string & Exclude<keyof Database, "__InternalSupabase">, ("public" extends Exclude<...> ? "public" : string & Exclude<...>) extends "public" ? "public" & ("public" extends Exclude<...> ? "public" : string & Ex...'.
domains/currency/currencyService.ts(117,6): error TS2339: Property 'from' does not exist on type 'Promise<SupabaseClient<Database, "public" extends Exclude<keyof Database, "__InternalSupabase"> ? "public" : string & Exclude<keyof Database, "__InternalSupabase">, ("public" extends Exclude<...> ? "public" : string & Exclude<...>) extends "public" ? "public" & ("public" extends Exclude<...> ? "public" : string & Ex...'.
domains/currency/currencyService.ts(130,6): error TS2339: Property 'from' does not exist on type 'Promise<SupabaseClient<Database, "public" extends Exclude<keyof Database, "__InternalSupabase"> ? "public" : string & Exclude<keyof Database, "__InternalSupabase">, ("public" extends Exclude<...> ? "public" : string & Exclude<...>) extends "public" ? "public" & ("public" extends Exclude<...> ? "public" : string & Ex...'.
domains/currency/currencyService.ts(157,6): error TS2339: Property 'from' does not exist on type 'Promise<SupabaseClient<Database, "public" extends Exclude<keyof Database, "__InternalSupabase"> ? "public" : string & Exclude<keyof Database, "__InternalSupabase">, ("public" extends Exclude<...> ? "public" : string & Exclude<...>) extends "public" ? "public" & ("public" extends Exclude<...> ? "public" : string & Ex...'.
domains/currency/currencyService.ts(199,36): error TS2339: Property 'rpc' does not exist on type 'Promise<SupabaseClient<Database, "public" extends Exclude<keyof Database, "__InternalSupabase"> ? "public" : string & Exclude<keyof Database, "__InternalSupabase">, ("public" extends Exclude<...> ? "public" : string & Exclude<...>) extends "public" ? "public" & ("public" extends Exclude<...> ? "public" : string & Ex...'.
domains/finance/createGLPosting.ts(39,6): error TS2339: Property 'from' does not exist on type 'Promise<SupabaseClient<Database, "public" extends Exclude<keyof Database, "__InternalSupabase"> ? "public" : string & Exclude<keyof Database, "__InternalSupabase">, ("public" extends Exclude<...> ? "public" : string & Exclude<...>) extends "public" ? "public" & ("public" extends Exclude<...> ? "public" : string & Ex...'.
domains/finance/createGLPosting.ts(68,8): error TS2339: Property 'from' does not exist on type 'Promise<SupabaseClient<Database, "public" extends Exclude<keyof Database, "__InternalSupabase"> ? "public" : string & Exclude<keyof Database, "__InternalSupabase">, ("public" extends Exclude<...> ? "public" : string & Exclude<...>) extends "public" ? "public" & ("public" extends Exclude<...> ? "public" : string & Ex...'.
domains/finance/createGLPosting.ts(81,6): error TS2339: Property 'from' does not exist on type 'Promise<SupabaseClient<Database, "public" extends Exclude<keyof Database, "__InternalSupabase"> ? "public" : string & Exclude<keyof Database, "__InternalSupabase">, ("public" extends Exclude<...> ? "public" : string & Exclude<...>) extends "public" ? "public" & ("public" extends Exclude<...> ? "public" : string & Ex...'.
domains/finance/EnhancedNumberRangeService.ts(26,44): error TS2339: Property 'getNextNumberWithTenant' does not exist on type 'NumberRangeRepository'.
domains/finance/EnhancedNumberRangeService.ts(43,28): error TS2339: Property 'validateUserCompanyAccess' does not exist on type 'NumberRangeRepository'.
domains/finance/financeRepository.ts(152,50): error TS2339: Property 'debit_amount' does not exist on type 'GLEntry'.
domains/finance/financeRepository.ts(153,70): error TS2339: Property 'debit_amount' does not exist on type 'GLEntry'.
domains/finance/financeRepository.ts(153,95): error TS2339: Property 'credit_amount' does not exist on type 'GLEntry'.
domains/finance/ModernFinanceEngine.ts(80,23): error TS2304: Cannot find name 'FinanceEngineRepository'.
domains/finance/ModernFinanceEngine.ts(83,27): error TS2304: Cannot find name 'FinanceEngineRepository'.
domains/inventory/inventoryServices.ts(16,42): error TS2339: Property 'rpc' does not exist on type 'Promise<SupabaseClient<Database, "public" extends Exclude<keyof Database, "__InternalSupabase"> ? "public" : string & Exclude<keyof Database, "__InternalSupabase">, ("public" extends Exclude<...> ? "public" : string & Exclude<...>) extends "public" ? "public" & ("public" extends Exclude<...> ? "public" : string & Ex...'.
domains/inventory/inventoryServices.ts(34,42): error TS2339: Property 'rpc' does not exist on type 'Promise<SupabaseClient<Database, "public" extends Exclude<keyof Database, "__InternalSupabase"> ? "public" : string & Exclude<keyof Database, "__InternalSupabase">, ("public" extends Exclude<...> ? "public" : string & Exclude<...>) extends "public" ? "public" & ("public" extends Exclude<...> ? "public" : string & Ex...'.
domains/materials/flexibleApprovalService.ts(54,31): error TS2322: Type '{ created_at: string; created_by: string; customer_type: string; description: string; id: string; industry_type: string; is_active: boolean; is_public: boolean; template_name: string; tenant_id: string; updated_at: string; usage_count: number; }[]' is not assignable to type 'ApprovalTemplate[]'.
  Type '{ created_at: string; created_by: string; customer_type: string; description: string; id: string; industry_type: string; is_active: boolean; is_public: boolean; template_name: string; tenant_id: string; updated_at: string; usage_count: number; }' is missing the following properties from type 'ApprovalTemplate': template_description, template_levels
domains/materials/flexibleApprovalService.ts(98,31): error TS2322: Type '{ amount_threshold_max: number; amount_threshold_min: number; approval_type: string; approver_role: string; approver_user_id: string; can_delegate: boolean; created_at: string; customer_id: string; ... 13 more ...; updated_at: string; }[]' is not assignable to type 'ApprovalLevel[]'.
  Type '{ amount_threshold_max: number; amount_threshold_min: number; approval_type: string; approver_role: string; approver_user_id: string; can_delegate: boolean; created_at: string; customer_id: string; ... 13 more ...; updated_at: string; }' is missing the following properties from type 'ApprovalLevel': is_mandatory, timeout_hours
domains/materials/flexibleApprovalService.ts(112,55): error TS2345: Argument of type '"create_custom_approval_level"' is not assignable to parameter of type '"allocate_indirect_costs" | "analyze_resource_planning_performance" | "apply_approval_template" | "assign_all_objects_to_role" | "assign_cascading_authorization" | "assign_role_authorizations" | ... 62 more ... | "validate_data_integrity"'.
domains/materials/flexibleApprovalService.ts(152,31): error TS2322: Type '{ approval_type: string; approver_role: string; is_required: boolean; level_name: string; level_number: number; }[]' is not assignable to type 'ApprovalPath[]'.
  Property 'timeout_hours' is missing in type '{ approval_type: string; approver_role: string; is_required: boolean; level_name: string; level_number: number; }' but required in type 'ApprovalPath'.
domains/materials/flexibleApprovalService.ts(196,37): error TS2589: Type instantiation is excessively deep and possibly infinite.
domains/materials/flexibleApprovalService.ts(196,37): error TS2589: Type instantiation is excessively deep and possibly infinite.
domains/materials/flexibleApprovalService.ts(197,15): error TS2769: No overload matches this call.
  Overload 1 of 2, '(relation: "projects" | "tasks" | "purchase_orders" | "goods_receipts" | "stores" | "vendors" | "employees" | "users" | "equipment" | "tenants" | "account_keys" | "company_codes" | ... 160 more ... | "workflow_start_conditions"): PostgrestQueryBuilder<...>', gave the following error.
    Argument of type '"customer_approval_summary"' is not assignable to parameter of type '"projects" | "tasks" | "purchase_orders" | "goods_receipts" | "stores" | "vendors" | "employees" | "users" | "equipment" | "tenants" | "account_keys" | "company_codes" | "chart_of_accounts" | ... 159 more ... | "workflow_start_conditions"'.
  Overload 2 of 2, '(relation: "v_companies_with_names" | "activity_variance" | "mv_approval_field_cache" | "material_master_view" | "global_materials" | "project_materials" | "authorization_monitoring" | ... 4 more ... | "v_number_range_health"): PostgrestQueryBuilder<...>', gave the following error.
    Argument of type '"customer_approval_summary"' is not assignable to parameter of type '"v_companies_with_names" | "activity_variance" | "mv_approval_field_cache" | "material_master_view" | "global_materials" | "project_materials" | "authorization_monitoring" | ... 4 more ... | "v_number_range_health"'.
domains/materials/materialMasterService.ts(46,13): error TS2769: No overload matches this call.
  Overload 1 of 2, '(values: (Omit<Database, "__InternalSupabase">[("public" extends Exclude<keyof Database, "__InternalSupabase"> ? "public" : string & Exclude<keyof Database, "__InternalSupabase">) extends "public" ? "public" & ("public" extends Exclude<...> ? "public" : string & Exclude<...>) : "public"] extends GenericSchema ? Omit<...>[("public" extends Exclude<...> ? "public" : string & Exclude<...>) extends "public" ? "public" & ("public" extends Exclude<...> ? "public" : string & Exclude<...>) : "public"] : never)["Tables"]["materials"] extends { ...; } ? (Omit<...>[("public" extends Exclude<...> ? "public" : string & Exclude<...>) extends "public" ? "public" & ("public" extends Exclude<...> ? "public" : string & Exclude<...>) : "public"] extends GenericSchema ? Omit<...>[("public" extends Exclude<...> ? "public" : string & Exclude<...>) extends "public" ? "public" & ("public" extends Exclude<...> ? "public" : string & Exclude<...>) : "public"] : never)["Tables"]["materials"]["Insert"] : never, options?: { ...; }): PostgrestFilterBuilder<...>', gave the following error.
    Argument of type 'MaterialMaster' is not assignable to parameter of type '(Omit<Database, "__InternalSupabase">[("public" extends Exclude<keyof Database, "__InternalSupabase"> ? "public" : string & Exclude<keyof Database, "__InternalSupabase">) extends "public" ? "public" & ("public" extends Exclude<...> ? "public" : string & Exclude<...>) : "public"] extends GenericSchema ? Omit<...>[("p...'.
  Overload 2 of 2, '(values: ((Omit<Database, "__InternalSupabase">[("public" extends Exclude<keyof Database, "__InternalSupabase"> ? "public" : string & Exclude<keyof Database, "__InternalSupabase">) extends "public" ? "public" & ("public" extends Exclude<...> ? "public" : string & Exclude<...>) : "public"] extends GenericSchema ? Omit<...>[("public" extends Exclude<...> ? "public" : string & Exclude<...>) extends "public" ? "public" & ("public" extends Exclude<...> ? "public" : string & Exclude<...>) : "public"] : never)["Tables"]["materials"] extends { ...; } ? (Omit<...>[("public" extends Exclude<...> ? "public" : string & Exclude<...>) extends "public" ? "public" & ("public" extends Exclude<...> ? "public" : string & Exclude<...>) : "public"] extends GenericSchema ? Omit<...>[("public" extends Exclude<...> ? "public" : string & Exclude<...>) extends "public" ? "public" & ("public" extends Exclude<...> ? "public" : string & Exclude<...>) : "public"] : never)["Tables"]["materials"]["Insert"] : never)[], options?: { ...; }): PostgrestFilterBuilder<...>', gave the following error.
    Argument of type 'MaterialMaster' is not assignable to parameter of type '((Omit<Database, "__InternalSupabase">[("public" extends Exclude<keyof Database, "__InternalSupabase"> ? "public" : string & Exclude<keyof Database, "__InternalSupabase">) extends "public" ? "public" & ("public" extends Exclude<...> ? "public" : string & Exclude<...>) : "public"] extends GenericSchema ? Omit<...>[("...'.
      Type 'MaterialMaster' is missing the following properties from type '((Omit<Database, "__InternalSupabase">[("public" extends Exclude<keyof Database, "__InternalSupabase"> ? "public" : string & Exclude<keyof Database, "__InternalSupabase">) extends "public" ? "public" & ("public" extends Exclude<...> ? "public" : string & Exclude<...>) : "public"] extends GenericSchema ? Omit<...>[("...': length, pop, push, concat, and 35 more.
domains/materials/materialMasterService.ts(61,22): error TS2345: Argument of type 'boolean' is not assignable to parameter of type '("is_active" extends keyof (Omit<Database, "__InternalSupabase">[("public" extends Exclude<keyof Database, "__InternalSupabase"> ? "public" : string & Exclude<...>) extends "public" ? "public" & ("public" extends Exclude<...> ? "public" : string & Exclude<...>) : "public"] extends GenericSchema ? Omit<...>[("public"...'.
domains/materials/materialMasterService.ts(65,39): error TS2345: Argument of type 'string' is not assignable to parameter of type '("material_code" extends keyof (Omit<Database, "__InternalSupabase">[("public" extends Exclude<keyof Database, "__InternalSupabase"> ? "public" : string & Exclude<...>) extends "public" ? "public" & ("public" extends Exclude<...> ? "public" : string & Exclude<...>) : "public"] extends GenericSchema ? Omit<...>[("pub...'.
domains/materials/materialMasterService.ts(74,36): error TS2345: Argument of type 'string' is not assignable to parameter of type '("category" extends keyof (Omit<Database, "__InternalSupabase">[("public" extends Exclude<keyof Database, "__InternalSupabase"> ? "public" : string & Exclude<...>) extends "public" ? "public" & ("public" extends Exclude<...> ? "public" : string & Exclude<...>) : "public"] extends GenericSchema ? Omit<...>[("public" ...'.
domains/materials/materialMasterService.ts(78,41): error TS2345: Argument of type 'string' is not assignable to parameter of type '("material_type" extends keyof (Omit<Database, "__InternalSupabase">[("public" extends Exclude<keyof Database, "__InternalSupabase"> ? "public" : string & Exclude<...>) extends "public" ? "public" & ("public" extends Exclude<...> ? "public" : string & Exclude<...>) : "public"] extends GenericSchema ? Omit<...>[("pub...'.
domains/materials/materialMasterService.ts(92,13): error TS2345: Argument of type 'Partial<MaterialMaster>' is not assignable to parameter of type '(Omit<Database, "__InternalSupabase">[("public" extends Exclude<keyof Database, "__InternalSupabase"> ? "public" : string & Exclude<keyof Database, "__InternalSupabase">) extends "public" ? "public" & ("public" extends Exclude<...> ? "public" : string & Exclude<...>) : "public"] extends GenericSchema ? Omit<...>[("p...'.
domains/materials/materialMasterService.ts(93,26): error TS2345: Argument of type 'string' is not assignable to parameter of type '("material_code" extends keyof (Omit<Database, "__InternalSupabase">[("public" extends Exclude<keyof Database, "__InternalSupabase"> ? "public" : string & Exclude<...>) extends "public" ? "public" & ("public" extends Exclude<...> ? "public" : string & Exclude<...>) : "public"] extends GenericSchema ? Omit<...>[("pub...'.
domains/materials/materialMasterService.ts(107,13): error TS2769: No overload matches this call.
  Overload 1 of 2, '(values: (Omit<Database, "__InternalSupabase">[("public" extends Exclude<keyof Database, "__InternalSupabase"> ? "public" : string & Exclude<keyof Database, "__InternalSupabase">) extends "public" ? "public" & ("public" extends Exclude<...> ? "public" : string & Exclude<...>) : "public"] extends GenericSchema ? Omit<...>[("public" extends Exclude<...> ? "public" : string & Exclude<...>) extends "public" ? "public" & ("public" extends Exclude<...> ? "public" : string & Exclude<...>) : "public"] : never)["Tables"]["material_plant_data"] extends { ...; } ? (Omit<...>[("public" extends Exclude<...> ? "public" : string & Exclude<...>) extends "public" ? "public" & ("public" extends Exclude<...> ? "public" : string & Exclude<...>) : "public"] extends GenericSchema ? Omit<...>[("public" extends Exclude<...> ? "public" : string & Exclude<...>) extends "public" ? "public" & ("public" extends Exclude<...> ? "public" : string & Exclude<...>) : "public"] : never)["Tables"]["material_plant_data"]["Insert"] : never, options?: { ...; }): PostgrestFilterBuilder<...>', gave the following error.
    Argument of type 'MaterialPlantData' is not assignable to parameter of type '(Omit<Database, "__InternalSupabase">[("public" extends Exclude<keyof Database, "__InternalSupabase"> ? "public" : string & Exclude<keyof Database, "__InternalSupabase">) extends "public" ? "public" & ("public" extends Exclude<...> ? "public" : string & Exclude<...>) : "public"] extends GenericSchema ? Omit<...>[("p...'.
  Overload 2 of 2, '(values: ((Omit<Database, "__InternalSupabase">[("public" extends Exclude<keyof Database, "__InternalSupabase"> ? "public" : string & Exclude<keyof Database, "__InternalSupabase">) extends "public" ? "public" & ("public" extends Exclude<...> ? "public" : string & Exclude<...>) : "public"] extends GenericSchema ? Omit<...>[("public" extends Exclude<...> ? "public" : string & Exclude<...>) extends "public" ? "public" & ("public" extends Exclude<...> ? "public" : string & Exclude<...>) : "public"] : never)["Tables"]["material_plant_data"] extends { ...; } ? (Omit<...>[("public" extends Exclude<...> ? "public" : string & Exclude<...>) extends "public" ? "public" & ("public" extends Exclude<...> ? "public" : string & Exclude<...>) : "public"] extends GenericSchema ? Omit<...>[("public" extends Exclude<...> ? "public" : string & Exclude<...>) extends "public" ? "public" & ("public" extends Exclude<...> ? "public" : string & Exclude<...>) : "public"] : never)["Tables"]["material_plant_data"]["Insert"] : never)[], options?: { ...; }): PostgrestFilterBuilder<...>', gave the following error.
    Argument of type 'MaterialPlantData' is not assignable to parameter of type '((Omit<Database, "__InternalSupabase">[("public" extends Exclude<keyof Database, "__InternalSupabase"> ? "public" : string & Exclude<keyof Database, "__InternalSupabase">) extends "public" ? "public" & ("public" extends Exclude<...> ? "public" : string & Exclude<...>) : "public"] extends GenericSchema ? Omit<...>[("...'.
      Type 'MaterialPlantData' is missing the following properties from type '((Omit<Database, "__InternalSupabase">[("public" extends Exclude<keyof Database, "__InternalSupabase"> ? "public" : string & Exclude<keyof Database, "__InternalSupabase">) extends "public" ? "public" & ("public" extends Exclude<...> ? "public" : string & Exclude<...>) : "public"] extends GenericSchema ? Omit<...>[("...': length, pop, push, concat, and 35 more.
domains/materials/materialMasterService.ts(124,26): error TS2345: Argument of type 'string' is not assignable to parameter of type '("material_code" extends keyof (Omit<Database, "__InternalSupabase">[("public" extends Exclude<keyof Database, "__InternalSupabase"> ? "public" : string & Exclude<...>) extends "public" ? "public" & ("public" extends Exclude<...> ? "public" : string & Exclude<...>) : "public"] extends GenericSchema ? Omit<...>[("pub...'.
domains/materials/materialMasterService.ts(125,22): error TS2345: Argument of type 'boolean' is not assignable to parameter of type '("is_active" extends keyof (Omit<Database, "__InternalSupabase">[("public" extends Exclude<keyof Database, "__InternalSupabase"> ? "public" : string & Exclude<...>) extends "public" ? "public" & ("public" extends Exclude<...> ? "public" : string & Exclude<...>) : "public"] extends GenericSchema ? Omit<...>[("public"...'.
domains/materials/materialMasterService.ts(128,36): error TS2345: Argument of type 'string' is not assignable to parameter of type '("plant_code" extends keyof (Omit<Database, "__InternalSupabase">[("public" extends Exclude<keyof Database, "__InternalSupabase"> ? "public" : string & Exclude<...>) extends "public" ? "public" & ("public" extends Exclude<...> ? "public" : string & Exclude<...>) : "public"] extends GenericSchema ? Omit<...>[("public...'.
domains/materials/materialMasterService.ts(141,13): error TS2345: Argument of type 'Partial<MaterialPlantData>' is not assignable to parameter of type '(Omit<Database, "__InternalSupabase">[("public" extends Exclude<keyof Database, "__InternalSupabase"> ? "public" : string & Exclude<keyof Database, "__InternalSupabase">) extends "public" ? "public" & ("public" extends Exclude<...> ? "public" : string & Exclude<...>) : "public"] extends GenericSchema ? Omit<...>[("p...'.
domains/materials/materialMasterService.ts(142,15): error TS2345: Argument of type 'string' is not assignable to parameter of type '("id" extends keyof (Omit<Database, "__InternalSupabase">[("public" extends Exclude<keyof Database, "__InternalSupabase"> ? "public" : string & Exclude<...>) extends "public" ? "public" & ("public" extends Exclude<...> ? "public" : string & Exclude<...>) : "public"] extends GenericSchema ? Omit<...>[("public" extend...'.
domains/materials/materialMasterService.ts(156,13): error TS2769: No overload matches this call.
  Overload 1 of 2, '(values: (Omit<Database, "__InternalSupabase">[("public" extends Exclude<keyof Database, "__InternalSupabase"> ? "public" : string & Exclude<keyof Database, "__InternalSupabase">) extends "public" ? "public" & ("public" extends Exclude<...> ? "public" : string & Exclude<...>) : "public"] extends GenericSchema ? Omit<...>[("public" extends Exclude<...> ? "public" : string & Exclude<...>) extends "public" ? "public" & ("public" extends Exclude<...> ? "public" : string & Exclude<...>) : "public"] : never)["Tables"]["material_pricing"] extends { ...; } ? (Omit<...>[("public" extends Exclude<...> ? "public" : string & Exclude<...>) extends "public" ? "public" & ("public" extends Exclude<...> ? "public" : string & Exclude<...>) : "public"] extends GenericSchema ? Omit<...>[("public" extends Exclude<...> ? "public" : string & Exclude<...>) extends "public" ? "public" & ("public" extends Exclude<...> ? "public" : string & Exclude<...>) : "public"] : never)["Tables"]["material_pricing"]["Insert"] : never, options?: { ...; }): PostgrestFilterBuilder<...>', gave the following error.
    Argument of type 'MaterialPricing' is not assignable to parameter of type '(Omit<Database, "__InternalSupabase">[("public" extends Exclude<keyof Database, "__InternalSupabase"> ? "public" : string & Exclude<keyof Database, "__InternalSupabase">) extends "public" ? "public" & ("public" extends Exclude<...> ? "public" : string & Exclude<...>) : "public"] extends GenericSchema ? Omit<...>[("p...'.
  Overload 2 of 2, '(values: ((Omit<Database, "__InternalSupabase">[("public" extends Exclude<keyof Database, "__InternalSupabase"> ? "public" : string & Exclude<keyof Database, "__InternalSupabase">) extends "public" ? "public" & ("public" extends Exclude<...> ? "public" : string & Exclude<...>) : "public"] extends GenericSchema ? Omit<...>[("public" extends Exclude<...> ? "public" : string & Exclude<...>) extends "public" ? "public" & ("public" extends Exclude<...> ? "public" : string & Exclude<...>) : "public"] : never)["Tables"]["material_pricing"] extends { ...; } ? (Omit<...>[("public" extends Exclude<...> ? "public" : string & Exclude<...>) extends "public" ? "public" & ("public" extends Exclude<...> ? "public" : string & Exclude<...>) : "public"] extends GenericSchema ? Omit<...>[("public" extends Exclude<...> ? "public" : string & Exclude<...>) extends "public" ? "public" & ("public" extends Exclude<...> ? "public" : string & Exclude<...>) : "public"] : never)["Tables"]["material_pricing"]["Insert"] : never)[], options?: { ...; }): PostgrestFilterBuilder<...>', gave the following error.
    Argument of type 'MaterialPricing' is not assignable to parameter of type '((Omit<Database, "__InternalSupabase">[("public" extends Exclude<keyof Database, "__InternalSupabase"> ? "public" : string & Exclude<keyof Database, "__InternalSupabase">) extends "public" ? "public" & ("public" extends Exclude<...> ? "public" : string & Exclude<...>) : "public"] extends GenericSchema ? Omit<...>[("...'.
      Type 'MaterialPricing' is missing the following properties from type '((Omit<Database, "__InternalSupabase">[("public" extends Exclude<keyof Database, "__InternalSupabase"> ? "public" : string & Exclude<keyof Database, "__InternalSupabase">) extends "public" ? "public" & ("public" extends Exclude<...> ? "public" : string & Exclude<...>) : "public"] extends GenericSchema ? Omit<...>[("...': length, pop, push, concat, and 35 more.
domains/materials/materialMasterService.ts(170,26): error TS2345: Argument of type 'string' is not assignable to parameter of type '("material_code" extends keyof (Omit<Database, "__InternalSupabase">[("public" extends Exclude<keyof Database, "__InternalSupabase"> ? "public" : string & Exclude<...>) extends "public" ? "public" & ("public" extends Exclude<...> ? "public" : string & Exclude<...>) : "public"] extends GenericSchema ? Omit<...>[("pub...'.
domains/materials/materialMasterService.ts(171,22): error TS2345: Argument of type 'boolean' is not assignable to parameter of type '("is_active" extends keyof (Omit<Database, "__InternalSupabase">[("public" extends Exclude<keyof Database, "__InternalSupabase"> ? "public" : string & Exclude<...>) extends "public" ? "public" & ("public" extends Exclude<...> ? "public" : string & Exclude<...>) : "public"] extends GenericSchema ? Omit<...>[("public"...'.
domains/materials/materialMasterService.ts(175,38): error TS2345: Argument of type 'string' is not assignable to parameter of type '("company_code" extends keyof (Omit<Database, "__InternalSupabase">[("public" extends Exclude<keyof Database, "__InternalSupabase"> ? "public" : string & Exclude<...>) extends "public" ? "public" & ("public" extends Exclude<...> ? "public" : string & Exclude<...>) : "public"] extends GenericSchema ? Omit<...>[("publ...'.
domains/materials/materialMasterService.ts(190,22): error TS2345: Argument of type 'boolean' is not assignable to parameter of type '("is_active" extends keyof (Omit<Database, "__InternalSupabase">[("public" extends Exclude<keyof Database, "__InternalSupabase"> ? "public" : string & Exclude<...>) extends "public" ? "public" & ("public" extends Exclude<...> ? "public" : string & Exclude<...>) : "public"] extends GenericSchema ? Omit<...>[("public"...'.
domains/materials/materialMasterService.ts(203,22): error TS2345: Argument of type 'boolean' is not assignable to parameter of type '("is_active" extends keyof (Omit<Database, "__InternalSupabase">[("public" extends Exclude<keyof Database, "__InternalSupabase"> ? "public" : string & Exclude<...>) extends "public" ? "public" & ("public" extends Exclude<...> ? "public" : string & Exclude<...>) : "public"] extends GenericSchema ? Omit<...>[("public"...'.
domains/materials/materialMasterService.ts(207,39): error TS2345: Argument of type 'string' is not assignable to parameter of type '("category_code" extends keyof (Omit<Database, "__InternalSupabase">[("public" extends Exclude<keyof Database, "__InternalSupabase"> ? "public" : string & Exclude<...>) extends "public" ? "public" & ("public" extends Exclude<...> ? "public" : string & Exclude<...>) : "public"] extends GenericSchema ? Omit<...>[("pub...'.
domains/materials/materialMasterService.ts(250,79): error TS2345: Argument of type 'string' is not assignable to parameter of type 'ResolveFilterRelationshipValue<Omit<Database, "__InternalSupabase">[("public" extends Exclude<keyof Database, "__InternalSupabase"> ? "public" : string & Exclude<keyof Database, "__InternalSupabase">) extends "public" ? "public" & ("public" extends Exclude<...> ? "public" : string & Exclude<...>) : "public"] extends...'.
domains/materials/materialMasterService.ts(268,16): error TS2339: Property 'currency_code' does not exist on type 'SelectQueryError<"Processing node failed."> | SelectQueryError<"Could not retrieve a valid record or error value"> | { currency_code: any; currency_symbol: any; decimal_places: any; }'.
  Property 'currency_code' does not exist on type 'SelectQueryError<"Processing node failed.">'.
domains/materials/materialMasterService.ts(273,29): error TS2339: Property 'materials' does not exist on type 'SelectQueryError<"Processing node failed."> | SelectQueryError<"Could not retrieve a valid record or error value"> | { current_quantity: any; ... 5 more ...; storage_locations: { ...; }[]; } | { [K in keyof (FindDuplicatesWithinDeduplicated<...> extends infer Duplicates ? Duplicates extends never ? false : Duplicate...'.
  Property 'materials' does not exist on type 'SelectQueryError<"Processing node failed.">'.
domains/materials/materialMasterService.ts(274,36): error TS2339: Property 'storage_locations' does not exist on type 'SelectQueryError<"Processing node failed."> | SelectQueryError<"Could not retrieve a valid record or error value"> | { current_quantity: any; ... 5 more ...; storage_locations: { ...; }[]; } | { [K in keyof (FindDuplicatesWithinDeduplicated<...> extends infer Duplicates ? Duplicates extends never ? false : Duplicate...'.
  Property 'storage_locations' does not exist on type 'SelectQueryError<"Processing node failed.">'.
domains/materials/materialMasterService.ts(278,40): error TS2339: Property 'current_quantity' does not exist on type 'SelectQueryError<"Processing node failed."> | SelectQueryError<"Could not retrieve a valid record or error value"> | { current_quantity: any; ... 5 more ...; storage_locations: { ...; }[]; } | { [K in keyof (FindDuplicatesWithinDeduplicated<...> extends infer Duplicates ? Duplicates extends never ? false : Duplicate...'.
  Property 'current_quantity' does not exist on type 'SelectQueryError<"Processing node failed.">'.
domains/materials/materialMasterService.ts(279,38): error TS2339: Property 'total_value' does not exist on type 'SelectQueryError<"Processing node failed."> | SelectQueryError<"Could not retrieve a valid record or error value"> | { current_quantity: any; ... 5 more ...; storage_locations: { ...; }[]; } | { [K in keyof (FindDuplicatesWithinDeduplicated<...> extends infer Duplicates ? Duplicates extends never ? false : Duplicate...'.
  Property 'total_value' does not exist on type 'SelectQueryError<"Processing node failed.">'.
domains/materials/materialMasterService.ts(290,20): error TS2339: Property 'material_code' does not exist on type 'SelectQueryError<"Processing node failed."> | SelectQueryError<"Could not retrieve a valid record or error value"> | { current_quantity: any; ... 5 more ...; storage_locations: { ...; }[]; } | { [K in keyof (FindDuplicatesWithinDeduplicated<...> extends infer Duplicates ? Duplicates extends never ? false : Duplicate...'.
  Property 'material_code' does not exist on type 'SelectQueryError<"Processing node failed.">'.
domains/materials/materialServices.ts(19,6): error TS2339: Property 'from' does not exist on type 'Promise<SupabaseClient<Database, "public" extends Exclude<keyof Database, "__InternalSupabase"> ? "public" : string & Exclude<keyof Database, "__InternalSupabase">, ("public" extends Exclude<...> ? "public" : string & Exclude<...>) extends "public" ? "public" & ("public" extends Exclude<...> ? "public" : string & Ex...'.
domains/materials/materialServices.ts(38,8): error TS2339: Property 'from' does not exist on type 'Promise<SupabaseClient<Database, "public" extends Exclude<keyof Database, "__InternalSupabase"> ? "public" : string & Exclude<keyof Database, "__InternalSupabase">, ("public" extends Exclude<...> ? "public" : string & Exclude<...>) extends "public" ? "public" & ("public" extends Exclude<...> ? "public" : string & Ex...'.
domains/materials/materialServices.ts(89,8): error TS2339: Property 'from' does not exist on type 'Promise<SupabaseClient<Database, "public" extends Exclude<keyof Database, "__InternalSupabase"> ? "public" : string & Exclude<keyof Database, "__InternalSupabase">, ("public" extends Exclude<...> ? "public" : string & Exclude<...>) extends "public" ? "public" & ("public" extends Exclude<...> ? "public" : string & Ex...'.
domains/materials/materialServices.ts(196,6): error TS2339: Property 'from' does not exist on type 'Promise<SupabaseClient<Database, "public" extends Exclude<keyof Database, "__InternalSupabase"> ? "public" : string & Exclude<keyof Database, "__InternalSupabase">, ("public" extends Exclude<...> ? "public" : string & Exclude<...>) extends "public" ? "public" & ("public" extends Exclude<...> ? "public" : string & Ex...'.
domains/materials/materialServices.ts(213,10): error TS2339: Property 'from' does not exist on type 'Promise<SupabaseClient<Database, "public" extends Exclude<keyof Database, "__InternalSupabase"> ? "public" : string & Exclude<keyof Database, "__InternalSupabase">, ("public" extends Exclude<...> ? "public" : string & Exclude<...>) extends "public" ? "public" & ("public" extends Exclude<...> ? "public" : string & Ex...'.
domains/materials/materialServices.ts(251,6): error TS2339: Property 'from' does not exist on type 'Promise<SupabaseClient<Database, "public" extends Exclude<keyof Database, "__InternalSupabase"> ? "public" : string & Exclude<keyof Database, "__InternalSupabase">, ("public" extends Exclude<...> ? "public" : string & Exclude<...>) extends "public" ? "public" & ("public" extends Exclude<...> ? "public" : string & Ex...'.
domains/materials/materialServices.ts(273,6): error TS2339: Property 'from' does not exist on type 'Promise<SupabaseClient<Database, "public" extends Exclude<keyof Database, "__InternalSupabase"> ? "public" : string & Exclude<keyof Database, "__InternalSupabase">, ("public" extends Exclude<...> ? "public" : string & Exclude<...>) extends "public" ? "public" & ("public" extends Exclude<...> ? "public" : string & Ex...'.
domains/materials/unifiedMaterialRequestService.ts(315,37): error TS2589: Type instantiation is excessively deep and possibly infinite.
domains/materials/unifiedMaterialRequestService.ts(315,37): error TS2589: Type instantiation is excessively deep and possibly infinite.
domains/materials/unifiedMaterialRequestService.ts(316,15): error TS2769: No overload matches this call.
  Overload 1 of 2, '(relation: "projects" | "tasks" | "purchase_orders" | "goods_receipts" | "stores" | "vendors" | "employees" | "users" | "equipment" | "tenants" | "account_keys" | "company_codes" | ... 160 more ... | "workflow_start_conditions"): PostgrestQueryBuilder<...>', gave the following error.
    Argument of type '"approval_workflows"' is not assignable to parameter of type '"projects" | "tasks" | "purchase_orders" | "goods_receipts" | "stores" | "vendors" | "employees" | "users" | "equipment" | "tenants" | "account_keys" | "company_codes" | "chart_of_accounts" | ... 159 more ... | "workflow_start_conditions"'.
  Overload 2 of 2, '(relation: "v_companies_with_names" | "activity_variance" | "mv_approval_field_cache" | "material_master_view" | "global_materials" | "project_materials" | "authorization_monitoring" | ... 4 more ... | "v_number_range_health"): PostgrestQueryBuilder<...>', gave the following error.
    Argument of type '"approval_workflows"' is not assignable to parameter of type '"v_companies_with_names" | "activity_variance" | "mv_approval_field_cache" | "material_master_view" | "global_materials" | "project_materials" | "authorization_monitoring" | ... 4 more ... | "v_number_range_health"'.
domains/materials/unifiedMaterialRequestService.ts(323,31): error TS2322: Type 'ResultOne[]' is not assignable to type 'ApprovalWorkflow[]'.
  Type 'ResultOne' is not assignable to type 'ApprovalWorkflow'.
domains/materials/unifiedMaterialRequestService.ts(363,43): error TS2589: Type instantiation is excessively deep and possibly infinite.
domains/materials/unifiedMaterialRequestService.ts(363,43): error TS2589: Type instantiation is excessively deep and possibly infinite.
domains/materials/unifiedMaterialRequestService.ts(364,15): error TS2769: No overload matches this call.
  Overload 1 of 2, '(relation: "projects" | "tasks" | "purchase_orders" | "goods_receipts" | "stores" | "vendors" | "employees" | "users" | "equipment" | "tenants" | "account_keys" | "company_codes" | ... 160 more ... | "workflow_start_conditions"): PostgrestQueryBuilder<...>', gave the following error.
    Argument of type '"user_profiles"' is not assignable to parameter of type '"projects" | "tasks" | "purchase_orders" | "goods_receipts" | "stores" | "vendors" | "employees" | "users" | "equipment" | "tenants" | "account_keys" | "company_codes" | "chart_of_accounts" | ... 159 more ... | "workflow_start_conditions"'.
  Overload 2 of 2, '(relation: "v_companies_with_names" | "activity_variance" | "mv_approval_field_cache" | "material_master_view" | "global_materials" | "project_materials" | "authorization_monitoring" | ... 4 more ... | "v_number_range_health"): PostgrestQueryBuilder<...>', gave the following error.
    Argument of type '"user_profiles"' is not assignable to parameter of type '"v_companies_with_names" | "activity_variance" | "mv_approval_field_cache" | "material_master_view" | "global_materials" | "project_materials" | "authorization_monitoring" | ... 4 more ... | "v_number_range_health"'.
domains/materials/unifiedMaterialRequestService.ts(374,10): error TS2339: Property 'group' does not exist on type 'PostgrestFilterBuilder<{ PostgrestVersion: "13.0.5"; }, { Tables: { account_assignment_categories: { Row: { category_code: string; category_name: string; description: string; is_active: boolean; tenant_id: string; }; Insert: { ...; }; Update: { ...; }; Relationships: [...]; }; ... 171 more ...; workflow_steps: { ......'.
domains/materials/unifiedMaterialRequestService.ts(442,28): error TS2589: Type instantiation is excessively deep and possibly infinite.
domains/materials/unifiedMaterialRequestService.ts(442,28): error TS2589: Type instantiation is excessively deep and possibly infinite.
domains/materials/unifiedMaterialRequestService.ts(442,28): error TS2589: Type instantiation is excessively deep and possibly infinite.
domains/materials/unifiedMaterialRequestService.ts(443,13): error TS2769: No overload matches this call.
  Overload 1 of 2, '(relation: "projects" | "tasks" | "purchase_orders" | "goods_receipts" | "stores" | "vendors" | "employees" | "users" | "equipment" | "tenants" | "account_keys" | "company_codes" | ... 160 more ... | "workflow_start_conditions"): PostgrestQueryBuilder<...>', gave the following error.
    Argument of type '"approval_workflows"' is not assignable to parameter of type '"projects" | "tasks" | "purchase_orders" | "goods_receipts" | "stores" | "vendors" | "employees" | "users" | "equipment" | "tenants" | "account_keys" | "company_codes" | "chart_of_accounts" | ... 159 more ... | "workflow_start_conditions"'.
  Overload 2 of 2, '(relation: "v_companies_with_names" | "activity_variance" | "mv_approval_field_cache" | "material_master_view" | "global_materials" | "project_materials" | "authorization_monitoring" | ... 4 more ... | "v_number_range_health"): PostgrestQueryBuilder<...>', gave the following error.
    Argument of type '"approval_workflows"' is not assignable to parameter of type '"v_companies_with_names" | "activity_variance" | "mv_approval_field_cache" | "material_master_view" | "global_materials" | "project_materials" | "authorization_monitoring" | ... 4 more ... | "v_number_range_health"'.
domains/materials/unifiedMaterialRequestService.ts(453,5): error TS2322: Type 'ResultOne' is not assignable to type 'ApprovalWorkflow'.
domains/procurement/createPurchaseOrder.ts(31,6): error TS2339: Property 'from' does not exist on type 'Promise<SupabaseClient<Database, "public" extends Exclude<keyof Database, "__InternalSupabase"> ? "public" : string & Exclude<keyof Database, "__InternalSupabase">, ("public" extends Exclude<...> ? "public" : string & Exclude<...>) extends "public" ? "public" & ("public" extends Exclude<...> ? "public" : string & Ex...'.
domains/procurement/createPurchaseOrder.ts(59,6): error TS2339: Property 'from' does not exist on type 'Promise<SupabaseClient<Database, "public" extends Exclude<keyof Database, "__InternalSupabase"> ? "public" : string & Exclude<keyof Database, "__InternalSupabase">, ("public" extends Exclude<...> ? "public" : string & Exclude<...>) extends "public" ? "public" & ("public" extends Exclude<...> ? "public" : string & Ex...'.
domains/procurement/createPurchaseOrder.ts(78,6): error TS2339: Property 'from' does not exist on type 'Promise<SupabaseClient<Database, "public" extends Exclude<keyof Database, "__InternalSupabase"> ? "public" : string & Exclude<keyof Database, "__InternalSupabase">, ("public" extends Exclude<...> ? "public" : string & Exclude<...>) extends "public" ? "public" & ("public" extends Exclude<...> ? "public" : string & Ex...'.
domains/procurement/createPurchaseOrder.ts(97,8): error TS2339: Property 'from' does not exist on type 'Promise<SupabaseClient<Database, "public" extends Exclude<keyof Database, "__InternalSupabase"> ? "public" : string & Exclude<keyof Database, "__InternalSupabase">, ("public" extends Exclude<...> ? "public" : string & Exclude<...>) extends "public" ? "public" & ("public" extends Exclude<...> ? "public" : string & Ex...'.
domains/procurement/createPurchaseOrder.ts(118,6): error TS2339: Property 'from' does not exist on type 'Promise<SupabaseClient<Database, "public" extends Exclude<keyof Database, "__InternalSupabase"> ? "public" : string & Exclude<keyof Database, "__InternalSupabase">, ("public" extends Exclude<...> ? "public" : string & Exclude<...>) extends "public" ? "public" & ("public" extends Exclude<...> ? "public" : string & Ex...'.
domains/procurement/createPurchaseOrder.ts(138,18): error TS2339: Property 'from' does not exist on type 'Promise<SupabaseClient<Database, "public" extends Exclude<keyof Database, "__InternalSupabase"> ? "public" : string & Exclude<keyof Database, "__InternalSupabase">, ("public" extends Exclude<...> ? "public" : string & Exclude<...>) extends "public" ? "public" & ("public" extends Exclude<...> ? "public" : string & Ex...'.
domains/procurement/createPurchaseOrder.ts(142,6): error TS2339: Property 'from' does not exist on type 'Promise<SupabaseClient<Database, "public" extends Exclude<keyof Database, "__InternalSupabase"> ? "public" : string & Exclude<keyof Database, "__InternalSupabase">, ("public" extends Exclude<...> ? "public" : string & Exclude<...>) extends "public" ? "public" & ("public" extends Exclude<...> ? "public" : string & Ex...'.
domains/projects/projectCrudService.ts(16,38): error TS2345: Argument of type 'string' is not assignable to parameter of type '("company_code" extends keyof (Omit<Database, "__InternalSupabase">[("public" extends Exclude<keyof Database, "__InternalSupabase"> ? "public" : string & Exclude<...>) extends "public" ? "public" & ("public" extends Exclude<...> ? "public" : string & Exclude<...>) : "public"] extends GenericSchema ? Omit<...>[("publ...'.
domains/projects/projectCrudService.ts(34,15): error TS2345: Argument of type 'string' is not assignable to parameter of type '("id" extends keyof (Omit<Database, "__InternalSupabase">[("public" extends Exclude<keyof Database, "__InternalSupabase"> ? "public" : string & Exclude<...>) extends "public" ? "public" & ("public" extends Exclude<...> ? "public" : string & Exclude<...>) : "public"] extends GenericSchema ? Omit<...>[("public" extend...'.
domains/projects/projectCrudService.ts(46,6): error TS2769: No overload matches this call.
  Overload 1 of 2, '(values: (Omit<Database, "__InternalSupabase">[("public" extends Exclude<keyof Database, "__InternalSupabase"> ? "public" : string & Exclude<keyof Database, "__InternalSupabase">) extends "public" ? "public" & ("public" extends Exclude<...> ? "public" : string & Exclude<...>) : "public"] extends GenericSchema ? Omit<...>[("public" extends Exclude<...> ? "public" : string & Exclude<...>) extends "public" ? "public" & ("public" extends Exclude<...> ? "public" : string & Exclude<...>) : "public"] : never)["Tables"]["projects"] extends { ...; } ? (Omit<...>[("public" extends Exclude<...> ? "public" : string & Exclude<...>) extends "public" ? "public" & ("public" extends Exclude<...> ? "public" : string & Exclude<...>) : "public"] extends GenericSchema ? Omit<...>[("public" extends Exclude<...> ? "public" : string & Exclude<...>) extends "public" ? "public" & ("public" extends Exclude<...> ? "public" : string & Exclude<...>) : "public"] : never)["Tables"]["projects"]["Insert"] : never, options?: { ...; }): PostgrestFilterBuilder<...>', gave the following error.
    Argument of type '{ code: any; name: any; description: any; category_code: any; project_type: any; status: any; start_date: any; planned_end_date: any; budget: any; location: any; company_code: any; plant_code: any; cost_center: any; profit_center: any; created_by: string; }' is not assignable to parameter of type '(Omit<Database, "__InternalSupabase">[("public" extends Exclude<keyof Database, "__InternalSupabase"> ? "public" : string & Exclude<keyof Database, "__InternalSupabase">) extends "public" ? "public" & ("public" extends Exclude<...> ? "public" : string & Exclude<...>) : "public"] extends GenericSchema ? Omit<...>[("p...'.
  Overload 2 of 2, '(values: ((Omit<Database, "__InternalSupabase">[("public" extends Exclude<keyof Database, "__InternalSupabase"> ? "public" : string & Exclude<keyof Database, "__InternalSupabase">) extends "public" ? "public" & ("public" extends Exclude<...> ? "public" : string & Exclude<...>) : "public"] extends GenericSchema ? Omit<...>[("public" extends Exclude<...> ? "public" : string & Exclude<...>) extends "public" ? "public" & ("public" extends Exclude<...> ? "public" : string & Exclude<...>) : "public"] : never)["Tables"]["projects"] extends { ...; } ? (Omit<...>[("public" extends Exclude<...> ? "public" : string & Exclude<...>) extends "public" ? "public" & ("public" extends Exclude<...> ? "public" : string & Exclude<...>) : "public"] extends GenericSchema ? Omit<...>[("public" extends Exclude<...> ? "public" : string & Exclude<...>) extends "public" ? "public" & ("public" extends Exclude<...> ? "public" : string & Exclude<...>) : "public"] : never)["Tables"]["projects"]["Insert"] : never)[], options?: { ...; }): PostgrestFilterBuilder<...>', gave the following error.
    Object literal may only specify known properties, and 'code' does not exist in type '((Omit<Database, "__InternalSupabase">[("public" extends Exclude<keyof Database, "__InternalSupabase"> ? "public" : string & Exclude<keyof Database, "__InternalSupabase">) extends "public" ? "public" & ("public" extends Exclude<...> ? "public" : string & Exclude<...>) : "public"] extends GenericSchema ? Omit<...>[("...'.
domains/projects/projectCrudService.ts(75,13): error TS2345: Argument of type '{ code: any; name: any; description: any; category_code: any; project_type: any; status: any; start_date: any; planned_end_date: any; budget: any; location: any; company_code: any; plant_code: any; cost_center: any; profit_center: any; updated_at: string; }' is not assignable to parameter of type '(Omit<Database, "__InternalSupabase">[("public" extends Exclude<keyof Database, "__InternalSupabase"> ? "public" : string & Exclude<keyof Database, "__InternalSupabase">) extends "public" ? "public" & ("public" extends Exclude<...> ? "public" : string & Exclude<...>) : "public"] extends GenericSchema ? Omit<...>[("p...'.
domains/projects/projectCrudService.ts(92,15): error TS2345: Argument of type 'string' is not assignable to parameter of type '("id" extends keyof (Omit<Database, "__InternalSupabase">[("public" extends Exclude<keyof Database, "__InternalSupabase"> ? "public" : string & Exclude<...>) extends "public" ? "public" & ("public" extends Exclude<...> ? "public" : string & Exclude<...>) : "public"] extends GenericSchema ? Omit<...>[("public" extend...'.
domains/projects/projectCrudService.ts(106,15): error TS2345: Argument of type 'string' is not assignable to parameter of type '("id" extends keyof (Omit<Database, "__InternalSupabase">[("public" extends Exclude<keyof Database, "__InternalSupabase"> ? "public" : string & Exclude<...>) extends "public" ? "public" & ("public" extends Exclude<...> ? "public" : string & Exclude<...>) : "public"] extends GenericSchema ? Omit<...>[("public" extend...'.
domains/projects/projectFinanceServices.ts(12,19): error TS2339: Property 'code' does not exist on type 'SelectQueryError<"Processing node failed."> | SelectQueryError<"Could not retrieve a valid record or error value"> | { code: any; budget: any; }'.
  Property 'code' does not exist on type 'SelectQueryError<"Processing node failed.">'.
domains/projects/projectFinanceServices.ts(12,35): error TS2339: Property 'budget' does not exist on type 'SelectQueryError<"Processing node failed."> | SelectQueryError<"Could not retrieve a valid record or error value"> | { code: any; budget: any; }'.
  Property 'budget' does not exist on type 'SelectQueryError<"Processing node failed.">'.
domains/projects/projectFinanceServices.ts(17,29): error TS2339: Property 'project_code' does not exist on type 'SelectQueryError<"Processing node failed."> | SelectQueryError<"Could not retrieve a valid record or error value"> | { project_code: any; ... 5 more ...; wbs_element: any; }'.
  Property 'project_code' does not exist on type 'SelectQueryError<"Processing node failed.">'.
domains/projects/projectFinanceServices.ts(18,31): error TS2339: Property 'gl_account' does not exist on type 'SelectQueryError<"Processing node failed."> | SelectQueryError<"Could not retrieve a valid record or error value"> | { project_code: any; ... 5 more ...; wbs_element: any; }'.
  Property 'gl_account' does not exist on type 'SelectQueryError<"Processing node failed.">'.
domains/projects/projectFinanceServices.ts(28,36): error TS2339: Property 'posting_date' does not exist on type 'SelectQueryError<"Processing node failed."> | SelectQueryError<"Could not retrieve a valid record or error value"> | { project_code: any; ... 5 more ...; wbs_element: any; }'.
  Property 'posting_date' does not exist on type 'SelectQueryError<"Processing node failed.">'.
domains/projects/projectFinanceServices.ts(33,39): error TS2339: Property 'company_amount' does not exist on type 'SelectQueryError<"Processing node failed."> | SelectQueryError<"Could not retrieve a valid record or error value"> | { project_code: any; ... 5 more ...; wbs_element: any; }'.
  Property 'company_amount' does not exist on type 'SelectQueryError<"Processing node failed.">'.
domains/projects/projectFinanceServices.ts(36,19): error TS2339: Property 'debit_credit' does not exist on type 'SelectQueryError<"Processing node failed."> | SelectQueryError<"Could not retrieve a valid record or error value"> | { project_code: any; ... 5 more ...; wbs_element: any; }'.
  Property 'debit_credit' does not exist on type 'SelectQueryError<"Processing node failed.">'.
domains/projects/projectFinanceServices.ts(43,19): error TS2339: Property 'debit_credit' does not exist on type 'SelectQueryError<"Processing node failed."> | SelectQueryError<"Could not retrieve a valid record or error value"> | { project_code: any; ... 5 more ...; wbs_element: any; }'.
  Property 'debit_credit' does not exist on type 'SelectQueryError<"Processing node failed.">'.
domains/projects/projectFinanceServices.ts(69,23): error TS2362: The left-hand side of an arithmetic operation must be of type 'any', 'number', 'bigint' or an enum type.
domains/projects/projectFinanceServices.ts(69,38): error TS2363: The right-hand side of an arithmetic operation must be of type 'any', 'number', 'bigint' or an enum type.
domains/projects/projectFinanceServices.ts(77,23): error TS2365: Operator '>' cannot be applied to types 'unknown' and 'number'.
domains/projects/projectFinanceServices.ts(77,55): error TS2363: The right-hand side of an arithmetic operation must be of type 'any', 'number', 'bigint' or an enum type.
domains/projects/projectFinanceServices.ts(99,59): error TS2339: Property 'project_code' does not exist on type 'SelectQueryError<"Processing node failed."> | SelectQueryError<"Could not retrieve a valid record or error value"> | { project_code: any; ... 5 more ...; wbs_element: any; }'.
  Property 'project_code' does not exist on type 'SelectQueryError<"Processing node failed.">'.
domains/projects/projectFinanceServices.ts(99,97): error TS2339: Property 'wbs_element' does not exist on type 'SelectQueryError<"Processing node failed."> | SelectQueryError<"Could not retrieve a valid record or error value"> | { project_code: any; ... 5 more ...; wbs_element: any; }'.
  Property 'wbs_element' does not exist on type 'SelectQueryError<"Processing node failed.">'.
domains/projects/projectFinanceServices.ts(102,25): error TS2339: Property 'wbs_element' does not exist on type 'SelectQueryError<"Processing node failed."> | SelectQueryError<"Could not retrieve a valid record or error value"> | { project_code: any; ... 5 more ...; wbs_element: any; }'.
  Property 'wbs_element' does not exist on type 'SelectQueryError<"Processing node failed.">'.
domains/projects/projectFinanceServices.ts(110,36): error TS2339: Property 'posting_date' does not exist on type 'SelectQueryError<"Processing node failed."> | SelectQueryError<"Could not retrieve a valid record or error value"> | { project_code: any; ... 5 more ...; wbs_element: any; }'.
  Property 'posting_date' does not exist on type 'SelectQueryError<"Processing node failed.">'.
domains/projects/projectFinanceServices.ts(115,17): error TS2339: Property 'debit_credit' does not exist on type 'SelectQueryError<"Processing node failed."> | SelectQueryError<"Could not retrieve a valid record or error value"> | { project_code: any; ... 5 more ...; wbs_element: any; }'.
  Property 'debit_credit' does not exist on type 'SelectQueryError<"Processing node failed.">'.
domains/projects/projectFinanceServices.ts(116,51): error TS2339: Property 'company_amount' does not exist on type 'SelectQueryError<"Processing node failed."> | SelectQueryError<"Could not retrieve a valid record or error value"> | { project_code: any; ... 5 more ...; wbs_element: any; }'.
  Property 'company_amount' does not exist on type 'SelectQueryError<"Processing node failed.">'.
domains/projects/projectFinanceServices.ts(118,52): error TS2339: Property 'company_amount' does not exist on type 'SelectQueryError<"Processing node failed."> | SelectQueryError<"Could not retrieve a valid record or error value"> | { project_code: any; ... 5 more ...; wbs_element: any; }'.
  Property 'company_amount' does not exist on type 'SelectQueryError<"Processing node failed.">'.
domains/projects/repositories/projectRepository.ts(18,27): error TS2345: Argument of type 'string' is not assignable to parameter of type '("company_code" extends keyof (Omit<Database, "__InternalSupabase">[("public" extends Exclude<keyof Database, "__InternalSupabase"> ? "public" : string & Exclude<...>) extends "public" ? "public" & ("public" extends Exclude<...> ? "public" : string & Exclude<...>) : "public"] extends GenericSchema ? Omit<...>[("publ...'.
domains/projects/repositories/projectRepository.ts(65,23): error TS2339: Property 'id' does not exist on type 'SelectQueryError<"Processing node failed."> | SelectQueryError<"Could not retrieve a valid record or error value"> | { id: any; code: any; }'.
  Property 'id' does not exist on type 'SelectQueryError<"Processing node failed.">'.
domains/projects/repositories/projectRepository.ts(65,38): error TS2339: Property 'code' does not exist on type 'SelectQueryError<"Processing node failed."> | SelectQueryError<"Could not retrieve a valid record or error value"> | { id: any; code: any; }'.
  Property 'code' does not exist on type 'SelectQueryError<"Processing node failed.">'.
domains/projects/repositories/projectRepository.ts(73,24): error TS2345: Argument of type 'boolean' is not assignable to parameter of type '("is_active" extends keyof (Omit<Database, "__InternalSupabase">[("public" extends Exclude<keyof Database, "__InternalSupabase"> ? "public" : string & Exclude<...>) extends "public" ? "public" & ("public" extends Exclude<...> ? "public" : string & Exclude<...>) : "public"] extends GenericSchema ? Omit<...>[("public"...'.
domains/projects/repositories/projectRepository.ts(85,24): error TS2345: Argument of type 'boolean' is not assignable to parameter of type '("is_active" extends keyof (Omit<Database, "__InternalSupabase">[("public" extends Exclude<keyof Database, "__InternalSupabase"> ? "public" : string & Exclude<...>) extends "public" ? "public" & ("public" extends Exclude<...> ? "public" : string & Exclude<...>) : "public"] extends GenericSchema ? Omit<...>[("public"...'.
domains/projects/repositories/projectRepository.ts(96,24): error TS2345: Argument of type 'boolean' is not assignable to parameter of type '("is_active" extends keyof (Omit<Database, "__InternalSupabase">[("public" extends Exclude<keyof Database, "__InternalSupabase"> ? "public" : string & Exclude<...>) extends "public" ? "public" & ("public" extends Exclude<...> ? "public" : string & Exclude<...>) : "public"] extends GenericSchema ? Omit<...>[("public"...'.
domains/projects/repositories/projectRepository.ts(100,15): error TS2339: Property 'id' does not exist on type 'SelectQueryError<"Processing node failed."> | SelectQueryError<"Could not retrieve a valid record or error value"> | { id: any; first_name: any; last_name: any; job_title: any; }'.
  Property 'id' does not exist on type 'SelectQueryError<"Processing node failed.">'.
domains/projects/repositories/projectRepository.ts(101,20): error TS2339: Property 'first_name' does not exist on type 'SelectQueryError<"Processing node failed."> | SelectQueryError<"Could not retrieve a valid record or error value"> | { id: any; first_name: any; last_name: any; job_title: any; }'.
  Property 'first_name' does not exist on type 'SelectQueryError<"Processing node failed.">'.
domains/projects/repositories/projectRepository.ts(101,38): error TS2339: Property 'last_name' does not exist on type 'SelectQueryError<"Processing node failed."> | SelectQueryError<"Could not retrieve a valid record or error value"> | { id: any; first_name: any; last_name: any; job_title: any; }'.
  Property 'last_name' does not exist on type 'SelectQueryError<"Processing node failed.">'.
domains/projects/repositories/projectRepository.ts(102,17): error TS2339: Property 'job_title' does not exist on type 'SelectQueryError<"Processing node failed."> | SelectQueryError<"Could not retrieve a valid record or error value"> | { id: any; first_name: any; last_name: any; job_title: any; }'.
  Property 'job_title' does not exist on type 'SelectQueryError<"Processing node failed.">'.
domains/projects/repositories/projectRepository.ts(110,105): error TS2345: Argument of type 'string' is not assignable to parameter of type '("company_code" extends keyof (Omit<Database, "__InternalSupabase">[("public" extends Exclude<keyof Database, "__InternalSupabase"> ? "public" : string & Exclude<...>) extends "public" ? "public" & ("public" extends Exclude<...> ? "public" : string & Exclude<...>) : "public"] extends GenericSchema ? Omit<...>[("publ...'.
domains/projects/repositories/projectRepository.ts(110,134): error TS2345: Argument of type 'boolean' is not assignable to parameter of type '("is_active" extends keyof (Omit<Database, "__InternalSupabase">[("public" extends Exclude<keyof Database, "__InternalSupabase"> ? "public" : string & Exclude<...>) extends "public" ? "public" & ("public" extends Exclude<...> ? "public" : string & Exclude<...>) : "public"] extends GenericSchema ? Omit<...>[("public"...'.
domains/projects/repositories/projectRepository.ts(111,108): error TS2345: Argument of type 'boolean' is not assignable to parameter of type '("is_active" extends keyof (Omit<Database, "__InternalSupabase">[("public" extends Exclude<keyof Database, "__InternalSupabase"> ? "public" : string & Exclude<...>) extends "public" ? "public" & ("public" extends Exclude<...> ? "public" : string & Exclude<...>) : "public"] extends GenericSchema ? Omit<...>[("public"...'.
domains/projects/repositories/projectRepository.ts(112,93): error TS2345: Argument of type 'boolean' is not assignable to parameter of type '("is_active" extends keyof (Omit<Database, "__InternalSupabase">[("public" extends Exclude<keyof Database, "__InternalSupabase"> ? "public" : string & Exclude<...>) extends "public" ? "public" & ("public" extends Exclude<...> ? "public" : string & Exclude<...>) : "public"] extends GenericSchema ? Omit<...>[("public"...'.
domains/projects/repositories/projectRepository.ts(128,24): error TS2345: Argument of type 'boolean' is not assignable to parameter of type '("is_active" extends keyof (Omit<Database, "__InternalSupabase">[("public" extends Exclude<keyof Database, "__InternalSupabase"> ? "public" : string & Exclude<...>) extends "public" ? "public" & ("public" extends Exclude<...> ? "public" : string & Exclude<...>) : "public"] extends GenericSchema ? Omit<...>[("public"...'.
domains/projects/repositories/projectRepository.ts(146,12): error TS2345: Argument of type 'string' is not assignable to parameter of type 'string & keyof (Omit<Database, "__InternalSupabase">[("public" extends Exclude<keyof Database, "__InternalSupabase"> ? "public" : string & Exclude<...>) extends "public" ? "public" & ("public" extends Exclude<...> ? "public" : string & Exclude<...>) : "public"] extends GenericSchema ? Omit<...>[("public" extends Exc...'.
  Type 'string' is not assignable to type 'keyof (Omit<Database, "__InternalSupabase">[("public" extends Exclude<keyof Database, "__InternalSupabase"> ? "public" : string & Exclude<...>) extends "public" ? "public" & ("public" extends Exclude<...> ? "public" : string & Exclude<...>) : "public"] extends GenericSchema ? Omit<...>[("public" extends Exclude<...>...'.
    Type 'string' is not assignable to type 'keyof Omit<Database, "__InternalSupabase">[("public" extends Exclude<keyof Database, "__InternalSupabase"> ? "public" : string & Exclude<...>) extends "public" ? "public" & ("public" extends Exclude<...> ? "public" : string & Exclude<...>) : "public"]["Functions"]'.
      Type 'string' is not assignable to type 'keyof Database[("public" extends Exclude<keyof Database, "__InternalSupabase"> ? "public" : string & Exclude<keyof Database, "__InternalSupabase">) extends "public" ? "public" & ("public" extends Exclude<...> ? "public" : string & Exclude<...>) : "public"]["Functions"]'.
        Type 'string' is not assignable to type 'keyof Database[("public" extends "public" ? "public" : "public") | (string & Exclude<keyof Database, "__InternalSupabase"> extends "public" ? "public" & Exclude<...> : "public")]["Functions"]'.
          Type 'string' is not assignable to type 'keyof Database["public" extends "public" ? "public" : "public"]["Functions"] & keyof Database[string & Exclude<keyof Database, "__InternalSupabase"> extends "public" ? "public" & Exclude<...> : "public"]["Functions"]'.
            Type 'string' is not assignable to type 'keyof Database["public" extends "public" ? "public" : "public"]["Functions"]'.
              Type '"get_project_report"' is not assignable to type '"allocate_indirect_costs" | "analyze_resource_planning_performance" | "apply_approval_template" | "assign_all_objects_to_role" | "assign_cascading_authorization" | "assign_role_authorizations" | ... 62 more ... | "validate_data_integrity"'. Did you mean '"get_project_evm"'?
domains/purchase-orders/completePOServices.ts(89,5): error TS2322: Type 'void' is not assignable to type 'CompletePurchaseOrder[]'.
domains/purchase-orders/completePOServices.ts(157,5): error TS2322: Type 'void' is not assignable to type 'any[]'.
domains/purchase-orders/completePOServices.ts(201,19): error TS2339: Property 'length' does not exist on type 'void'.
domains/purchase-orders/completePOServices.ts(219,5): error TS2322: Type 'void' is not assignable to type 'any[]'.
domains/purchase-orders/completePOServices.ts(224,5): error TS2322: Type 'void' is not assignable to type 'any[]'.
domains/purchase-orders/completePOServices.ts(228,5): error TS2322: Type 'void' is not assignable to type 'any[]'.
domains/purchase-orders/completePOServices.ts(232,5): error TS2322: Type 'void' is not assignable to type 'any[]'.
domains/purchase-orders/completePOServices.ts(236,5): error TS2322: Type 'void' is not assignable to type 'any[]'.
domains/purchase-orders/integratedPOServices.ts(166,5): error TS2322: Type 'void' is not assignable to type 'any[]'.
domains/purchase-orders/integratedPOServices.ts(179,5): error TS2322: Type 'void' is not assignable to type 'IntegratedPurchaseOrder[]'.
domains/purchase-orders/integratedPOServices.ts(183,5): error TS2322: Type 'void' is not assignable to type 'any[]'.
domains/purchase-orders/integratedPOServices.ts(187,5): error TS2322: Type 'void' is not assignable to type 'any[]'.
domains/purchase-orders/integratedPOServices.ts(191,5): error TS2322: Type 'void' is not assignable to type 'any[]'.
domains/purchase-orders/poServices-compatible.ts(57,5): error TS2322: Type 'void' is not assignable to type 'PurchaseOrder[]'.
domains/purchase-orders/poServices-compatible.ts(82,5): error TS2322: Type 'void' is not assignable to type 'PurchaseOrderItem[]'.
domains/purchase-orders/poServices-compatible.ts(98,5): error TS2322: Type 'void' is not assignable to type 'any[]'.
domains/purchase-orders/poServices-compatible.ts(103,5): error TS2322: Type 'void' is not assignable to type 'any[]'.
domains/purchase-orders/poServices-compatible.ts(108,5): error TS2322: Type 'void' is not assignable to type 'any[]'.
domains/purchase-orders/poServices-compatible.ts(139,5): error TS2322: Type 'void' is not assignable to type 'any[]'.
domains/quality/qualityServices.ts(7,6): error TS2339: Property 'from' does not exist on type 'Promise<SupabaseClient<Database, "public" extends Exclude<keyof Database, "__InternalSupabase"> ? "public" : string & Exclude<keyof Database, "__InternalSupabase">, ("public" extends Exclude<...> ? "public" : string & Exclude<...>) extends "public" ? "public" & ("public" extends Exclude<...> ? "public" : string & Ex...'.
domains/quality/qualityServices.ts(33,6): error TS2339: Property 'from' does not exist on type 'Promise<SupabaseClient<Database, "public" extends Exclude<keyof Database, "__InternalSupabase"> ? "public" : string & Exclude<keyof Database, "__InternalSupabase">, ("public" extends Exclude<...> ? "public" : string & Exclude<...>) extends "public" ? "public" & ("public" extends Exclude<...> ? "public" : string & Ex...'.
domains/quality/qualityServices.ts(50,6): error TS2339: Property 'from' does not exist on type 'Promise<SupabaseClient<Database, "public" extends Exclude<keyof Database, "__InternalSupabase"> ? "public" : string & Exclude<keyof Database, "__InternalSupabase">, ("public" extends Exclude<...> ? "public" : string & Exclude<...>) extends "public" ? "public" & ("public" extends Exclude<...> ? "public" : string & Ex...'.
domains/safety/safetyServices.ts(7,6): error TS2339: Property 'from' does not exist on type 'Promise<SupabaseClient<Database, "public" extends Exclude<keyof Database, "__InternalSupabase"> ? "public" : string & Exclude<keyof Database, "__InternalSupabase">, ("public" extends Exclude<...> ? "public" : string & Exclude<...>) extends "public" ? "public" & ("public" extends Exclude<...> ? "public" : string & Ex...'.
domains/safety/safetyServices.ts(33,6): error TS2339: Property 'from' does not exist on type 'Promise<SupabaseClient<Database, "public" extends Exclude<keyof Database, "__InternalSupabase"> ? "public" : string & Exclude<keyof Database, "__InternalSupabase">, ("public" extends Exclude<...> ? "public" : string & Exclude<...>) extends "public" ? "public" & ("public" extends Exclude<...> ? "public" : string & Ex...'.
domains/safety/safetyServices.ts(50,6): error TS2339: Property 'from' does not exist on type 'Promise<SupabaseClient<Database, "public" extends Exclude<keyof Database, "__InternalSupabase"> ? "public" : string & Exclude<keyof Database, "__InternalSupabase">, ("public" extends Exclude<...> ? "public" : string & Exclude<...>) extends "public" ? "public" & ("public" extends Exclude<...> ? "public" : string & Ex...'.
domains/tiles/tilesService.ts(19,24): error TS2345: Argument of type 'boolean' is not assignable to parameter of type '("is_active" extends keyof (Omit<Database, "__InternalSupabase">[("public" extends Exclude<keyof Database, "__InternalSupabase"> ? "public" : string & Exclude<...>) extends "public" ? "public" & ("public" extends Exclude<...> ? "public" : string & Exclude<...>) : "public"] extends GenericSchema ? Omit<...>[("public"...'.
domains/tiles/tilesService.ts(23,40): error TS2698: Spread types may only be created from object types.
domains/tiles/tilesService.ts(29,22): error TS2345: Argument of type 'boolean' is not assignable to parameter of type '("is_active" extends keyof (Omit<Database, "__InternalSupabase">[("public" extends Exclude<keyof Database, "__InternalSupabase"> ? "public" : string & Exclude<...>) extends "public" ? "public" & ("public" extends Exclude<...> ? "public" : string & Exclude<...>) : "public"] extends GenericSchema ? Omit<...>[("public"...'.
domains/tiles/tilesService.ts(30,24): error TS2345: Argument of type 'string[]' is not assignable to parameter of type 'readonly (("auth_object" extends keyof (Omit<Database, "__InternalSupabase">[("public" extends Exclude<keyof Database, "__InternalSupabase"> ? "public" : string & Exclude<...>) extends "public" ? "public" & ("public" extends Exclude<...> ? "public" : string & Exclude<...>) : "public"] extends GenericSchema ? Omit<.....'.
  Type 'string' is not assignable to type '("auth_object" extends keyof (Omit<Database, "__InternalSupabase">[("public" extends Exclude<keyof Database, "__InternalSupabase"> ? "public" : string & Exclude<...>) extends "public" ? "public" & ("public" extends Exclude<...> ? "public" : string & Exclude<...>) : "public"] extends GenericSchema ? Omit<...>[("publi...'.
domains/tiles/tilesService.ts(34,38): error TS2698: Spread types may only be created from object types.
domains/warehouse/warehouseServices.ts(7,6): error TS2339: Property 'from' does not exist on type 'Promise<SupabaseClient<Database, "public" extends Exclude<keyof Database, "__InternalSupabase"> ? "public" : string & Exclude<keyof Database, "__InternalSupabase">, ("public" extends Exclude<...> ? "public" : string & Exclude<...>) extends "public" ? "public" & ("public" extends Exclude<...> ? "public" : string & Ex...'.
domains/warehouse/warehouseServices.ts(30,6): error TS2339: Property 'from' does not exist on type 'Promise<SupabaseClient<Database, "public" extends Exclude<keyof Database, "__InternalSupabase"> ? "public" : string & Exclude<keyof Database, "__InternalSupabase">, ("public" extends Exclude<...> ? "public" : string & Exclude<...>) extends "public" ? "public" & ("public" extends Exclude<...> ? "public" : string & Ex...'.
domains/warehouse/warehouseServices.ts(47,6): error TS2339: Property 'from' does not exist on type 'Promise<SupabaseClient<Database, "public" extends Exclude<keyof Database, "__InternalSupabase"> ? "public" : string & Exclude<keyof Database, "__InternalSupabase">, ("public" extends Exclude<...> ? "public" : string & Exclude<...>) extends "public" ? "public" & ("public" extends Exclude<...> ? "public" : string & Ex...'.
domains/wbs/repositories/wbsRepository.ts(11,25): error TS2345: Argument of type 'string' is not assignable to parameter of type '("project_id" extends keyof (Omit<Database, "__InternalSupabase">[("public" extends Exclude<keyof Database, "__InternalSupabase"> ? "public" : string & Exclude<...>) extends "public" ? "public" & ("public" extends Exclude<...> ? "public" : string & Exclude<...>) : "public"] extends GenericSchema ? Omit<...>[("public...'.
domains/wbs/repositories/wbsRepository.ts(36,17): error TS2345: Argument of type 'string' is not assignable to parameter of type '("id" extends keyof (Omit<Database, "__InternalSupabase">[("public" extends Exclude<keyof Database, "__InternalSupabase"> ? "public" : string & Exclude<...>) extends "public" ? "public" & ("public" extends Exclude<...> ? "public" : string & Exclude<...>) : "public"] extends GenericSchema ? Omit<...>[("public" extend...'.
domains/wbs/repositories/wbsRepository.ts(49,17): error TS2345: Argument of type 'string' is not assignable to parameter of type '("id" extends keyof (Omit<Database, "__InternalSupabase">[("public" extends Exclude<keyof Database, "__InternalSupabase"> ? "public" : string & Exclude<...>) extends "public" ? "public" & ("public" extends Exclude<...> ? "public" : string & Exclude<...>) : "public"] extends GenericSchema ? Omit<...>[("public" extend...'.
domains/wbs/repositories/wbsRepository.ts(59,17): error TS2345: Argument of type 'string' is not assignable to parameter of type '("id" extends keyof (Omit<Database, "__InternalSupabase">[("public" extends Exclude<keyof Database, "__InternalSupabase"> ? "public" : string & Exclude<...>) extends "public" ? "public" & ("public" extends Exclude<...> ? "public" : string & Exclude<...>) : "public"] extends GenericSchema ? Omit<...>[("public" extend...'.
domains/wbs/repositories/wbsRepository.ts(63,17): error TS2339: Property 'project_code' does not exist on type 'SelectQueryError<"Processing node failed."> | SelectQueryError<"Could not retrieve a valid record or error value"> | { project_code: any; }'.
  Property 'project_code' does not exist on type 'SelectQueryError<"Processing node failed.">'.
domains/wbs/repositories/wbsRepository.ts(71,27): error TS2345: Argument of type 'string' is not assignable to parameter of type '("project_code" extends keyof (Omit<Database, "__InternalSupabase">[("public" extends Exclude<keyof Database, "__InternalSupabase"> ? "public" : string & Exclude<...>) extends "public" ? "public" & ("public" extends Exclude<...> ? "public" : string & Exclude<...>) : "public"] extends GenericSchema ? Omit<...>[("publ...'.
domains/wbs/repositories/wbsRepository.ts(75,18): error TS2339: Property 'id' does not exist on type 'SelectQueryError<"Processing node failed."> | SelectQueryError<"Could not retrieve a valid record or error value"> | { id: any; }'.
  Property 'id' does not exist on type 'SelectQueryError<"Processing node failed.">'.
domains/wbs/repositories/wbsRepository.ts(84,25): error TS2345: Argument of type 'string' is not assignable to parameter of type '("project_id" extends keyof (Omit<Database, "__InternalSupabase">[("public" extends Exclude<keyof Database, "__InternalSupabase"> ? "public" : string & Exclude<...>) extends "public" ? "public" & ("public" extends Exclude<...> ? "public" : string & Exclude<...>) : "public"] extends GenericSchema ? Omit<...>[("public...'.
domains/wbs/repositories/wbsRepository.ts(108,17): error TS2345: Argument of type 'string' is not assignable to parameter of type '("id" extends keyof (Omit<Database, "__InternalSupabase">[("public" extends Exclude<keyof Database, "__InternalSupabase"> ? "public" : string & Exclude<...>) extends "public" ? "public" & ("public" extends Exclude<...> ? "public" : string & Exclude<...>) : "public"] extends GenericSchema ? Omit<...>[("public" extend...'.
domains/wbs/repositories/wbsRepository.ts(121,17): error TS2345: Argument of type 'string' is not assignable to parameter of type '("id" extends keyof (Omit<Database, "__InternalSupabase">[("public" extends Exclude<keyof Database, "__InternalSupabase"> ? "public" : string & Exclude<...>) extends "public" ? "public" & ("public" extends Exclude<...> ? "public" : string & Exclude<...>) : "public"] extends GenericSchema ? Omit<...>[("public" extend...'.
domains/wbs/repositories/wbsRepository.ts(132,25): error TS2345: Argument of type 'string' is not assignable to parameter of type '("project_id" extends keyof (Omit<Database, "__InternalSupabase">[("public" extends Exclude<keyof Database, "__InternalSupabase"> ? "public" : string & Exclude<...>) extends "public" ? "public" & ("public" extends Exclude<...> ? "public" : string & Exclude<...>) : "public"] extends GenericSchema ? Omit<...>[("public...'.
domains/wbs/repositories/wbsRepository.ts(135,31): error TS2345: Argument of type 'string' is not assignable to parameter of type '("activity_id" extends keyof (Omit<Database, "__InternalSupabase">[("public" extends Exclude<keyof Database, "__InternalSupabase"> ? "public" : string & Exclude<...>) extends "public" ? "public" & ("public" extends Exclude<...> ? "public" : string & Exclude<...>) : "public"] extends GenericSchema ? Omit<...>[("publi...'.
domains/wbs/repositories/wbsRepository.ts(160,17): error TS2345: Argument of type 'string' is not assignable to parameter of type '("id" extends keyof (Omit<Database, "__InternalSupabase">[("public" extends Exclude<keyof Database, "__InternalSupabase"> ? "public" : string & Exclude<...>) extends "public" ? "public" & ("public" extends Exclude<...> ? "public" : string & Exclude<...>) : "public"] extends GenericSchema ? Omit<...>[("public" extend...'.
domains/wbs/repositories/wbsRepository.ts(173,17): error TS2345: Argument of type 'string' is not assignable to parameter of type '("id" extends keyof (Omit<Database, "__InternalSupabase">[("public" extends Exclude<keyof Database, "__InternalSupabase"> ? "public" : string & Exclude<...>) extends "public" ? "public" & ("public" extends Exclude<...> ? "public" : string & Exclude<...>) : "public"] extends GenericSchema ? Omit<...>[("public" extend...'.
domains/wbs/repositories/wbsRepository.ts(184,24): error TS2345: Argument of type 'boolean' is not assignable to parameter of type '("is_active" extends keyof (Omit<Database, "__InternalSupabase">[("public" extends Exclude<keyof Database, "__InternalSupabase"> ? "public" : string & Exclude<...>) extends "public" ? "public" & ("public" extends Exclude<...> ? "public" : string & Exclude<...>) : "public"] extends GenericSchema ? Omit<...>[("public"...'.
domains/wbs/repositories/wbsRepository.ts(187,43): error TS2339: Property 'id' does not exist on type 'SelectQueryError<"Processing node failed."> | SelectQueryError<"Could not retrieve a valid record or error value"> | { id: any; vendor_name: any; vendor_code: any; }'.
  Property 'id' does not exist on type 'SelectQueryError<"Processing node failed.">'.
domains/wbs/repositories/wbsRepository.ts(187,55): error TS2339: Property 'vendor_name' does not exist on type 'SelectQueryError<"Processing node failed."> | SelectQueryError<"Could not retrieve a valid record or error value"> | { id: any; vendor_name: any; vendor_code: any; }'.
  Property 'vendor_name' does not exist on type 'SelectQueryError<"Processing node failed.">'.
domains/wbs/repositories/wbsRepository.ts(187,76): error TS2339: Property 'vendor_code' does not exist on type 'SelectQueryError<"Processing node failed."> | SelectQueryError<"Could not retrieve a valid record or error value"> | { id: any; vendor_name: any; vendor_code: any; }'.
  Property 'vendor_code' does not exist on type 'SelectQueryError<"Processing node failed.">'.
domains/wbs/repositories/wbsRepository.ts(196,17): error TS2345: Argument of type 'string' is not assignable to parameter of type '("id" extends keyof (Omit<Database, "__InternalSupabase">[("public" extends Exclude<keyof Database, "__InternalSupabase"> ? "public" : string & Exclude<...>) extends "public" ? "public" & ("public" extends Exclude<...> ? "public" : string & Exclude<...>) : "public"] extends GenericSchema ? Omit<...>[("public" extend...'.
domains/wbs/repositories/wbsRepository.ts(208,25): error TS2345: Argument of type 'string' is not assignable to parameter of type '("project_id" extends keyof (Omit<Database, "__InternalSupabase">[("public" extends Exclude<keyof Database, "__InternalSupabase"> ? "public" : string & Exclude<...>) extends "public" ? "public" & ("public" extends Exclude<...> ? "public" : string & Exclude<...>) : "public"] extends GenericSchema ? Omit<...>[("public...'.
domains/wbs/repositories/wbsRepository.ts(211,29): error TS2345: Argument of type 'string' is not assignable to parameter of type '("parent_id" extends keyof (Omit<Database, "__InternalSupabase">[("public" extends Exclude<keyof Database, "__InternalSupabase"> ? "public" : string & Exclude<...>) extends "public" ? "public" & ("public" extends Exclude<...> ? "public" : string & Exclude<...>) : "public"] extends GenericSchema ? Omit<...>[("public"...'.
domains/wbs/repositories/wbsRepository.ts(226,26): error TS2345: Argument of type 'string' is not assignable to parameter of type '("wbs_node_id" extends keyof (Omit<Database, "__InternalSupabase">[("public" extends Exclude<keyof Database, "__InternalSupabase"> ? "public" : string & Exclude<...>) extends "public" ? "public" & ("public" extends Exclude<...> ? "public" : string & Exclude<...>) : "public"] extends GenericSchema ? Omit<...>[("publi...'.
domains/wbs/wbsServices.ts(66,5): error TS2322: Type 'GetResult<Omit<Database, "__InternalSupabase">[("public" extends Exclude<keyof Database, "__InternalSupabase"> ? "public" : string & Exclude<keyof Database, "__InternalSupabase">) extends "public" ? "public" & ("public" extends Exclude<...> ? "public" : string & Exclude<...>) : "public"] extends GenericSchema ? Omit...' is not assignable to type 'WBSNode[]'.
  Type 'GetResult<Omit<Database, "__InternalSupabase">[("public" extends Exclude<keyof Database, "__InternalSupabase"> ? "public" : string & Exclude<keyof Database, "__InternalSupabase">) extends "public" ? "public" & ("public" extends Exclude<...> ? "public" : string & Exclude<...>) : "public"] extends GenericSchema ? Omit...' is not assignable to type 'WBSNode'.
    Type '((Omit<Database, "__InternalSupabase">[("public" extends Exclude<keyof Database, "__InternalSupabase"> ? "public" : string & Exclude<keyof Database, "__InternalSupabase">) extends "public" ? "public" & ("public" extends Exclude<...> ? "public" : string & Exclude<...>) : "public"] extends GenericSchema ? Omit<...>[("...' is not assignable to type 'WBSNode'.
      Type '(Omit<Database, "__InternalSupabase">[("public" extends Exclude<keyof Database, "__InternalSupabase"> ? "public" : string & Exclude<keyof Database, "__InternalSupabase">) extends "public" ? "public" & ("public" extends Exclude<...> ? "public" : string & Exclude<...>) : "public"]["Tables"]["wbs_nodes"] extends { ...;...' is not assignable to type 'WBSNode'.
        Type '(Database[("public" extends Exclude<keyof Database, "__InternalSupabase"> ? "public" : string & Exclude<keyof Database, "__InternalSupabase">) extends "public" ? "public" & ("public" extends Exclude<...> ? "public" : string & Exclude<...>) : "public"]["Tables"]["wbs_nodes"] extends { ...; } ? R : unknown) extends nu...' is not assignable to type 'WBSNode'.
          Type '(Database[("public" extends "public" ? "public" : "public") | (string & Exclude<keyof Database, "__InternalSupabase"> extends "public" ? "public" & Exclude<...> : "public")]["Tables"]["wbs_nodes"] extends { ...; } ? R : unknown) extends null ? (Omit<...>[("public" extends Exclude<...> ? "public" : string & Exclude<....' is not assignable to type 'WBSNode'.
            Type '((Database["public" extends "public" ? "public" : "public"]["Tables"]["wbs_nodes"] extends { Relationships: infer R; } ? R : unknown) extends null ? (Omit<Database, "__InternalSupabase">[("public" extends Exclude<...> ? "public" : string & Exclude<...>) extends "public" ? "public" & ("public" extends Exclude<...> ? ...' is not assignable to type 'WBSNode'.
              Type '(Database["public" extends "public" ? "public" : "public"]["Tables"]["wbs_nodes"] extends { Relationships: infer R; } ? R : unknown) extends null ? (Omit<Database, "__InternalSupabase">[("public" extends Exclude<...> ? "public" : string & Exclude<...>) extends "public" ? "public" & ("public" extends Exclude<...> ? "...' is not assignable to type 'WBSNode'.
                Type '((Omit<Database, "__InternalSupabase">[("public" extends Exclude<keyof Database, "__InternalSupabase"> ? "public" : string & Exclude<keyof Database, "__InternalSupabase">) extends "public" ? "public" & ("public" extends Exclude<...> ? "public" : string & Exclude<...>) : "public"] extends GenericSchema ? Omit<...>[("...' is not assignable to type 'WBSNode'.
                  Type '(Omit<Database, "__InternalSupabase">[("public" extends Exclude<keyof Database, "__InternalSupabase"> ? "public" : string & Exclude<keyof Database, "__InternalSupabase">) extends "public" ? "public" & ("public" extends Exclude<...> ? "public" : string & Exclude<...>) : "public"] extends GenericSchema ? Omit<...>[("p...' is not assignable to type 'WBSNode'.
                    Type 'SelectQueryError<"Processing node failed."> | SelectQueryError<"Could not retrieve a valid record or error value">' is not assignable to type 'WBSNode'.
                      Type '{ error: true; } & String' is missing the following properties from type 'WBSNode': id, project_id, code, name, and 3 more.
domains/wbs/wbsServices.ts(72,5): error TS2322: Type 'GetResult<Omit<Database, "__InternalSupabase">[("public" extends Exclude<keyof Database, "__InternalSupabase"> ? "public" : string & Exclude<keyof Database, "__InternalSupabase">) extends "public" ? "public" & ("public" extends Exclude<...> ? "public" : string & Exclude<...>) : "public"] extends GenericSchema ? Omit...' is not assignable to type 'WBSNode[]'.
  Type 'GetResult<Omit<Database, "__InternalSupabase">[("public" extends Exclude<keyof Database, "__InternalSupabase"> ? "public" : string & Exclude<keyof Database, "__InternalSupabase">) extends "public" ? "public" & ("public" extends Exclude<...> ? "public" : string & Exclude<...>) : "public"] extends GenericSchema ? Omit...' is not assignable to type 'WBSNode'.
    Type '((Omit<Database, "__InternalSupabase">[("public" extends Exclude<keyof Database, "__InternalSupabase"> ? "public" : string & Exclude<keyof Database, "__InternalSupabase">) extends "public" ? "public" & ("public" extends Exclude<...> ? "public" : string & Exclude<...>) : "public"] extends GenericSchema ? Omit<...>[("...' is not assignable to type 'WBSNode'.
      Type '(Omit<Database, "__InternalSupabase">[("public" extends Exclude<keyof Database, "__InternalSupabase"> ? "public" : string & Exclude<keyof Database, "__InternalSupabase">) extends "public" ? "public" & ("public" extends Exclude<...> ? "public" : string & Exclude<...>) : "public"]["Tables"]["wbs_nodes"] extends { ...;...' is not assignable to type 'WBSNode'.
        Type '(Database[("public" extends Exclude<keyof Database, "__InternalSupabase"> ? "public" : string & Exclude<keyof Database, "__InternalSupabase">) extends "public" ? "public" & ("public" extends Exclude<...> ? "public" : string & Exclude<...>) : "public"]["Tables"]["wbs_nodes"] extends { ...; } ? R : unknown) extends nu...' is not assignable to type 'WBSNode'.
          Type '(Database[("public" extends "public" ? "public" : "public") | (string & Exclude<keyof Database, "__InternalSupabase"> extends "public" ? "public" & Exclude<...> : "public")]["Tables"]["wbs_nodes"] extends { ...; } ? R : unknown) extends null ? (Omit<...>[("public" extends Exclude<...> ? "public" : string & Exclude<....' is not assignable to type 'WBSNode'.
            Type '((Database["public" extends "public" ? "public" : "public"]["Tables"]["wbs_nodes"] extends { Relationships: infer R; } ? R : unknown) extends null ? (Omit<Database, "__InternalSupabase">[("public" extends Exclude<...> ? "public" : string & Exclude<...>) extends "public" ? "public" & ("public" extends Exclude<...> ? ...' is not assignable to type 'WBSNode'.
              Type '(Database["public" extends "public" ? "public" : "public"]["Tables"]["wbs_nodes"] extends { Relationships: infer R; } ? R : unknown) extends null ? (Omit<Database, "__InternalSupabase">[("public" extends Exclude<...> ? "public" : string & Exclude<...>) extends "public" ? "public" & ("public" extends Exclude<...> ? "...' is not assignable to type 'WBSNode'.
                Type '((Omit<Database, "__InternalSupabase">[("public" extends Exclude<keyof Database, "__InternalSupabase"> ? "public" : string & Exclude<keyof Database, "__InternalSupabase">) extends "public" ? "public" & ("public" extends Exclude<...> ? "public" : string & Exclude<...>) : "public"] extends GenericSchema ? Omit<...>[("...' is not assignable to type 'WBSNode'.
                  Type '(Omit<Database, "__InternalSupabase">[("public" extends Exclude<keyof Database, "__InternalSupabase"> ? "public" : string & Exclude<keyof Database, "__InternalSupabase">) extends "public" ? "public" & ("public" extends Exclude<...> ? "public" : string & Exclude<...>) : "public"] extends GenericSchema ? Omit<...>[("p...' is not assignable to type 'WBSNode'.
                    Type 'SelectQueryError<"Processing node failed."> | SelectQueryError<"Could not retrieve a valid record or error value">' is not assignable to type 'WBSNode'.
                      Type '{ error: true; } & String' is missing the following properties from type 'WBSNode': id, project_id, code, name, and 3 more.
domains/wbs/wbsServices.ts(77,5): error TS2322: Type 'GetResult<Omit<Database, "__InternalSupabase">[("public" extends Exclude<keyof Database, "__InternalSupabase"> ? "public" : string & Exclude<keyof Database, "__InternalSupabase">) extends "public" ? "public" & ("public" extends Exclude<...> ? "public" : string & Exclude<...>) : "public"] extends GenericSchema ? Omit...' is not assignable to type 'WBSNode'.
  Type '((Omit<Database, "__InternalSupabase">[("public" extends Exclude<keyof Database, "__InternalSupabase"> ? "public" : string & Exclude<keyof Database, "__InternalSupabase">) extends "public" ? "public" & ("public" extends Exclude<...> ? "public" : string & Exclude<...>) : "public"] extends GenericSchema ? Omit<...>[("...' is not assignable to type 'WBSNode'.
    Type '(Omit<Database, "__InternalSupabase">[("public" extends Exclude<keyof Database, "__InternalSupabase"> ? "public" : string & Exclude<keyof Database, "__InternalSupabase">) extends "public" ? "public" & ("public" extends Exclude<...> ? "public" : string & Exclude<...>) : "public"]["Tables"]["wbs_nodes"] extends { ...;...' is not assignable to type 'WBSNode'.
      Type '(Database[("public" extends Exclude<keyof Database, "__InternalSupabase"> ? "public" : string & Exclude<keyof Database, "__InternalSupabase">) extends "public" ? "public" & ("public" extends Exclude<...> ? "public" : string & Exclude<...>) : "public"]["Tables"]["wbs_nodes"] extends { ...; } ? R : unknown) extends nu...' is not assignable to type 'WBSNode'.
        Type '(Database[("public" extends "public" ? "public" : "public") | (string & Exclude<keyof Database, "__InternalSupabase"> extends "public" ? "public" & Exclude<...> : "public")]["Tables"]["wbs_nodes"] extends { ...; } ? R : unknown) extends null ? (Omit<...>[("public" extends Exclude<...> ? "public" : string & Exclude<....' is not assignable to type 'WBSNode'.
          Type '((Database["public" extends "public" ? "public" : "public"]["Tables"]["wbs_nodes"] extends { Relationships: infer R; } ? R : unknown) extends null ? (Omit<Database, "__InternalSupabase">[("public" extends Exclude<...> ? "public" : string & Exclude<...>) extends "public" ? "public" & ("public" extends Exclude<...> ? ...' is not assignable to type 'WBSNode'.
            Type '(Database["public" extends "public" ? "public" : "public"]["Tables"]["wbs_nodes"] extends { Relationships: infer R; } ? R : unknown) extends null ? (Omit<Database, "__InternalSupabase">[("public" extends Exclude<...> ? "public" : string & Exclude<...>) extends "public" ? "public" & ("public" extends Exclude<...> ? "...' is not assignable to type 'WBSNode'.
              Type '((Omit<Database, "__InternalSupabase">[("public" extends Exclude<keyof Database, "__InternalSupabase"> ? "public" : string & Exclude<keyof Database, "__InternalSupabase">) extends "public" ? "public" & ("public" extends Exclude<...> ? "public" : string & Exclude<...>) : "public"] extends GenericSchema ? Omit<...>[("...' is not assignable to type 'WBSNode'.
                Type '(Omit<Database, "__InternalSupabase">[("public" extends Exclude<keyof Database, "__InternalSupabase"> ? "public" : string & Exclude<keyof Database, "__InternalSupabase">) extends "public" ? "public" & ("public" extends Exclude<...> ? "public" : string & Exclude<...>) : "public"] extends GenericSchema ? Omit<...>[("p...' is not assignable to type 'WBSNode'.
                  Type 'SelectQueryError<"Processing node failed."> | SelectQueryError<"Could not retrieve a valid record or error value">' is not assignable to type 'WBSNode'.
                    Type '{ error: true; } & String' is missing the following properties from type 'WBSNode': id, project_id, code, name, and 3 more.
domains/wbs/wbsServices.ts(81,5): error TS2322: Type 'GetResult<Omit<Database, "__InternalSupabase">[("public" extends Exclude<keyof Database, "__InternalSupabase"> ? "public" : string & Exclude<keyof Database, "__InternalSupabase">) extends "public" ? "public" & ("public" extends Exclude<...> ? "public" : string & Exclude<...>) : "public"] extends GenericSchema ? Omit...' is not assignable to type 'WBSNode'.
  Type '((Omit<Database, "__InternalSupabase">[("public" extends Exclude<keyof Database, "__InternalSupabase"> ? "public" : string & Exclude<keyof Database, "__InternalSupabase">) extends "public" ? "public" & ("public" extends Exclude<...> ? "public" : string & Exclude<...>) : "public"] extends GenericSchema ? Omit<...>[("...' is not assignable to type 'WBSNode'.
    Type '(Omit<Database, "__InternalSupabase">[("public" extends Exclude<keyof Database, "__InternalSupabase"> ? "public" : string & Exclude<keyof Database, "__InternalSupabase">) extends "public" ? "public" & ("public" extends Exclude<...> ? "public" : string & Exclude<...>) : "public"]["Tables"]["wbs_nodes"] extends { ...;...' is not assignable to type 'WBSNode'.
      Type '(Database[("public" extends Exclude<keyof Database, "__InternalSupabase"> ? "public" : string & Exclude<keyof Database, "__InternalSupabase">) extends "public" ? "public" & ("public" extends Exclude<...> ? "public" : string & Exclude<...>) : "public"]["Tables"]["wbs_nodes"] extends { ...; } ? R : unknown) extends nu...' is not assignable to type 'WBSNode'.
        Type '(Database[("public" extends "public" ? "public" : "public") | (string & Exclude<keyof Database, "__InternalSupabase"> extends "public" ? "public" & Exclude<...> : "public")]["Tables"]["wbs_nodes"] extends { ...; } ? R : unknown) extends null ? (Omit<...>[("public" extends Exclude<...> ? "public" : string & Exclude<....' is not assignable to type 'WBSNode'.
          Type '((Database["public" extends "public" ? "public" : "public"]["Tables"]["wbs_nodes"] extends { Relationships: infer R; } ? R : unknown) extends null ? (Omit<Database, "__InternalSupabase">[("public" extends Exclude<...> ? "public" : string & Exclude<...>) extends "public" ? "public" & ("public" extends Exclude<...> ? ...' is not assignable to type 'WBSNode'.
            Type '(Database["public" extends "public" ? "public" : "public"]["Tables"]["wbs_nodes"] extends { Relationships: infer R; } ? R : unknown) extends null ? (Omit<Database, "__InternalSupabase">[("public" extends Exclude<...> ? "public" : string & Exclude<...>) extends "public" ? "public" & ("public" extends Exclude<...> ? "...' is not assignable to type 'WBSNode'.
              Type '((Omit<Database, "__InternalSupabase">[("public" extends Exclude<keyof Database, "__InternalSupabase"> ? "public" : string & Exclude<keyof Database, "__InternalSupabase">) extends "public" ? "public" & ("public" extends Exclude<...> ? "public" : string & Exclude<...>) : "public"] extends GenericSchema ? Omit<...>[("...' is not assignable to type 'WBSNode'.
                Type '(Omit<Database, "__InternalSupabase">[("public" extends Exclude<keyof Database, "__InternalSupabase"> ? "public" : string & Exclude<keyof Database, "__InternalSupabase">) extends "public" ? "public" & ("public" extends Exclude<...> ? "public" : string & Exclude<...>) : "public"] extends GenericSchema ? Omit<...>[("p...' is not assignable to type 'WBSNode'.
                  Type 'SelectQueryError<"Processing node failed."> | SelectQueryError<"Could not retrieve a valid record or error value">' is not assignable to type 'WBSNode'.
                    Type '{ error: true; } & String' is missing the following properties from type 'WBSNode': id, project_id, code, name, and 3 more.
domains/wbs/wbsServices.ts(91,7): error TS2322: Type 'GetResult<Omit<Database, "__InternalSupabase">[("public" extends Exclude<keyof Database, "__InternalSupabase"> ? "public" : string & Exclude<keyof Database, "__InternalSupabase">) extends "public" ? "public" & ("public" extends Exclude<...> ? "public" : string & Exclude<...>) : "public"] extends GenericSchema ? Omit...' is not assignable to type 'Activity[]'.
  Type 'GetResult<Omit<Database, "__InternalSupabase">[("public" extends Exclude<keyof Database, "__InternalSupabase"> ? "public" : string & Exclude<keyof Database, "__InternalSupabase">) extends "public" ? "public" & ("public" extends Exclude<...> ? "public" : string & Exclude<...>) : "public"] extends GenericSchema ? Omit...' is not assignable to type 'Activity'.
    Type '((Omit<Database, "__InternalSupabase">[("public" extends Exclude<keyof Database, "__InternalSupabase"> ? "public" : string & Exclude<keyof Database, "__InternalSupabase">) extends "public" ? "public" & ("public" extends Exclude<...> ? "public" : string & Exclude<...>) : "public"] extends GenericSchema ? Omit<...>[("...' is not assignable to type 'Activity'.
      Type '(Omit<Database, "__InternalSupabase">[("public" extends Exclude<keyof Database, "__InternalSupabase"> ? "public" : string & Exclude<keyof Database, "__InternalSupabase">) extends "public" ? "public" & ("public" extends Exclude<...> ? "public" : string & Exclude<...>) : "public"]["Tables"]["activities"] extends { ......' is not assignable to type 'Activity'.
        Type '(Database[("public" extends Exclude<keyof Database, "__InternalSupabase"> ? "public" : string & Exclude<keyof Database, "__InternalSupabase">) extends "public" ? "public" & ("public" extends Exclude<...> ? "public" : string & Exclude<...>) : "public"]["Tables"]["activities"] extends { ...; } ? R : unknown) extends n...' is not assignable to type 'Activity'.
          Type '(Database[("public" extends "public" ? "public" : "public") | (string & Exclude<keyof Database, "__InternalSupabase"> extends "public" ? "public" & Exclude<...> : "public")]["Tables"]["activities"] extends { ...; } ? R : unknown) extends null ? (Omit<...>[("public" extends Exclude<...> ? "public" : string & Exclude<...' is not assignable to type 'Activity'.
            Type '((Database["public" extends "public" ? "public" : "public"]["Tables"]["activities"] extends { Relationships: infer R; } ? R : unknown) extends null ? (Omit<Database, "__InternalSupabase">[("public" extends Exclude<...> ? "public" : string & Exclude<...>) extends "public" ? "public" & ("public" extends Exclude<...> ?...' is not assignable to type 'Activity'.
              Type '(Database["public" extends "public" ? "public" : "public"]["Tables"]["activities"] extends { Relationships: infer R; } ? R : unknown) extends null ? (Omit<Database, "__InternalSupabase">[("public" extends Exclude<...> ? "public" : string & Exclude<...>) extends "public" ? "public" & ("public" extends Exclude<...> ? ...' is not assignable to type 'Activity'.
                Type '((Omit<Database, "__InternalSupabase">[("public" extends Exclude<keyof Database, "__InternalSupabase"> ? "public" : string & Exclude<keyof Database, "__InternalSupabase">) extends "public" ? "public" & ("public" extends Exclude<...> ? "public" : string & Exclude<...>) : "public"] extends GenericSchema ? Omit<...>[("...' is not assignable to type 'Activity'.
                  Type '(Omit<Database, "__InternalSupabase">[("public" extends Exclude<keyof Database, "__InternalSupabase"> ? "public" : string & Exclude<keyof Database, "__InternalSupabase">) extends "public" ? "public" & ("public" extends Exclude<...> ? "public" : string & Exclude<...>) : "public"] extends GenericSchema ? Omit<...>[("p...' is not assignable to type 'Activity'.
                    Type 'SelectQueryError<"Processing node failed."> | SelectQueryError<"Could not retrieve a valid record or error value">' is not assignable to type 'Activity'.
                      Type '{ error: true; } & String' is missing the following properties from type 'Activity': id, project_id, wbs_node_id, code, and 4 more.
domains/wbs/wbsServices.ts(93,5): error TS2322: Type 'GetResult<Omit<Database, "__InternalSupabase">[("public" extends Exclude<keyof Database, "__InternalSupabase"> ? "public" : string & Exclude<keyof Database, "__InternalSupabase">) extends "public" ? "public" & ("public" extends Exclude<...> ? "public" : string & Exclude<...>) : "public"] extends GenericSchema ? Omit...' is not assignable to type 'Activity[]'.
  Type 'GetResult<Omit<Database, "__InternalSupabase">[("public" extends Exclude<keyof Database, "__InternalSupabase"> ? "public" : string & Exclude<keyof Database, "__InternalSupabase">) extends "public" ? "public" & ("public" extends Exclude<...> ? "public" : string & Exclude<...>) : "public"] extends GenericSchema ? Omit...' is not assignable to type 'Activity'.
    Type '((Omit<Database, "__InternalSupabase">[("public" extends Exclude<keyof Database, "__InternalSupabase"> ? "public" : string & Exclude<keyof Database, "__InternalSupabase">) extends "public" ? "public" & ("public" extends Exclude<...> ? "public" : string & Exclude<...>) : "public"] extends GenericSchema ? Omit<...>[("...' is not assignable to type 'Activity'.
      Type '(Omit<Database, "__InternalSupabase">[("public" extends Exclude<keyof Database, "__InternalSupabase"> ? "public" : string & Exclude<keyof Database, "__InternalSupabase">) extends "public" ? "public" & ("public" extends Exclude<...> ? "public" : string & Exclude<...>) : "public"]["Tables"]["activities"] extends { ......' is not assignable to type 'Activity'.
        Type '(Database[("public" extends Exclude<keyof Database, "__InternalSupabase"> ? "public" : string & Exclude<keyof Database, "__InternalSupabase">) extends "public" ? "public" & ("public" extends Exclude<...> ? "public" : string & Exclude<...>) : "public"]["Tables"]["activities"] extends { ...; } ? R : unknown) extends n...' is not assignable to type 'Activity'.
          Type '(Database[("public" extends "public" ? "public" : "public") | (string & Exclude<keyof Database, "__InternalSupabase"> extends "public" ? "public" & Exclude<...> : "public")]["Tables"]["activities"] extends { ...; } ? R : unknown) extends null ? (Omit<...>[("public" extends Exclude<...> ? "public" : string & Exclude<...' is not assignable to type 'Activity'.
            Type '((Database["public" extends "public" ? "public" : "public"]["Tables"]["activities"] extends { Relationships: infer R; } ? R : unknown) extends null ? (Omit<Database, "__InternalSupabase">[("public" extends Exclude<...> ? "public" : string & Exclude<...>) extends "public" ? "public" & ("public" extends Exclude<...> ?...' is not assignable to type 'Activity'.
              Type '(Database["public" extends "public" ? "public" : "public"]["Tables"]["activities"] extends { Relationships: infer R; } ? R : unknown) extends null ? (Omit<Database, "__InternalSupabase">[("public" extends Exclude<...> ? "public" : string & Exclude<...>) extends "public" ? "public" & ("public" extends Exclude<...> ? ...' is not assignable to type 'Activity'.
                Type '((Omit<Database, "__InternalSupabase">[("public" extends Exclude<keyof Database, "__InternalSupabase"> ? "public" : string & Exclude<keyof Database, "__InternalSupabase">) extends "public" ? "public" & ("public" extends Exclude<...> ? "public" : string & Exclude<...>) : "public"] extends GenericSchema ? Omit<...>[("...' is not assignable to type 'Activity'.
                  Type '(Omit<Database, "__InternalSupabase">[("public" extends Exclude<keyof Database, "__InternalSupabase"> ? "public" : string & Exclude<keyof Database, "__InternalSupabase">) extends "public" ? "public" & ("public" extends Exclude<...> ? "public" : string & Exclude<...>) : "public"] extends GenericSchema ? Omit<...>[("p...' is not assignable to type 'Activity'.
                    Type 'SelectQueryError<"Processing node failed."> | SelectQueryError<"Could not retrieve a valid record or error value">' is not assignable to type 'Activity'.
                      Type '{ error: true; } & String' is missing the following properties from type 'Activity': id, project_id, wbs_node_id, code, and 4 more.
domains/wbs/wbsServices.ts(98,5): error TS2322: Type 'GetResult<Omit<Database, "__InternalSupabase">[("public" extends Exclude<keyof Database, "__InternalSupabase"> ? "public" : string & Exclude<keyof Database, "__InternalSupabase">) extends "public" ? "public" & ("public" extends Exclude<...> ? "public" : string & Exclude<...>) : "public"] extends GenericSchema ? Omit...' is not assignable to type 'Activity'.
  Type '((Omit<Database, "__InternalSupabase">[("public" extends Exclude<keyof Database, "__InternalSupabase"> ? "public" : string & Exclude<keyof Database, "__InternalSupabase">) extends "public" ? "public" & ("public" extends Exclude<...> ? "public" : string & Exclude<...>) : "public"] extends GenericSchema ? Omit<...>[("...' is not assignable to type 'Activity'.
    Type '(Omit<Database, "__InternalSupabase">[("public" extends Exclude<keyof Database, "__InternalSupabase"> ? "public" : string & Exclude<keyof Database, "__InternalSupabase">) extends "public" ? "public" & ("public" extends Exclude<...> ? "public" : string & Exclude<...>) : "public"]["Tables"]["activities"] extends { ......' is not assignable to type 'Activity'.
      Type '(Database[("public" extends Exclude<keyof Database, "__InternalSupabase"> ? "public" : string & Exclude<keyof Database, "__InternalSupabase">) extends "public" ? "public" & ("public" extends Exclude<...> ? "public" : string & Exclude<...>) : "public"]["Tables"]["activities"] extends { ...; } ? R : unknown) extends n...' is not assignable to type 'Activity'.
        Type '(Database[("public" extends "public" ? "public" : "public") | (string & Exclude<keyof Database, "__InternalSupabase"> extends "public" ? "public" & Exclude<...> : "public")]["Tables"]["activities"] extends { ...; } ? R : unknown) extends null ? (Omit<...>[("public" extends Exclude<...> ? "public" : string & Exclude<...' is not assignable to type 'Activity'.
          Type '((Database["public" extends "public" ? "public" : "public"]["Tables"]["activities"] extends { Relationships: infer R; } ? R : unknown) extends null ? (Omit<Database, "__InternalSupabase">[("public" extends Exclude<...> ? "public" : string & Exclude<...>) extends "public" ? "public" & ("public" extends Exclude<...> ?...' is not assignable to type 'Activity'.
            Type '(Database["public" extends "public" ? "public" : "public"]["Tables"]["activities"] extends { Relationships: infer R; } ? R : unknown) extends null ? (Omit<Database, "__InternalSupabase">[("public" extends Exclude<...> ? "public" : string & Exclude<...>) extends "public" ? "public" & ("public" extends Exclude<...> ? ...' is not assignable to type 'Activity'.
              Type '((Omit<Database, "__InternalSupabase">[("public" extends Exclude<keyof Database, "__InternalSupabase"> ? "public" : string & Exclude<keyof Database, "__InternalSupabase">) extends "public" ? "public" & ("public" extends Exclude<...> ? "public" : string & Exclude<...>) : "public"] extends GenericSchema ? Omit<...>[("...' is not assignable to type 'Activity'.
                Type '(Omit<Database, "__InternalSupabase">[("public" extends Exclude<keyof Database, "__InternalSupabase"> ? "public" : string & Exclude<keyof Database, "__InternalSupabase">) extends "public" ? "public" & ("public" extends Exclude<...> ? "public" : string & Exclude<...>) : "public"] extends GenericSchema ? Omit<...>[("p...' is not assignable to type 'Activity'.
                  Type 'SelectQueryError<"Processing node failed."> | SelectQueryError<"Could not retrieve a valid record or error value">' is not assignable to type 'Activity'.
                    Type '{ error: true; } & String' is missing the following properties from type 'Activity': id, project_id, wbs_node_id, code, and 4 more.
domains/wbs/wbsServices.ts(102,5): error TS2322: Type 'GetResult<Omit<Database, "__InternalSupabase">[("public" extends Exclude<keyof Database, "__InternalSupabase"> ? "public" : string & Exclude<keyof Database, "__InternalSupabase">) extends "public" ? "public" & ("public" extends Exclude<...> ? "public" : string & Exclude<...>) : "public"] extends GenericSchema ? Omit...' is not assignable to type 'Activity'.
  Type '((Omit<Database, "__InternalSupabase">[("public" extends Exclude<keyof Database, "__InternalSupabase"> ? "public" : string & Exclude<keyof Database, "__InternalSupabase">) extends "public" ? "public" & ("public" extends Exclude<...> ? "public" : string & Exclude<...>) : "public"] extends GenericSchema ? Omit<...>[("...' is not assignable to type 'Activity'.
    Type '(Omit<Database, "__InternalSupabase">[("public" extends Exclude<keyof Database, "__InternalSupabase"> ? "public" : string & Exclude<keyof Database, "__InternalSupabase">) extends "public" ? "public" & ("public" extends Exclude<...> ? "public" : string & Exclude<...>) : "public"]["Tables"]["activities"] extends { ......' is not assignable to type 'Activity'.
      Type '(Database[("public" extends Exclude<keyof Database, "__InternalSupabase"> ? "public" : string & Exclude<keyof Database, "__InternalSupabase">) extends "public" ? "public" & ("public" extends Exclude<...> ? "public" : string & Exclude<...>) : "public"]["Tables"]["activities"] extends { ...; } ? R : unknown) extends n...' is not assignable to type 'Activity'.
        Type '(Database[("public" extends "public" ? "public" : "public") | (string & Exclude<keyof Database, "__InternalSupabase"> extends "public" ? "public" & Exclude<...> : "public")]["Tables"]["activities"] extends { ...; } ? R : unknown) extends null ? (Omit<...>[("public" extends Exclude<...> ? "public" : string & Exclude<...' is not assignable to type 'Activity'.
          Type '((Database["public" extends "public" ? "public" : "public"]["Tables"]["activities"] extends { Relationships: infer R; } ? R : unknown) extends null ? (Omit<Database, "__InternalSupabase">[("public" extends Exclude<...> ? "public" : string & Exclude<...>) extends "public" ? "public" & ("public" extends Exclude<...> ?...' is not assignable to type 'Activity'.
            Type '(Database["public" extends "public" ? "public" : "public"]["Tables"]["activities"] extends { Relationships: infer R; } ? R : unknown) extends null ? (Omit<Database, "__InternalSupabase">[("public" extends Exclude<...> ? "public" : string & Exclude<...>) extends "public" ? "public" & ("public" extends Exclude<...> ? ...' is not assignable to type 'Activity'.
              Type '((Omit<Database, "__InternalSupabase">[("public" extends Exclude<keyof Database, "__InternalSupabase"> ? "public" : string & Exclude<keyof Database, "__InternalSupabase">) extends "public" ? "public" & ("public" extends Exclude<...> ? "public" : string & Exclude<...>) : "public"] extends GenericSchema ? Omit<...>[("...' is not assignable to type 'Activity'.
                Type '(Omit<Database, "__InternalSupabase">[("public" extends Exclude<keyof Database, "__InternalSupabase"> ? "public" : string & Exclude<keyof Database, "__InternalSupabase">) extends "public" ? "public" & ("public" extends Exclude<...> ? "public" : string & Exclude<...>) : "public"] extends GenericSchema ? Omit<...>[("p...' is not assignable to type 'Activity'.
                  Type 'SelectQueryError<"Processing node failed."> | SelectQueryError<"Could not retrieve a valid record or error value">' is not assignable to type 'Activity'.
                    Type '{ error: true; } & String' is missing the following properties from type 'Activity': id, project_id, wbs_node_id, code, and 4 more.
domains/wbs/wbsServices.ts(111,5): error TS2322: Type 'GetResult<Omit<Database, "__InternalSupabase">[("public" extends Exclude<keyof Database, "__InternalSupabase"> ? "public" : string & Exclude<keyof Database, "__InternalSupabase">) extends "public" ? "public" & ("public" extends Exclude<...> ? "public" : string & Exclude<...>) : "public"] extends GenericSchema ? Omit...' is not assignable to type 'Task[]'.
  Type 'GetResult<Omit<Database, "__InternalSupabase">[("public" extends Exclude<keyof Database, "__InternalSupabase"> ? "public" : string & Exclude<keyof Database, "__InternalSupabase">) extends "public" ? "public" & ("public" extends Exclude<...> ? "public" : string & Exclude<...>) : "public"] extends GenericSchema ? Omit...' is not assignable to type 'Task'.
    Type '((Omit<Database, "__InternalSupabase">[("public" extends Exclude<keyof Database, "__InternalSupabase"> ? "public" : string & Exclude<keyof Database, "__InternalSupabase">) extends "public" ? "public" & ("public" extends Exclude<...> ? "public" : string & Exclude<...>) : "public"] extends GenericSchema ? Omit<...>[("...' is not assignable to type 'Task'.
      Type '(Omit<Database, "__InternalSupabase">[("public" extends Exclude<keyof Database, "__InternalSupabase"> ? "public" : string & Exclude<keyof Database, "__InternalSupabase">) extends "public" ? "public" & ("public" extends Exclude<...> ? "public" : string & Exclude<...>) : "public"]["Tables"]["tasks"] extends { ...; } ?...' is not assignable to type 'Task'.
        Type '(Database[("public" extends Exclude<keyof Database, "__InternalSupabase"> ? "public" : string & Exclude<keyof Database, "__InternalSupabase">) extends "public" ? "public" & ("public" extends Exclude<...> ? "public" : string & Exclude<...>) : "public"]["Tables"]["tasks"] extends { ...; } ? R : unknown) extends null ?...' is not assignable to type 'Task'.
          Type '(Database[("public" extends "public" ? "public" : "public") | (string & Exclude<keyof Database, "__InternalSupabase"> extends "public" ? "public" & Exclude<...> : "public")]["Tables"]["tasks"] extends { ...; } ? R : unknown) extends null ? (Omit<...>[("public" extends Exclude<...> ? "public" : string & Exclude<...>)...' is not assignable to type 'Task'.
            Type '((Database["public" extends "public" ? "public" : "public"]["Tables"]["tasks"] extends { Relationships: infer R; } ? R : unknown) extends null ? (Omit<Database, "__InternalSupabase">[("public" extends Exclude<...> ? "public" : string & Exclude<...>) extends "public" ? "public" & ("public" extends Exclude<...> ? "pub...' is not assignable to type 'Task'.
              Type '(Database["public" extends "public" ? "public" : "public"]["Tables"]["tasks"] extends { Relationships: infer R; } ? R : unknown) extends null ? (Omit<Database, "__InternalSupabase">[("public" extends Exclude<...> ? "public" : string & Exclude<...>) extends "public" ? "public" & ("public" extends Exclude<...> ? "publ...' is not assignable to type 'Task'.
                Type '((Omit<Database, "__InternalSupabase">[("public" extends Exclude<keyof Database, "__InternalSupabase"> ? "public" : string & Exclude<keyof Database, "__InternalSupabase">) extends "public" ? "public" & ("public" extends Exclude<...> ? "public" : string & Exclude<...>) : "public"] extends GenericSchema ? Omit<...>[("...' is not assignable to type 'Task'.
                  Type '(Omit<Database, "__InternalSupabase">[("public" extends Exclude<keyof Database, "__InternalSupabase"> ? "public" : string & Exclude<keyof Database, "__InternalSupabase">) extends "public" ? "public" & ("public" extends Exclude<...> ? "public" : string & Exclude<...>) : "public"] extends GenericSchema ? Omit<...>[("p...' is not assignable to type 'Task'.
                    Type 'SelectQueryError<"Processing node failed."> | SelectQueryError<"Could not retrieve a valid record or error value">' is not assignable to type 'Task'.
                      Type '{ error: true; } & String' is missing the following properties from type 'Task': id, project_id, activity_id, name, and 3 more.
domains/wbs/wbsServices.ts(115,5): error TS2322: Type 'GetResult<Omit<Database, "__InternalSupabase">[("public" extends Exclude<keyof Database, "__InternalSupabase"> ? "public" : string & Exclude<keyof Database, "__InternalSupabase">) extends "public" ? "public" & ("public" extends Exclude<...> ? "public" : string & Exclude<...>) : "public"] extends GenericSchema ? Omit...' is not assignable to type 'Task'.
  Type '((Omit<Database, "__InternalSupabase">[("public" extends Exclude<keyof Database, "__InternalSupabase"> ? "public" : string & Exclude<keyof Database, "__InternalSupabase">) extends "public" ? "public" & ("public" extends Exclude<...> ? "public" : string & Exclude<...>) : "public"] extends GenericSchema ? Omit<...>[("...' is not assignable to type 'Task'.
    Type '(Omit<Database, "__InternalSupabase">[("public" extends Exclude<keyof Database, "__InternalSupabase"> ? "public" : string & Exclude<keyof Database, "__InternalSupabase">) extends "public" ? "public" & ("public" extends Exclude<...> ? "public" : string & Exclude<...>) : "public"]["Tables"]["tasks"] extends { ...; } ?...' is not assignable to type 'Task'.
      Type '(Database[("public" extends Exclude<keyof Database, "__InternalSupabase"> ? "public" : string & Exclude<keyof Database, "__InternalSupabase">) extends "public" ? "public" & ("public" extends Exclude<...> ? "public" : string & Exclude<...>) : "public"]["Tables"]["tasks"] extends { ...; } ? R : unknown) extends null ?...' is not assignable to type 'Task'.
        Type '(Database[("public" extends "public" ? "public" : "public") | (string & Exclude<keyof Database, "__InternalSupabase"> extends "public" ? "public" & Exclude<...> : "public")]["Tables"]["tasks"] extends { ...; } ? R : unknown) extends null ? (Omit<...>[("public" extends Exclude<...> ? "public" : string & Exclude<...>)...' is not assignable to type 'Task'.
          Type '((Database["public" extends "public" ? "public" : "public"]["Tables"]["tasks"] extends { Relationships: infer R; } ? R : unknown) extends null ? (Omit<Database, "__InternalSupabase">[("public" extends Exclude<...> ? "public" : string & Exclude<...>) extends "public" ? "public" & ("public" extends Exclude<...> ? "pub...' is not assignable to type 'Task'.
            Type '(Database["public" extends "public" ? "public" : "public"]["Tables"]["tasks"] extends { Relationships: infer R; } ? R : unknown) extends null ? (Omit<Database, "__InternalSupabase">[("public" extends Exclude<...> ? "public" : string & Exclude<...>) extends "public" ? "public" & ("public" extends Exclude<...> ? "publ...' is not assignable to type 'Task'.
              Type '((Omit<Database, "__InternalSupabase">[("public" extends Exclude<keyof Database, "__InternalSupabase"> ? "public" : string & Exclude<keyof Database, "__InternalSupabase">) extends "public" ? "public" & ("public" extends Exclude<...> ? "public" : string & Exclude<...>) : "public"] extends GenericSchema ? Omit<...>[("...' is not assignable to type 'Task'.
                Type '(Omit<Database, "__InternalSupabase">[("public" extends Exclude<keyof Database, "__InternalSupabase"> ? "public" : string & Exclude<keyof Database, "__InternalSupabase">) extends "public" ? "public" & ("public" extends Exclude<...> ? "public" : string & Exclude<...>) : "public"] extends GenericSchema ? Omit<...>[("p...' is not assignable to type 'Task'.
                  Type 'SelectQueryError<"Processing node failed."> | SelectQueryError<"Could not retrieve a valid record or error value">' is not assignable to type 'Task'.
                    Type '{ error: true; } & String' is missing the following properties from type 'Task': id, project_id, activity_id, name, and 3 more.
domains/wbs/wbsServices.ts(119,5): error TS2322: Type 'GetResult<Omit<Database, "__InternalSupabase">[("public" extends Exclude<keyof Database, "__InternalSupabase"> ? "public" : string & Exclude<keyof Database, "__InternalSupabase">) extends "public" ? "public" & ("public" extends Exclude<...> ? "public" : string & Exclude<...>) : "public"] extends GenericSchema ? Omit...' is not assignable to type 'Task'.
  Type '((Omit<Database, "__InternalSupabase">[("public" extends Exclude<keyof Database, "__InternalSupabase"> ? "public" : string & Exclude<keyof Database, "__InternalSupabase">) extends "public" ? "public" & ("public" extends Exclude<...> ? "public" : string & Exclude<...>) : "public"] extends GenericSchema ? Omit<...>[("...' is not assignable to type 'Task'.
    Type '(Omit<Database, "__InternalSupabase">[("public" extends Exclude<keyof Database, "__InternalSupabase"> ? "public" : string & Exclude<keyof Database, "__InternalSupabase">) extends "public" ? "public" & ("public" extends Exclude<...> ? "public" : string & Exclude<...>) : "public"]["Tables"]["tasks"] extends { ...; } ?...' is not assignable to type 'Task'.
      Type '(Database[("public" extends Exclude<keyof Database, "__InternalSupabase"> ? "public" : string & Exclude<keyof Database, "__InternalSupabase">) extends "public" ? "public" & ("public" extends Exclude<...> ? "public" : string & Exclude<...>) : "public"]["Tables"]["tasks"] extends { ...; } ? R : unknown) extends null ?...' is not assignable to type 'Task'.
        Type '(Database[("public" extends "public" ? "public" : "public") | (string & Exclude<keyof Database, "__InternalSupabase"> extends "public" ? "public" & Exclude<...> : "public")]["Tables"]["tasks"] extends { ...; } ? R : unknown) extends null ? (Omit<...>[("public" extends Exclude<...> ? "public" : string & Exclude<...>)...' is not assignable to type 'Task'.
          Type '((Database["public" extends "public" ? "public" : "public"]["Tables"]["tasks"] extends { Relationships: infer R; } ? R : unknown) extends null ? (Omit<Database, "__InternalSupabase">[("public" extends Exclude<...> ? "public" : string & Exclude<...>) extends "public" ? "public" & ("public" extends Exclude<...> ? "pub...' is not assignable to type 'Task'.
            Type '(Database["public" extends "public" ? "public" : "public"]["Tables"]["tasks"] extends { Relationships: infer R; } ? R : unknown) extends null ? (Omit<Database, "__InternalSupabase">[("public" extends Exclude<...> ? "public" : string & Exclude<...>) extends "public" ? "public" & ("public" extends Exclude<...> ? "publ...' is not assignable to type 'Task'.
              Type '((Omit<Database, "__InternalSupabase">[("public" extends Exclude<keyof Database, "__InternalSupabase"> ? "public" : string & Exclude<keyof Database, "__InternalSupabase">) extends "public" ? "public" & ("public" extends Exclude<...> ? "public" : string & Exclude<...>) : "public"] extends GenericSchema ? Omit<...>[("...' is not assignable to type 'Task'.
                Type '(Omit<Database, "__InternalSupabase">[("public" extends Exclude<keyof Database, "__InternalSupabase"> ? "public" : string & Exclude<keyof Database, "__InternalSupabase">) extends "public" ? "public" & ("public" extends Exclude<...> ? "public" : string & Exclude<...>) : "public"] extends GenericSchema ? Omit<...>[("p...' is not assignable to type 'Task'.
                  Type 'SelectQueryError<"Processing node failed."> | SelectQueryError<"Could not retrieve a valid record or error value">' is not assignable to type 'Task'.
                    Type '{ error: true; } & String' is missing the following properties from type 'Task': id, project_id, activity_id, name, and 3 more.
domains/wbs/wbsServices.ts(148,22): error TS2339: Property 'code' does not exist on type 'SelectQueryError<"Processing node failed."> | SelectQueryError<"Could not retrieve a valid record or error value"> | { code: any; }'.
  Property 'code' does not exist on type 'SelectQueryError<"Processing node failed.">'.
domains/wbs/wbsServices.ts(157,23): error TS2339: Property 'code' does not exist on type 'SelectQueryError<"Processing node failed."> | SelectQueryError<"Could not retrieve a valid record or error value"> | { code: any; }'.
  Property 'code' does not exist on type 'SelectQueryError<"Processing node failed.">'.
finance-engine-examples.ts(4,51): error TS2307: Cannot find module './ModernFinanceEngine' or its corresponding type declarations.
hooks/useNumberRanges.ts(49,45): error TS2551: Property 'getAllNumberRanges' does not exist on type 'NumberRangeService'. Did you mean 'getNumberRanges'?
hooks/useNumberRanges.ts(60,48): error TS2339: Property 'getNumberRangeStatistics' does not exist on type 'NumberRangeRepository'.
hooks/useNumberRanges.ts(69,45): error TS2551: Property 'getNumberRangeAlerts' does not exist on type 'NumberRangeService'. Did you mean 'getNumberRanges'?
hooks/useNumberRanges.ts(87,33): error TS2339: Property 'configureCompanyNumberRanges' does not exist on type 'NumberRangeRepository'.
lib/authMiddleware.ts(50,19): error TS2345: Argument of type 'string' is not assignable to parameter of type '("id" extends keyof (Omit<Database, "__InternalSupabase">[("public" extends Exclude<keyof Database, "__InternalSupabase"> ? "public" : string & Exclude<...>) extends "public" ? "public" & ("public" extends Exclude<...> ? "public" : string & Exclude<...>) : "public"] extends GenericSchema ? Omit<...>[("public" extend...'.
lib/authMiddleware.ts(53,55): error TS2339: Property 'tenant_id' does not exist on type 'SelectQueryError<"Processing node failed."> | SelectQueryError<"Could not retrieve a valid record or error value"> | { tenant_id: any; }'.
  Property 'tenant_id' does not exist on type 'SelectQueryError<"Processing node failed.">'.
lib/authMiddleware.ts(60,23): error TS2339: Property 'hasPermission' does not exist on type 'AuthorizationService'.
lib/code-generator.ts(80,25): error TS2339: Property 'code' does not exist on type 'SelectQueryError<"column 'code' does not exist on 'projects'.">'.
lib/contexts/AuthContext.tsx(173,48): error TS2345: Argument of type '"set_current_tenant"' is not assignable to parameter of type '"allocate_indirect_costs" | "analyze_resource_planning_performance" | "apply_approval_template" | "assign_all_objects_to_role" | "assign_cascading_authorization" | "assign_role_authorizations" | ... 62 more ... | "validate_data_integrity"'.
lib/permissions/authorization-checker.ts(1,30): error TS2307: Cannot find module '@/lib/supabase-server' or its corresponding type declarations.
lib/restorePoint.ts(17,14): error TS2323: Cannot redeclare exported variable 'RestorePointManager'.
lib/restorePoint.ts(144,10): error TS2323: Cannot redeclare exported variable 'RestorePointManager'.
lib/restorePoint.ts(144,10): error TS2484: Export declaration conflicts with exported declaration of 'RestorePointManager'.
lib/services/authorizationRepository.ts(85,55): error TS2339: Property 'module' does not exist on type '{ module: any; }[]'.
lib/services/BulkOperationsService.ts(212,27): error TS2339: Property 'name' does not exist on type '{ name: any; }[]'.
lib/services/ctc.service.ts(49,5): error TS2740: Type '{}' is missing the following properties from type 'CTCData': project_id, project_name, calculation_date, total_budget, and 10 more.
lib/services/ctc.service.ts(74,5): error TS2740: Type '{}' is missing the following properties from type 'TaskCTCData': task_id, task_name, budget_amount, actual_amount, and 3 more.
lib/services/ctc.service.ts(92,5): error TS2740: Type '{}' is missing the following properties from type 'AdvancedCTCData': project_id, current_ctc, burn_rate_ctc, trend_ctc, and 2 more.
lib/services/dataIntegrityService.ts(19,10): error TS2339: Property 'rpc' does not exist on type 'Promise<SupabaseClient<Database, "public" extends Exclude<keyof Database, "__InternalSupabase"> ? "public" : string & Exclude<keyof Database, "__InternalSupabase">, ("public" extends Exclude<...> ? "public" : string & Exclude<...>) extends "public" ? "public" & ("public" extends Exclude<...> ? "public" : string & Ex...'.
lib/services/dataIntegrityService.ts(36,10): error TS2339: Property 'from' does not exist on type 'Promise<SupabaseClient<Database, "public" extends Exclude<keyof Database, "__InternalSupabase"> ? "public" : string & Exclude<keyof Database, "__InternalSupabase">, ("public" extends Exclude<...> ? "public" : string & Exclude<...>) extends "public" ? "public" & ("public" extends Exclude<...> ? "public" : string & Ex...'.
lib/services/dataIntegrityService.ts(56,10): error TS2339: Property 'from' does not exist on type 'Promise<SupabaseClient<Database, "public" extends Exclude<keyof Database, "__InternalSupabase"> ? "public" : string & Exclude<keyof Database, "__InternalSupabase">, ("public" extends Exclude<...> ? "public" : string & Exclude<...>) extends "public" ? "public" & ("public" extends Exclude<...> ? "public" : string & Ex...'.
lib/services/dataIntegrityService.ts(76,10): error TS2339: Property 'from' does not exist on type 'Promise<SupabaseClient<Database, "public" extends Exclude<keyof Database, "__InternalSupabase"> ? "public" : string & Exclude<keyof Database, "__InternalSupabase">, ("public" extends Exclude<...> ? "public" : string & Exclude<...>) extends "public" ? "public" & ("public" extends Exclude<...> ? "public" : string & Ex...'.
lib/services/dataIntegrityService.ts(96,10): error TS2339: Property 'from' does not exist on type 'Promise<SupabaseClient<Database, "public" extends Exclude<keyof Database, "__InternalSupabase"> ? "public" : string & Exclude<keyof Database, "__InternalSupabase">, ("public" extends Exclude<...> ? "public" : string & Exclude<...>) extends "public" ? "public" & ("public" extends Exclude<...> ? "public" : string & Ex...'.
lib/services/dataIntegrityService.ts(120,10): error TS2339: Property 'from' does not exist on type 'Promise<SupabaseClient<Database, "public" extends Exclude<keyof Database, "__InternalSupabase"> ? "public" : string & Exclude<keyof Database, "__InternalSupabase">, ("public" extends Exclude<...> ? "public" : string & Exclude<...>) extends "public" ? "public" & ("public" extends Exclude<...> ? "public" : string & Ex...'.
lib/services/dataIntegrityService.ts(138,16): error TS2339: Property 'from' does not exist on type 'Promise<SupabaseClient<Database, "public" extends Exclude<keyof Database, "__InternalSupabase"> ? "public" : string & Exclude<keyof Database, "__InternalSupabase">, ("public" extends Exclude<...> ? "public" : string & Exclude<...>) extends "public" ? "public" & ("public" extends Exclude<...> ? "public" : string & Ex...'.
lib/services/evm.service.ts(50,5): error TS2740: Type '{}' is missing the following properties from type 'EVMData': project_id, project_name, status_date, planned_value, and 13 more.
lib/services/evm.service.ts(94,5): error TS2740: Type '{}' is missing the following properties from type 'TaskEVMData': task_id, task_name, planned_value, earned_value, and 3 more.
lib/services/margin.service.ts(52,5): error TS2740: Type '{}' is missing the following properties from type 'MarginAnalysisData': project_id, project_name, contract_value, planned_cost, and 13 more.
lib/services/resourcePlanning.service.ts(13,43): error TS2339: Property 'activities' does not exist on type '{ projects: ProjectsRepository; wbs: WBSRepository; tasks: TasksRepository; procurement: ProcurementRepository; stores: StoresRepository; }'.
lib/services/resourcePlanning.service.ts(41,17): error TS2345: Argument of type 'string' is not assignable to parameter of type '("id" extends keyof (Omit<Database, "__InternalSupabase">[("public" extends Exclude<keyof Database, "__InternalSupabase"> ? "public" : string & Exclude<...>) extends "public" ? "public" & ("public" extends Exclude<...> ? "public" : string & Exclude<...>) : "public"] extends GenericSchema ? Omit<...>[("public" extend...'.
lib/services/resourcePlanning.service.ts(57,26): error TS2345: Argument of type 'string' is not assignable to parameter of type '("activity_id" extends keyof (Omit<Database, "__InternalSupabase">[("public" extends Exclude<keyof Database, "__InternalSupabase"> ? "public" : string & Exclude<...>) extends "public" ? "public" & ("public" extends Exclude<...> ? "public" : string & Exclude<...>) : "public"] extends GenericSchema ? Omit<...>[("publi...'.
lib/services/resourcePlanning.service.ts(59,66): error TS2339: Property 'required_quantity' does not exist on type 'SelectQueryError<"Processing node failed."> | SelectQueryError<"Could not retrieve a valid record or error value"> | { required_quantity: any; unit_cost: any; }'.
  Property 'required_quantity' does not exist on type 'SelectQueryError<"Processing node failed.">'.
lib/services/resourcePlanning.service.ts(59,88): error TS2339: Property 'unit_cost' does not exist on type 'SelectQueryError<"Processing node failed."> | SelectQueryError<"Could not retrieve a valid record or error value"> | { required_quantity: any; unit_cost: any; }'.
  Property 'unit_cost' does not exist on type 'SelectQueryError<"Processing node failed.">'.
lib/services/resourcePlanning.service.ts(64,26): error TS2345: Argument of type 'string' is not assignable to parameter of type '("activity_id" extends keyof (Omit<Database, "__InternalSupabase">[("public" extends Exclude<keyof Database, "__InternalSupabase"> ? "public" : string & Exclude<...>) extends "public" ? "public" & ("public" extends Exclude<...> ? "public" : string & Exclude<...>) : "public"] extends GenericSchema ? Omit<...>[("publi...'.
lib/services/resourcePlanning.service.ts(66,67): error TS2339: Property 'required_hours' does not exist on type 'SelectQueryError<"Processing node failed."> | SelectQueryError<"Could not retrieve a valid record or error value"> | { required_hours: any; hourly_rate: any; }'.
  Property 'required_hours' does not exist on type 'SelectQueryError<"Processing node failed.">'.
lib/services/resourcePlanning.service.ts(66,86): error TS2339: Property 'hourly_rate' does not exist on type 'SelectQueryError<"Processing node failed."> | SelectQueryError<"Could not retrieve a valid record or error value"> | { required_hours: any; hourly_rate: any; }'.
  Property 'hourly_rate' does not exist on type 'SelectQueryError<"Processing node failed.">'.
lib/services/resourcePlanning.service.ts(71,26): error TS2345: Argument of type 'string' is not assignable to parameter of type '("activity_id" extends keyof (Omit<Database, "__InternalSupabase">[("public" extends Exclude<keyof Database, "__InternalSupabase"> ? "public" : string & Exclude<...>) extends "public" ? "public" & ("public" extends Exclude<...> ? "public" : string & Exclude<...>) : "public"] extends GenericSchema ? Omit<...>[("publi...'.
lib/services/resourcePlanning.service.ts(73,65): error TS2339: Property 'required_hours' does not exist on type 'SelectQueryError<"Processing node failed."> | SelectQueryError<"Could not retrieve a valid record or error value"> | { required_hours: any; hourly_rate: any; }'.
  Property 'required_hours' does not exist on type 'SelectQueryError<"Processing node failed.">'.
lib/services/resourcePlanning.service.ts(73,84): error TS2339: Property 'hourly_rate' does not exist on type 'SelectQueryError<"Processing node failed."> | SelectQueryError<"Could not retrieve a valid record or error value"> | { required_hours: any; hourly_rate: any; }'.
  Property 'hourly_rate' does not exist on type 'SelectQueryError<"Processing node failed.">'.
lib/services/resourcePlanning.service.ts(78,26): error TS2345: Argument of type 'string' is not assignable to parameter of type '("activity_id" extends keyof (Omit<Database, "__InternalSupabase">[("public" extends Exclude<keyof Database, "__InternalSupabase"> ? "public" : string & Exclude<...>) extends "public" ? "public" & ("public" extends Exclude<...> ? "public" : string & Exclude<...>) : "public"] extends GenericSchema ? Omit<...>[("publi...'.
lib/services/resourcePlanning.service.ts(80,64): error TS2339: Property 'unit_cost' does not exist on type 'SelectQueryError<"Processing node failed."> | SelectQueryError<"Could not retrieve a valid record or error value"> | { unit_cost: any; }'.
  Property 'unit_cost' does not exist on type 'SelectQueryError<"Processing node failed.">'.
lib/services/resourcePlanning.service.ts(85,26): error TS2345: Argument of type 'string' is not assignable to parameter of type '("activity_id" extends keyof (Omit<Database, "__InternalSupabase">[("public" extends Exclude<keyof Database, "__InternalSupabase"> ? "public" : string & Exclude<...>) extends "public" ? "public" & ("public" extends Exclude<...> ? "public" : string & Exclude<...>) : "public"] extends GenericSchema ? Omit<...>[("publi...'.
lib/services/resourcePlanning.service.ts(87,75): error TS2339: Property 'contract_value' does not exist on type 'SelectQueryError<"Processing node failed."> | SelectQueryError<"Could not retrieve a valid record or error value"> | { contract_value: any; }'.
  Property 'contract_value' does not exist on type 'SelectQueryError<"Processing node failed.">'.
lib/services/resourcePlanning.service.ts(96,37): error TS2339: Property 'code' does not exist on type 'SelectQueryError<"Processing node failed."> | SelectQueryError<"Could not retrieve a valid record or error value"> | { code: any; }'.
  Property 'code' does not exist on type 'SelectQueryError<"Processing node failed.">'.
lib/services/resourcePlanning.service.ts(97,27): error TS2345: Argument of type 'string' is not assignable to parameter of type '("debit_credit" extends keyof (Omit<Database, "__InternalSupabase">[("public" extends Exclude<keyof Database, "__InternalSupabase"> ? "public" : string & Exclude<...>) extends "public" ? "public" & ("public" extends Exclude<...> ? "public" : string & Exclude<...>) : "public"] extends GenericSchema ? Omit<...>[("publ...'.
lib/services/resourcePlanning.service.ts(98,46): error TS2345: Argument of type 'string' is not assignable to parameter of type 'ResolveFilterRelationshipValue<Omit<Database, "__InternalSupabase">[("public" extends Exclude<keyof Database, "__InternalSupabase"> ? "public" : string & Exclude<keyof Database, "__InternalSupabase">) extends "public" ? "public" & ("public" extends Exclude<...> ? "public" : string & Exclude<...>) : "public"] extends...'.
lib/services/resourcePlanning.service.ts(100,84): error TS2339: Property 'company_amount' does not exist on type 'SelectQueryError<"Processing node failed."> | SelectQueryError<"Could not retrieve a valid record or error value"> | { company_amount: any; cost_elements: { ...; }[]; } | { [K in keyof (FindDuplicatesWithinDeduplicated<...> extends infer Duplicates ? Duplicates extends never ? false : Duplicates extends { ...; } ? F...'.
  Property 'company_amount' does not exist on type 'SelectQueryError<"Processing node failed.">'.
lib/services/resourcePlanning.service.ts(106,37): error TS2339: Property 'code' does not exist on type 'SelectQueryError<"Processing node failed."> | SelectQueryError<"Could not retrieve a valid record or error value"> | { code: any; }'.
  Property 'code' does not exist on type 'SelectQueryError<"Processing node failed.">'.
lib/services/resourcePlanning.service.ts(107,27): error TS2345: Argument of type 'string' is not assignable to parameter of type '("debit_credit" extends keyof (Omit<Database, "__InternalSupabase">[("public" extends Exclude<keyof Database, "__InternalSupabase"> ? "public" : string & Exclude<...>) extends "public" ? "public" & ("public" extends Exclude<...> ? "public" : string & Exclude<...>) : "public"] extends GenericSchema ? Omit<...>[("publ...'.
lib/services/resourcePlanning.service.ts(108,46): error TS2345: Argument of type 'string' is not assignable to parameter of type 'ResolveFilterRelationshipValue<Omit<Database, "__InternalSupabase">[("public" extends Exclude<keyof Database, "__InternalSupabase"> ? "public" : string & Exclude<keyof Database, "__InternalSupabase">) extends "public" ? "public" & ("public" extends Exclude<...> ? "public" : string & Exclude<...>) : "public"] extends...'.
lib/services/resourcePlanning.service.ts(110,86): error TS2339: Property 'company_amount' does not exist on type 'SelectQueryError<"Processing node failed."> | SelectQueryError<"Could not retrieve a valid record or error value"> | { company_amount: any; cost_elements: { ...; }[]; } | { [K in keyof (FindDuplicatesWithinDeduplicated<...> extends infer Duplicates ? Duplicates extends never ? false : Duplicates extends { ...; } ? F...'.
  Property 'company_amount' does not exist on type 'SelectQueryError<"Processing node failed.">'.
lib/services/resourcePlanning.service.ts(116,37): error TS2339: Property 'code' does not exist on type 'SelectQueryError<"Processing node failed."> | SelectQueryError<"Could not retrieve a valid record or error value"> | { code: any; }'.
  Property 'code' does not exist on type 'SelectQueryError<"Processing node failed.">'.
lib/services/resourcePlanning.service.ts(117,27): error TS2345: Argument of type 'string' is not assignable to parameter of type '("debit_credit" extends keyof (Omit<Database, "__InternalSupabase">[("public" extends Exclude<keyof Database, "__InternalSupabase"> ? "public" : string & Exclude<...>) extends "public" ? "public" & ("public" extends Exclude<...> ? "public" : string & Exclude<...>) : "public"] extends GenericSchema ? Omit<...>[("publ...'.
lib/services/resourcePlanning.service.ts(118,46): error TS2345: Argument of type 'string' is not assignable to parameter of type 'ResolveFilterRelationshipValue<Omit<Database, "__InternalSupabase">[("public" extends Exclude<keyof Database, "__InternalSupabase"> ? "public" : string & Exclude<keyof Database, "__InternalSupabase">) extends "public" ? "public" & ("public" extends Exclude<...> ? "public" : string & Exclude<...>) : "public"] extends...'.
lib/services/resourcePlanning.service.ts(120,84): error TS2339: Property 'company_amount' does not exist on type 'SelectQueryError<"Processing node failed."> | SelectQueryError<"Could not retrieve a valid record or error value"> | { company_amount: any; cost_elements: { ...; }[]; } | { [K in keyof (FindDuplicatesWithinDeduplicated<...> extends infer Duplicates ? Duplicates extends never ? false : Duplicates extends { ...; } ? F...'.
  Property 'company_amount' does not exist on type 'SelectQueryError<"Processing node failed.">'.
lib/services/resourcePlanning.service.ts(126,37): error TS2339: Property 'code' does not exist on type 'SelectQueryError<"Processing node failed."> | SelectQueryError<"Could not retrieve a valid record or error value"> | { code: any; }'.
  Property 'code' does not exist on type 'SelectQueryError<"Processing node failed.">'.
lib/services/resourcePlanning.service.ts(127,27): error TS2345: Argument of type 'string' is not assignable to parameter of type '("debit_credit" extends keyof (Omit<Database, "__InternalSupabase">[("public" extends Exclude<keyof Database, "__InternalSupabase"> ? "public" : string & Exclude<...>) extends "public" ? "public" & ("public" extends Exclude<...> ? "public" : string & Exclude<...>) : "public"] extends GenericSchema ? Omit<...>[("publ...'.
lib/services/resourcePlanning.service.ts(128,46): error TS2345: Argument of type 'string' is not assignable to parameter of type 'ResolveFilterRelationshipValue<Omit<Database, "__InternalSupabase">[("public" extends Exclude<keyof Database, "__InternalSupabase"> ? "public" : string & Exclude<keyof Database, "__InternalSupabase">) extends "public" ? "public" & ("public" extends Exclude<...> ? "public" : string & Exclude<...>) : "public"] extends...'.
lib/services/resourcePlanning.service.ts(130,84): error TS2339: Property 'company_amount' does not exist on type 'SelectQueryError<"Processing node failed."> | SelectQueryError<"Could not retrieve a valid record or error value"> | { company_amount: any; cost_elements: { ...; }[]; } | { [K in keyof (FindDuplicatesWithinDeduplicated<...> extends infer Duplicates ? Duplicates extends never ? false : Duplicates extends { ...; } ? F...'.
  Property 'company_amount' does not exist on type 'SelectQueryError<"Processing node failed.">'.
lib/services/resourcePlanning.service.ts(136,37): error TS2339: Property 'code' does not exist on type 'SelectQueryError<"Processing node failed."> | SelectQueryError<"Could not retrieve a valid record or error value"> | { code: any; }'.
  Property 'code' does not exist on type 'SelectQueryError<"Processing node failed.">'.
lib/services/resourcePlanning.service.ts(137,27): error TS2345: Argument of type 'string' is not assignable to parameter of type '("debit_credit" extends keyof (Omit<Database, "__InternalSupabase">[("public" extends Exclude<keyof Database, "__InternalSupabase"> ? "public" : string & Exclude<...>) extends "public" ? "public" & ("public" extends Exclude<...> ? "public" : string & Exclude<...>) : "public"] extends GenericSchema ? Omit<...>[("publ...'.
lib/services/resourcePlanning.service.ts(138,46): error TS2345: Argument of type 'string' is not assignable to parameter of type 'ResolveFilterRelationshipValue<Omit<Database, "__InternalSupabase">[("public" extends Exclude<keyof Database, "__InternalSupabase"> ? "public" : string & Exclude<keyof Database, "__InternalSupabase">) extends "public" ? "public" & ("public" extends Exclude<...> ? "public" : string & Exclude<...>) : "public"] extends...'.
lib/services/resourcePlanning.service.ts(140,94): error TS2339: Property 'company_amount' does not exist on type 'SelectQueryError<"Processing node failed."> | SelectQueryError<"Could not retrieve a valid record or error value"> | { company_amount: any; cost_elements: { ...; }[]; } | { [K in keyof (FindDuplicatesWithinDeduplicated<...> extends infer Duplicates ? Duplicates extends never ? false : Duplicates extends { ...; } ? F...'.
  Property 'company_amount' does not exist on type 'SelectQueryError<"Processing node failed.">'.
lib/services/resourcePlanning.service.ts(161,43): error TS2339: Property 'activities' does not exist on type '{ projects: ProjectsRepository; wbs: WBSRepository; tasks: TasksRepository; procurement: ProcurementRepository; stores: StoresRepository; }'.
lib/services/resourcePlanning.service.ts(178,25): error TS2339: Property 'activities' does not exist on type '{ projects: ProjectsRepository; wbs: WBSRepository; tasks: TasksRepository; procurement: ProcurementRepository; stores: StoresRepository; }'.
lib/services/resourcePlanning.service.ts(187,25): error TS2339: Property 'activities' does not exist on type '{ projects: ProjectsRepository; wbs: WBSRepository; tasks: TasksRepository; procurement: ProcurementRepository; stores: StoresRepository; }'.
lib/services/resourcePlanning.service.ts(192,25): error TS2339: Property 'activities' does not exist on type '{ projects: ProjectsRepository; wbs: WBSRepository; tasks: TasksRepository; procurement: ProcurementRepository; stores: StoresRepository; }'.
lib/services/resourcePlanning.service.ts(201,25): error TS2339: Property 'activities' does not exist on type '{ projects: ProjectsRepository; wbs: WBSRepository; tasks: TasksRepository; procurement: ProcurementRepository; stores: StoresRepository; }'.
lib/supabase/server.ts(14,9): error TS2769: No overload matches this call.
  Overload 2 of 2, '(supabaseUrl: string, supabaseKey: string, options: SupabaseClientOptions<"public"> & { cookieOptions?: CookieOptionsWithName; cookies: CookieMethodsServer; cookieEncoding?: "raw" | "base64url"; }): SupabaseClient<...>', gave the following error.
    Object literal may only specify known properties, and 'get' does not exist in type 'CookieMethodsServer'.
lib/tenant-auth.ts(23,9): error TS2769: No overload matches this call.
  Overload 2 of 2, '(supabaseUrl: string, supabaseKey: string, options: SupabaseClientOptions<"public"> & { cookieOptions?: CookieOptionsWithName; cookies: CookieMethodsServer; cookieEncoding?: "raw" | "base64url"; }): SupabaseClient<...>', gave the following error.
    Object literal may only specify known properties, and 'get' does not exist in type 'CookieMethodsServer'.
lib/withAuth.ts(16,15): error TS2345: Argument of type 'string' is not assignable to parameter of type '("id" extends keyof (Omit<Database, "__InternalSupabase">[("public" extends Exclude<keyof Database, "__InternalSupabase"> ? "public" : string & Exclude<...>) extends "public" ? "public" & ("public" extends Exclude<...> ? "public" : string & Exclude<...>) : "public"] extends GenericSchema ? Omit<...>[("public" extend...'.
lib/withAuth.ts(19,29): error TS2339: Property 'roles' does not exist on type 'SelectQueryError<"Processing node failed."> | SelectQueryError<"Could not retrieve a valid record or error value"> | { [K in keyof (FindDuplicatesWithinDeduplicated<(ResolveRelationship<Omit<Database, "__InternalSupabase">[("public" extends Exclude<...> ? "public" : string & Exclude<...>) extends "public" ? "public"...'.
  Property 'roles' does not exist on type 'SelectQueryError<"Processing node failed.">'.
middleware.ts(96,40): error TS2339: Property 'subdomain' does not exist on type '{ subdomain: any; }[]'.
middleware.ts(96,83): error TS2339: Property 'subdomain' does not exist on type '{ subdomain: any; }[]'.
types/_archive_schemas/boq.repository.ts(3,32): error TS2307: Cannot find module './base.repository' or its corresponding type declarations.
types/_archive_schemas/boq.repository.ts(11,17): error TS2339: Property 'supabase' does not exist on type 'BOQRepository'.
types/_archive_schemas/boq.repository.ts(19,17): error TS2339: Property 'supabase' does not exist on type 'BOQRepository'.
types/_archive_schemas/boq.repository.ts(27,17): error TS2339: Property 'supabase' does not exist on type 'BOQRepository'.
types/_archive_schemas/boq.repository.ts(34,17): error TS2339: Property 'supabase' does not exist on type 'BOQRepository'.
types/_archive_schemas/boq.repository.ts(43,17): error TS2339: Property 'supabase' does not exist on type 'BOQRepository'.
types/_archive_schemas/boq.repository.ts(50,17): error TS2339: Property 'supabase' does not exist on type 'BOQRepository'.
types/_archive_schemas/construction-authorization.ts(70,44): error TS2304: Cannot find name 'z'.
types/_archive_schemas/construction-authorization.ts(71,12): error TS2304: Cannot find name 'z'.
types/_archive_schemas/construction-authorization.ts(72,16): error TS2304: Cannot find name 'z'.
types/_archive_schemas/construction-authorization.ts(73,11): error TS2304: Cannot find name 'z'.
types/_archive_schemas/construction-authorization.ts(74,17): error TS2304: Cannot find name 'z'.
types/_archive_schemas/construction-authorization.ts(74,26): error TS2304: Cannot find name 'z'.
types/_archive_schemas/construction-authorization.ts(78,35): error TS2304: Cannot find name 'z'.
types/_archive_schemas/construction-authorization.ts(79,16): error TS2304: Cannot find name 'z'.
types/_archive_schemas/construction-authorization.ts(80,16): error TS2304: Cannot find name 'z'.
types/_archive_schemas/construction-authorization.ts(81,17): error TS2304: Cannot find name 'z'.
types/_archive_schemas/construction-authorization.ts(81,25): error TS2304: Cannot find name 'z'.
types/_archive_schemas/construction-authorization.ts(82,12): error TS2304: Cannot find name 'z'.
types/_archive_schemas/construction-authorization.ts(82,20): error TS2304: Cannot find name 'z'.
types/_archive_schemas/construction-authorization.ts(85,37): error TS2503: Cannot find namespace 'z'.
types/_archive_schemas/construction-authorization.ts(86,28): error TS2503: Cannot find namespace 'z'.
types/_archive_schemas/dynamic-stores.schema.ts(3,32): error TS2304: Cannot find name 'z'.
types/_archive_schemas/dynamic-stores.schema.ts(4,7): error TS2304: Cannot find name 'z'.
types/_archive_schemas/dynamic-stores.schema.ts(5,14): error TS2304: Cannot find name 'z'.
types/_archive_schemas/dynamic-stores.schema.ts(6,13): error TS2304: Cannot find name 'z'.
types/_archive_schemas/dynamic-stores.schema.ts(7,18): error TS2304: Cannot find name 'z'.
types/_archive_schemas/dynamic-stores.schema.ts(8,20): error TS2304: Cannot find name 'z'.
types/_archive_schemas/dynamic-stores.schema.ts(9,17): error TS2304: Cannot find name 'z'.
types/_archive_schemas/dynamic-stores.schema.ts(10,22): error TS2304: Cannot find name 'z'.
types/_archive_schemas/dynamic-stores.schema.ts(11,23): error TS2304: Cannot find name 'z'.
types/_archive_schemas/dynamic-stores.schema.ts(12,14): error TS2304: Cannot find name 'z'.
types/_archive_schemas/dynamic-stores.schema.ts(13,16): error TS2304: Cannot find name 'z'.
types/_archive_schemas/dynamic-stores.schema.ts(14,15): error TS2304: Cannot find name 'z'.
types/_archive_schemas/dynamic-stores.schema.ts(17,36): error TS2304: Cannot find name 'z'.
types/_archive_schemas/dynamic-stores.schema.ts(18,7): error TS2304: Cannot find name 'z'.
types/_archive_schemas/dynamic-stores.schema.ts(19,14): error TS2304: Cannot find name 'z'.
types/_archive_schemas/dynamic-stores.schema.ts(20,15): error TS2304: Cannot find name 'z'.
types/_archive_schemas/dynamic-stores.schema.ts(21,9): error TS2304: Cannot find name 'z'.
types/_archive_schemas/dynamic-stores.schema.ts(22,9): error TS2304: Cannot find name 'z'.
types/_archive_schemas/dynamic-stores.schema.ts(23,13): error TS2304: Cannot find name 'z'.
types/_archive_schemas/dynamic-stores.schema.ts(24,20): error TS2304: Cannot find name 'z'.
types/_archive_schemas/dynamic-stores.schema.ts(25,14): error TS2304: Cannot find name 'z'.
types/_archive_schemas/dynamic-stores.schema.ts(26,20): error TS2304: Cannot find name 'z'.
types/_archive_schemas/dynamic-stores.schema.ts(27,27): error TS2304: Cannot find name 'z'.
types/_archive_schemas/dynamic-stores.schema.ts(28,14): error TS2304: Cannot find name 'z'.
types/_archive_schemas/dynamic-stores.schema.ts(29,15): error TS2304: Cannot find name 'z'.
types/_archive_schemas/dynamic-stores.schema.ts(30,15): error TS2304: Cannot find name 'z'.
types/_archive_schemas/dynamic-stores.schema.ts(33,33): error TS2304: Cannot find name 'z'.
types/_archive_schemas/dynamic-stores.schema.ts(34,13): error TS2304: Cannot find name 'z'.
types/_archive_schemas/dynamic-stores.schema.ts(35,18): error TS2304: Cannot find name 'z'.
types/_archive_schemas/dynamic-stores.schema.ts(36,13): error TS2304: Cannot find name 'z'.
types/_archive_schemas/dynamic-stores.schema.ts(37,21): error TS2304: Cannot find name 'z'.
types/_archive_schemas/dynamic-stores.schema.ts(38,19): error TS2304: Cannot find name 'z'.
types/_archive_schemas/dynamic-stores.schema.ts(39,17): error TS2304: Cannot find name 'z'.
types/_archive_schemas/dynamic-stores.schema.ts(40,18): error TS2304: Cannot find name 'z'.
types/_archive_schemas/dynamic-stores.schema.ts(41,15): error TS2304: Cannot find name 'z'.
types/_archive_schemas/dynamic-stores.schema.ts(42,10): error TS2304: Cannot find name 'z'.
types/_archive_schemas/dynamic-stores.schema.ts(45,36): error TS2304: Cannot find name 'z'.
types/_archive_schemas/dynamic-stores.schema.ts(46,18): error TS2304: Cannot find name 'z'.
types/_archive_schemas/dynamic-stores.schema.ts(47,16): error TS2304: Cannot find name 'z'.
types/_archive_schemas/dynamic-stores.schema.ts(48,18): error TS2304: Cannot find name 'z'.
types/_archive_schemas/dynamic-stores.schema.ts(49,13): error TS2304: Cannot find name 'z'.
types/_archive_schemas/dynamic-stores.schema.ts(50,21): error TS2304: Cannot find name 'z'.
types/_archive_schemas/dynamic-stores.schema.ts(51,15): error TS2304: Cannot find name 'z'.
types/_archive_schemas/dynamic-stores.schema.ts(52,10): error TS2304: Cannot find name 'z'.
types/_archive_schemas/dynamic-stores.schema.ts(55,39): error TS2304: Cannot find name 'z'.
types/_archive_schemas/dynamic-stores.schema.ts(56,13): error TS2304: Cannot find name 'z'.
types/_archive_schemas/dynamic-stores.schema.ts(57,18): error TS2304: Cannot find name 'z'.
types/_archive_schemas/dynamic-stores.schema.ts(58,21): error TS2304: Cannot find name 'z'.
types/_archive_schemas/dynamic-stores.schema.ts(59,22): error TS2304: Cannot find name 'z'.
types/_archive_schemas/dynamic-stores.schema.ts(60,23): error TS2304: Cannot find name 'z'.
types/_archive_schemas/dynamic-stores.schema.ts(61,22): error TS2304: Cannot find name 'z'.
types/_archive_schemas/dynamic-stores.schema.ts(62,21): error TS2304: Cannot find name 'z'.
types/_archive_schemas/dynamic-stores.schema.ts(63,23): error TS2304: Cannot find name 'z'.
types/_archive_schemas/dynamic-stores.schema.ts(66,34): error TS2304: Cannot find name 'z'.
types/_archive_schemas/dynamic-stores.schema.ts(67,7): error TS2304: Cannot find name 'z'.
types/_archive_schemas/dynamic-stores.schema.ts(68,14): error TS2304: Cannot find name 'z'.
types/_archive_schemas/dynamic-stores.schema.ts(69,9): error TS2304: Cannot find name 'z'.
types/_archive_schemas/dynamic-stores.schema.ts(70,9): error TS2304: Cannot find name 'z'.
types/_archive_schemas/dynamic-stores.schema.ts(71,14): error TS2304: Cannot find name 'z'.
types/_archive_schemas/dynamic-stores.schema.ts(72,14): error TS2304: Cannot find name 'z'.
types/_archive_schemas/dynamic-stores.schema.ts(73,13): error TS2304: Cannot find name 'z'.
types/_archive_schemas/dynamic-stores.schema.ts(76,25): error TS2503: Cannot find namespace 'z'.
types/_archive_schemas/dynamic-stores.schema.ts(77,29): error TS2503: Cannot find namespace 'z'.
types/_archive_schemas/dynamic-stores.schema.ts(78,26): error TS2503: Cannot find namespace 'z'.
types/_archive_schemas/dynamic-stores.schema.ts(79,29): error TS2503: Cannot find namespace 'z'.
types/_archive_schemas/dynamic-stores.schema.ts(80,32): error TS2503: Cannot find namespace 'z'.
types/_archive_schemas/dynamic-stores.schema.ts(81,27): error TS2503: Cannot find namespace 'z'.
types/_archive_schemas/enhanced-tiles.repository.ts(2,55): error TS2307: Cannot find module '../enhanced-tiles' or its corresponding type declarations.
types/_archive_schemas/enhanced-tiles.repository.ts(3,48): error TS2307: Cannot find module '../construction-authorization' or its corresponding type declarations.
types/_archive_schemas/enhanced-tiles.ts(5,35): error TS2304: Cannot find name 'z'.
types/_archive_schemas/enhanced-tiles.ts(6,7): error TS2304: Cannot find name 'z'.
types/_archive_schemas/enhanced-tiles.ts(7,10): error TS2304: Cannot find name 'z'.
types/_archive_schemas/enhanced-tiles.ts(8,13): error TS2304: Cannot find name 'z'.
types/_archive_schemas/enhanced-tiles.ts(9,9): error TS2304: Cannot find name 'z'.
types/_archive_schemas/enhanced-tiles.ts(10,10): error TS2304: Cannot find name 'z'.
types/_archive_schemas/enhanced-tiles.ts(11,10): error TS2304: Cannot find name 'z'.
types/_archive_schemas/enhanced-tiles.ts(12,16): error TS2304: Cannot find name 'z'.
types/_archive_schemas/enhanced-tiles.ts(13,18): error TS2304: Cannot find name 'z'.
types/_archive_schemas/enhanced-tiles.ts(14,24): error TS2304: Cannot find name 'z'.
types/_archive_schemas/enhanced-tiles.ts(15,16): error TS2304: Cannot find name 'z'.
types/_archive_schemas/enhanced-tiles.ts(16,22): error TS2304: Cannot find name 'z'.
types/_archive_schemas/enhanced-tiles.ts(17,19): error TS2304: Cannot find name 'z'.
types/_archive_schemas/enhanced-tiles.ts(21,35): error TS2304: Cannot find name 'z'.
types/_archive_schemas/enhanced-tiles.ts(22,7): error TS2304: Cannot find name 'z'.
types/_archive_schemas/enhanced-tiles.ts(23,18): error TS2304: Cannot find name 'z'.
types/_archive_schemas/enhanced-tiles.ts(24,16): error TS2304: Cannot find name 'z'.
types/_archive_schemas/enhanced-tiles.ts(25,16): error TS2304: Cannot find name 'z'.
types/_archive_schemas/enhanced-tiles.ts(26,9): error TS2304: Cannot find name 'z'.
types/_archive_schemas/enhanced-tiles.ts(27,10): error TS2304: Cannot find name 'z'.
types/_archive_schemas/enhanced-tiles.ts(28,19): error TS2304: Cannot find name 'z'.
types/_archive_schemas/enhanced-tiles.ts(32,32): error TS2304: Cannot find name 'z'.
types/_archive_schemas/enhanced-tiles.ts(33,13): error TS2304: Cannot find name 'z'.
types/_archive_schemas/enhanced-tiles.ts(34,10): error TS2304: Cannot find name 'z'.
types/_archive_schemas/enhanced-tiles.ts(37,28): error TS2503: Cannot find namespace 'z'.
types/_archive_schemas/enhanced-tiles.ts(38,28): error TS2503: Cannot find namespace 'z'.
types/_archive_schemas/enhanced-tiles.ts(39,25): error TS2503: Cannot find namespace 'z'.
types/_archive_schemas/procurement-workflow.repository.ts(3,32): error TS2307: Cannot find module './base.repository' or its corresponding type declarations.
types/_archive_schemas/procurement-workflow.repository.ts(16,53): error TS2339: Property 'supabase' does not exist on type 'PurchaseRequisitionRepository'.
types/_archive_schemas/procurement-workflow.repository.ts(30,46): error TS2339: Property 'supabase' does not exist on type 'PurchaseRequisitionRepository'.
types/_archive_schemas/procurement-workflow.repository.ts(40,40): error TS2339: Property 'supabase' does not exist on type 'PurchaseRequisitionRepository'.
types/_archive_schemas/procurement-workflow.repository.ts(55,40): error TS2339: Property 'supabase' does not exist on type 'PurchaseRequisitionRepository'.
types/_archive_schemas/procurement-workflow.repository.ts(69,40): error TS2339: Property 'supabase' does not exist on type 'PurchaseRequisitionRepository'.
types/_archive_schemas/procurement-workflow.repository.ts(95,40): error TS2339: Property 'supabase' does not exist on type 'PurchaseRequisitionRepository'.
types/_archive_schemas/procurement-workflow.repository.ts(107,40): error TS2339: Property 'supabase' does not exist on type 'PurchaseRequisitionRepository'.
types/_archive_schemas/procurement-workflow.repository.ts(133,40): error TS2339: Property 'supabase' does not exist on type 'VendorQuotationRepository'.
types/_archive_schemas/procurement-workflow.repository.ts(147,40): error TS2339: Property 'supabase' does not exist on type 'VendorQuotationRepository'.
types/_archive_schemas/procurement-workflow.repository.ts(167,16): error TS2339: Property 'supabase' does not exist on type 'VendorQuotationRepository'.
types/_archive_schemas/procurement-workflow.repository.ts(173,40): error TS2339: Property 'supabase' does not exist on type 'VendorQuotationRepository'.
types/_archive_schemas/procurement-workflow.repository.ts(185,40): error TS2339: Property 'supabase' does not exist on type 'VendorQuotationRepository'.
types/_archive_schemas/procurement-workflow.repository.ts(223,62): error TS2339: Property 'supabase' does not exist on type 'SubcontractRepository'.
types/_archive_schemas/procurement-workflow.repository.ts(237,53): error TS2339: Property 'supabase' does not exist on type 'SubcontractRepository'.
types/_archive_schemas/procurement-workflow.repository.ts(248,40): error TS2339: Property 'supabase' does not exist on type 'SubcontractRepository'.
types/_archive_schemas/procurement-workflow.repository.ts(263,40): error TS2339: Property 'supabase' does not exist on type 'SubcontractRepository'.
types/_archive_schemas/procurement-workflow.repository.ts(278,40): error TS2339: Property 'supabase' does not exist on type 'SubcontractRepository'.
types/_archive_schemas/procurement-workflow.repository.ts(293,40): error TS2339: Property 'supabase' does not exist on type 'SubcontractRepository'.
types/_archive_schemas/procurement-workflow.repository.ts(305,62): error TS2339: Property 'supabase' does not exist on type 'SubcontractRepository'.
types/_archive_schemas/procurement-workflow.repository.ts(341,40): error TS2339: Property 'supabase' does not exist on type 'CostTransactionRepository'.
types/_archive_schemas/procurement-workflow.repository.ts(352,40): error TS2339: Property 'supabase' does not exist on type 'CostTransactionRepository'.
types/_archive_schemas/procurement-workflow.repository.ts(366,40): error TS2339: Property 'supabase' does not exist on type 'CostTransactionRepository'.
types/_archive_schemas/procurement-workflow.repository.ts(406,40): error TS2339: Property 'supabase' does not exist on type 'CostTransactionRepository'.
types/_archive_schemas/procurement-workflow.repository.ts(427,16): error TS2339: Property 'supabase' does not exist on type 'CostTransactionRepository'.
types/_archive_schemas/procurement-workflow.schema.ts(4,48): error TS2304: Cannot find name 'z'.
types/_archive_schemas/procurement-workflow.schema.ts(5,14): error TS2304: Cannot find name 'z'.
types/_archive_schemas/procurement-workflow.schema.ts(6,15): error TS2304: Cannot find name 'z'.
types/_archive_schemas/procurement-workflow.schema.ts(7,17): error TS2304: Cannot find name 'z'.
types/_archive_schemas/procurement-workflow.schema.ts(8,15): error TS2304: Cannot find name 'z'.
types/_archive_schemas/procurement-workflow.schema.ts(9,13): error TS2304: Cannot find name 'z'.
types/_archive_schemas/procurement-workflow.schema.ts(10,18): error TS2304: Cannot find name 'z'.
types/_archive_schemas/procurement-workflow.schema.ts(11,18): error TS2304: Cannot find name 'z'.
types/_archive_schemas/procurement-workflow.schema.ts(12,10): error TS2304: Cannot find name 'z'.
types/_archive_schemas/procurement-workflow.schema.ts(12,18): error TS2304: Cannot find name 'z'.
types/_archive_schemas/procurement-workflow.schema.ts(13,18): error TS2304: Cannot find name 'z'.
types/_archive_schemas/procurement-workflow.schema.ts(14,20): error TS2304: Cannot find name 'z'.
types/_archive_schemas/procurement-workflow.schema.ts(15,15): error TS2304: Cannot find name 'z'.
types/_archive_schemas/procurement-workflow.schema.ts(16,11): error TS2304: Cannot find name 'z'.
types/_archive_schemas/procurement-workflow.schema.ts(17,26): error TS2304: Cannot find name 'z'.
types/_archive_schemas/procurement-workflow.schema.ts(18,21): error TS2304: Cannot find name 'z'.
types/_archive_schemas/procurement-workflow.schema.ts(19,26): error TS2304: Cannot find name 'z'.
types/_archive_schemas/procurement-workflow.schema.ts(20,20): error TS2304: Cannot find name 'z'.
types/_archive_schemas/procurement-workflow.schema.ts(24,37): error TS2304: Cannot find name 'z'.
types/_archive_schemas/procurement-workflow.schema.ts(25,10): error TS2304: Cannot find name 'z'.
types/_archive_schemas/procurement-workflow.schema.ts(26,11): error TS2304: Cannot find name 'z'.
types/_archive_schemas/procurement-workflow.schema.ts(27,16): error TS2304: Cannot find name 'z'.
types/_archive_schemas/procurement-workflow.schema.ts(28,21): error TS2304: Cannot find name 'z'.
types/_archive_schemas/procurement-workflow.schema.ts(32,44): error TS2304: Cannot find name 'z'.
types/_archive_schemas/procurement-workflow.schema.ts(33,14): error TS2304: Cannot find name 'z'.
types/_archive_schemas/procurement-workflow.schema.ts(34,15): error TS2304: Cannot find name 'z'.
types/_archive_schemas/procurement-workflow.schema.ts(35,14): error TS2304: Cannot find name 'z'.
types/_archive_schemas/procurement-workflow.schema.ts(36,21): error TS2304: Cannot find name 'z'.
types/_archive_schemas/procurement-workflow.schema.ts(37,17): error TS2304: Cannot find name 'z'.
types/_archive_schemas/procurement-workflow.schema.ts(38,18): error TS2304: Cannot find name 'z'.
types/_archive_schemas/procurement-workflow.schema.ts(39,18): error TS2304: Cannot find name 'z'.
types/_archive_schemas/procurement-workflow.schema.ts(40,21): error TS2304: Cannot find name 'z'.
types/_archive_schemas/procurement-workflow.schema.ts(43,44): error TS2304: Cannot find name 'z'.
types/_archive_schemas/procurement-workflow.schema.ts(44,17): error TS2304: Cannot find name 'z'.
types/_archive_schemas/procurement-workflow.schema.ts(45,15): error TS2304: Cannot find name 'z'.
types/_archive_schemas/procurement-workflow.schema.ts(46,21): error TS2304: Cannot find name 'z'.
types/_archive_schemas/procurement-workflow.schema.ts(50,45): error TS2304: Cannot find name 'z'.
types/_archive_schemas/procurement-workflow.schema.ts(51,14): error TS2304: Cannot find name 'z'.
types/_archive_schemas/procurement-workflow.schema.ts(52,15): error TS2304: Cannot find name 'z'.
types/_archive_schemas/procurement-workflow.schema.ts(53,14): error TS2304: Cannot find name 'z'.
types/_archive_schemas/procurement-workflow.schema.ts(54,21): error TS2304: Cannot find name 'z'.
types/_archive_schemas/procurement-workflow.schema.ts(55,19): error TS2304: Cannot find name 'z'.
types/_archive_schemas/procurement-workflow.schema.ts(56,15): error TS2304: Cannot find name 'z'.
types/_archive_schemas/procurement-workflow.schema.ts(57,20): error TS2304: Cannot find name 'z'.
types/_archive_schemas/procurement-workflow.schema.ts(58,25): error TS2304: Cannot find name 'z'.
types/_archive_schemas/procurement-workflow.schema.ts(59,23): error TS2304: Cannot find name 'z'.
types/_archive_schemas/procurement-workflow.schema.ts(60,18): error TS2304: Cannot find name 'z'.
types/_archive_schemas/procurement-workflow.schema.ts(61,30): error TS2304: Cannot find name 'z'.
types/_archive_schemas/procurement-workflow.schema.ts(62,15): error TS2304: Cannot find name 'z'.
types/_archive_schemas/procurement-workflow.schema.ts(63,15): error TS2304: Cannot find name 'z'.
types/_archive_schemas/procurement-workflow.schema.ts(63,23): error TS2304: Cannot find name 'z'.
types/_archive_schemas/procurement-workflow.schema.ts(64,21): error TS2304: Cannot find name 'z'.
types/_archive_schemas/procurement-workflow.schema.ts(65,18): error TS2304: Cannot find name 'z'.
types/_archive_schemas/procurement-workflow.schema.ts(66,30): error TS2304: Cannot find name 'z'.
types/_archive_schemas/procurement-workflow.schema.ts(67,22): error TS2304: Cannot find name 'z'.
types/_archive_schemas/procurement-workflow.schema.ts(68,21): error TS2304: Cannot find name 'z'.
types/_archive_schemas/procurement-workflow.schema.ts(79,46): error TS2304: Cannot find name 'z'.
types/_archive_schemas/procurement-workflow.schema.ts(80,19): error TS2304: Cannot find name 'z'.
types/_archive_schemas/procurement-workflow.schema.ts(81,11): error TS2304: Cannot find name 'z'.
types/_archive_schemas/procurement-workflow.schema.ts(82,16): error TS2304: Cannot find name 'z'.
types/_archive_schemas/procurement-workflow.schema.ts(83,23): error TS2304: Cannot find name 'z'.
types/_archive_schemas/procurement-workflow.schema.ts(86,38): error TS2304: Cannot find name 'z'.
types/_archive_schemas/procurement-workflow.schema.ts(87,17): error TS2304: Cannot find name 'z'.
types/_archive_schemas/procurement-workflow.schema.ts(88,27): error TS2304: Cannot find name 'z'.
types/_archive_schemas/procurement-workflow.schema.ts(89,26): error TS2304: Cannot find name 'z'.
types/_archive_schemas/procurement-workflow.schema.ts(90,17): error TS2304: Cannot find name 'z'.
types/_archive_schemas/procurement-workflow.schema.ts(94,41): error TS2304: Cannot find name 'z'.
types/_archive_schemas/procurement-workflow.schema.ts(95,14): error TS2304: Cannot find name 'z'.
types/_archive_schemas/procurement-workflow.schema.ts(96,10): error TS2304: Cannot find name 'z'.
types/_archive_schemas/procurement-workflow.schema.ts(97,13): error TS2304: Cannot find name 'z'.
types/_archive_schemas/procurement-workflow.schema.ts(98,17): error TS2304: Cannot find name 'z'.
types/_archive_schemas/procurement-workflow.schema.ts(99,16): error TS2304: Cannot find name 'z'.
types/_archive_schemas/procurement-workflow.schema.ts(100,25): error TS2304: Cannot find name 'z'.
types/_archive_schemas/procurement-workflow.schema.ts(101,19): error TS2304: Cannot find name 'z'.
types/_archive_schemas/procurement-workflow.schema.ts(102,28): error TS2304: Cannot find name 'z'.
types/_archive_schemas/procurement-workflow.schema.ts(103,10): error TS2304: Cannot find name 'z'.
types/_archive_schemas/procurement-workflow.schema.ts(103,18): error TS2304: Cannot find name 'z'.
types/_archive_schemas/procurement-workflow.schema.ts(104,17): error TS2304: Cannot find name 'z'.
types/_archive_schemas/procurement-workflow.schema.ts(105,23): error TS2304: Cannot find name 'z'.
types/_archive_schemas/procurement-workflow.schema.ts(106,24): error TS2304: Cannot find name 'z'.
types/_archive_schemas/procurement-workflow.schema.ts(107,24): error TS2304: Cannot find name 'z'.
types/_archive_schemas/procurement-workflow.schema.ts(108,24): error TS2304: Cannot find name 'z'.
types/_archive_schemas/procurement-workflow.schema.ts(109,16): error TS2304: Cannot find name 'z'.
types/_archive_schemas/procurement-workflow.schema.ts(110,23): error TS2304: Cannot find name 'z'.
types/_archive_schemas/procurement-workflow.schema.ts(111,19): error TS2304: Cannot find name 'z'.
types/_archive_schemas/procurement-workflow.schema.ts(112,18): error TS2304: Cannot find name 'z'.
types/_archive_schemas/procurement-workflow.schema.ts(123,35): error TS2304: Cannot find name 'z'.
types/_archive_schemas/procurement-workflow.schema.ts(124,11): error TS2304: Cannot find name 'z'.
types/_archive_schemas/procurement-workflow.schema.ts(125,19): error TS2304: Cannot find name 'z'.
types/_archive_schemas/procurement-workflow.schema.ts(126,18): error TS2304: Cannot find name 'z'.
types/_archive_schemas/procurement-workflow.schema.ts(127,15): error TS2304: Cannot find name 'z'.
types/_archive_schemas/procurement-workflow.schema.ts(128,23): error TS2304: Cannot find name 'z'.
types/_archive_schemas/procurement-workflow.schema.ts(128,31): error TS2304: Cannot find name 'z'.
types/_archive_schemas/procurement-workflow.schema.ts(129,21): error TS2304: Cannot find name 'z'.
types/_archive_schemas/procurement-workflow.schema.ts(130,21): error TS2304: Cannot find name 'z'.
types/_archive_schemas/procurement-workflow.schema.ts(131,19): error TS2304: Cannot find name 'z'.
types/_archive_schemas/procurement-workflow.schema.ts(132,13): error TS2304: Cannot find name 'z'.
types/_archive_schemas/procurement-workflow.schema.ts(137,40): error TS2304: Cannot find name 'z'.
types/_archive_schemas/procurement-workflow.schema.ts(138,14): error TS2304: Cannot find name 'z'.
types/_archive_schemas/procurement-workflow.schema.ts(139,19): error TS2304: Cannot find name 'z'.
types/_archive_schemas/procurement-workflow.schema.ts(140,21): error TS2304: Cannot find name 'z'.
types/_archive_schemas/procurement-workflow.schema.ts(141,11): error TS2304: Cannot find name 'z'.
types/_archive_schemas/procurement-workflow.schema.ts(142,19): error TS2304: Cannot find name 'z'.
types/_archive_schemas/procurement-workflow.schema.ts(143,17): error TS2304: Cannot find name 'z'.
types/_archive_schemas/procurement-workflow.schema.ts(144,21): error TS2304: Cannot find name 'z'.
types/_archive_schemas/procurement-workflow.schema.ts(145,16): error TS2304: Cannot find name 'z'.
types/_archive_schemas/procurement-workflow.schema.ts(146,15): error TS2304: Cannot find name 'z'.
types/_archive_schemas/procurement-workflow.schema.ts(149,37): error TS2304: Cannot find name 'z'.
types/_archive_schemas/procurement-workflow.schema.ts(150,14): error TS2304: Cannot find name 'z'.
types/_archive_schemas/procurement-workflow.schema.ts(151,19): error TS2304: Cannot find name 'z'.
types/_archive_schemas/procurement-workflow.schema.ts(152,22): error TS2304: Cannot find name 'z'.
types/_archive_schemas/procurement-workflow.schema.ts(153,22): error TS2304: Cannot find name 'z'.
types/_archive_schemas/procurement-workflow.schema.ts(154,23): error TS2304: Cannot find name 'z'.
types/_archive_schemas/procurement-workflow.schema.ts(155,16): error TS2304: Cannot find name 'z'.
types/_archive_schemas/procurement-workflow.schema.ts(156,20): error TS2304: Cannot find name 'z'.
types/_archive_schemas/procurement-workflow.schema.ts(160,40): error TS2304: Cannot find name 'z'.
types/_archive_schemas/procurement-workflow.schema.ts(161,14): error TS2304: Cannot find name 'z'.
types/_archive_schemas/procurement-workflow.schema.ts(162,14): error TS2304: Cannot find name 'z'.
types/_archive_schemas/procurement-workflow.schema.ts(163,28): error TS2304: Cannot find name 'z'.
types/_archive_schemas/procurement-workflow.schema.ts(164,26): error TS2304: Cannot find name 'z'.
types/_archive_schemas/procurement-workflow.schema.ts(165,19): error TS2304: Cannot find name 'z'.
types/_archive_schemas/procurement-workflow.schema.ts(166,20): error TS2304: Cannot find name 'z'.
types/_archive_schemas/procurement-workflow.schema.ts(167,19): error TS2304: Cannot find name 'z'.
types/_archive_schemas/procurement-workflow.schema.ts(168,26): error TS2304: Cannot find name 'z'.
types/_archive_schemas/procurement-workflow.schema.ts(169,19): error TS2304: Cannot find name 'z'.
types/_archive_schemas/procurement-workflow.schema.ts(170,13): error TS2304: Cannot find name 'z'.
types/_archive_schemas/procurement-workflow.schema.ts(171,17): error TS2304: Cannot find name 'z'.
types/_archive_schemas/procurement-workflow.schema.ts(175,34): error TS2304: Cannot find name 'z'.
types/_archive_schemas/procurement-workflow.schema.ts(176,14): error TS2304: Cannot find name 'z'.
types/_archive_schemas/procurement-workflow.schema.ts(177,10): error TS2304: Cannot find name 'z'.
types/_archive_schemas/procurement-workflow.schema.ts(178,19): error TS2304: Cannot find name 'z'.
types/_archive_schemas/procurement-workflow.schema.ts(179,21): error TS2304: Cannot find name 'z'.
types/_archive_schemas/procurement-workflow.schema.ts(180,20): error TS2304: Cannot find name 'z'.
types/_archive_schemas/procurement-workflow.schema.ts(180,28): error TS2304: Cannot find name 'z'.
types/_archive_schemas/procurement-workflow.schema.ts(181,17): error TS2304: Cannot find name 'z'.
types/_archive_schemas/procurement-workflow.schema.ts(182,17): error TS2304: Cannot find name 'z'.
types/_archive_schemas/procurement-workflow.schema.ts(183,16): error TS2304: Cannot find name 'z'.
types/_archive_schemas/procurement-workflow.schema.ts(184,16): error TS2304: Cannot find name 'z'.
types/_archive_schemas/procurement-workflow.schema.ts(186,17): error TS2304: Cannot find name 'z'.
types/_archive_schemas/procurement-workflow.schema.ts(187,29): error TS2304: Cannot find name 'z'.
types/_archive_schemas/procurement-workflow.schema.ts(191,41): error TS2503: Cannot find namespace 'z'.
types/_archive_schemas/procurement-workflow.schema.ts(192,37): error TS2503: Cannot find namespace 'z'.
types/_archive_schemas/procurement-workflow.schema.ts(193,38): error TS2503: Cannot find namespace 'z'.
types/_archive_schemas/procurement-workflow.schema.ts(194,34): error TS2503: Cannot find namespace 'z'.
types/_archive_schemas/procurement-workflow.schema.ts(195,28): error TS2503: Cannot find namespace 'z'.
types/_archive_schemas/procurement-workflow.schema.ts(196,33): error TS2503: Cannot find namespace 'z'.
types/_archive_schemas/procurement-workflow.schema.ts(197,33): error TS2503: Cannot find namespace 'z'.
types/_archive_schemas/procurement.schema.ts(3,33): error TS2304: Cannot find name 'z'.
types/_archive_schemas/procurement.schema.ts(4,29): error TS2304: Cannot find name 'z'.
types/_archive_schemas/procurement.schema.ts(5,27): error TS2304: Cannot find name 'z'.
types/_archive_schemas/procurement.schema.ts(7,29): error TS2304: Cannot find name 'z'.
types/_archive_schemas/procurement.schema.ts(8,7): error TS2304: Cannot find name 'z'.
types/_archive_schemas/procurement.schema.ts(9,14): error TS2304: Cannot find name 'z'.
types/_archive_schemas/procurement.schema.ts(10,9): error TS2304: Cannot find name 'z'.
types/_archive_schemas/procurement.schema.ts(11,9): error TS2304: Cannot find name 'z'.
types/_archive_schemas/procurement.schema.ts(12,19): error TS2304: Cannot find name 'z'.
types/_archive_schemas/procurement.schema.ts(13,10): error TS2304: Cannot find name 'z'.
types/_archive_schemas/procurement.schema.ts(14,10): error TS2304: Cannot find name 'z'.
types/_archive_schemas/procurement.schema.ts(15,12): error TS2304: Cannot find name 'z'.
types/_archive_schemas/procurement.schema.ts(16,11): error TS2304: Cannot find name 'z'.
types/_archive_schemas/procurement.schema.ts(18,17): error TS2304: Cannot find name 'z'.
types/_archive_schemas/procurement.schema.ts(19,18): error TS2304: Cannot find name 'z'.
types/_archive_schemas/procurement.schema.ts(20,20): error TS2304: Cannot find name 'z'.
types/_archive_schemas/procurement.schema.ts(20,28): error TS2304: Cannot find name 'z'.
types/_archive_schemas/procurement.schema.ts(21,11): error TS2304: Cannot find name 'z'.
types/_archive_schemas/procurement.schema.ts(22,15): error TS2304: Cannot find name 'z'.
types/_archive_schemas/procurement.schema.ts(23,15): error TS2304: Cannot find name 'z'.
types/_archive_schemas/procurement.schema.ts(26,36): error TS2304: Cannot find name 'z'.
types/_archive_schemas/procurement.schema.ts(27,7): error TS2304: Cannot find name 'z'.
types/_archive_schemas/procurement.schema.ts(28,14): error TS2304: Cannot find name 'z'.
types/_archive_schemas/procurement.schema.ts(29,15): error TS2304: Cannot find name 'z'.
types/_archive_schemas/procurement.schema.ts(30,14): error TS2304: Cannot find name 'z'.
types/_archive_schemas/procurement.schema.ts(31,14): error TS2304: Cannot find name 'z'.
types/_archive_schemas/procurement.schema.ts(34,15): error TS2304: Cannot find name 'z'.
types/_archive_schemas/procurement.schema.ts(35,18): error TS2304: Cannot find name 'z'.
types/_archive_schemas/procurement.schema.ts(36,17): error TS2304: Cannot find name 'z'.
types/_archive_schemas/procurement.schema.ts(37,15): error TS2304: Cannot find name 'z'.
types/_archive_schemas/procurement.schema.ts(38,16): error TS2304: Cannot find name 'z'.
types/_archive_schemas/procurement.schema.ts(39,18): error TS2304: Cannot find name 'z'.
types/_archive_schemas/procurement.schema.ts(40,19): error TS2304: Cannot find name 'z'.
types/_archive_schemas/procurement.schema.ts(41,15): error TS2304: Cannot find name 'z'.
types/_archive_schemas/procurement.schema.ts(42,16): error TS2304: Cannot find name 'z'.
types/_archive_schemas/procurement.schema.ts(43,18): error TS2304: Cannot find name 'z'.
types/_archive_schemas/procurement.schema.ts(44,10): error TS2304: Cannot find name 'z'.
types/_archive_schemas/procurement.schema.ts(45,15): error TS2304: Cannot find name 'z'.
types/_archive_schemas/procurement.schema.ts(46,15): error TS2304: Cannot find name 'z'.
types/_archive_schemas/procurement.schema.ts(49,29): error TS2304: Cannot find name 'z'.
types/_archive_schemas/procurement.schema.ts(50,7): error TS2304: Cannot find name 'z'.
types/_archive_schemas/procurement.schema.ts(51,14): error TS2304: Cannot find name 'z'.
types/_archive_schemas/procurement.schema.ts(52,10): error TS2304: Cannot find name 'z'.
types/_archive_schemas/procurement.schema.ts(53,16): error TS2304: Cannot find name 'z'.
types/_archive_schemas/procurement.schema.ts(54,16): error TS2304: Cannot find name 'z'.
types/_archive_schemas/procurement.schema.ts(55,16): error TS2304: Cannot find name 'z'.
types/_archive_schemas/procurement.schema.ts(56,18): error TS2304: Cannot find name 'z'.
types/_archive_schemas/procurement.schema.ts(57,13): error TS2304: Cannot find name 'z'.
types/_archive_schemas/procurement.schema.ts(58,9): error TS2304: Cannot find name 'z'.
types/_archive_schemas/procurement.schema.ts(59,14): error TS2304: Cannot find name 'z'.
types/_archive_schemas/procurement.schema.ts(60,15): error TS2304: Cannot find name 'z'.
types/_archive_schemas/procurement.schema.ts(61,22): error TS2304: Cannot find name 'z'.
types/_archive_schemas/procurement.schema.ts(62,21): error TS2304: Cannot find name 'z'.
types/_archive_schemas/procurement.schema.ts(63,18): error TS2304: Cannot find name 'z'.
types/_archive_schemas/procurement.schema.ts(117,22): error TS2503: Cannot find namespace 'z'.
types/_archive_schemas/procurement.schema.ts(118,29): error TS2503: Cannot find namespace 'z'.
types/_archive_schemas/procurement.schema.ts(119,22): error TS2503: Cannot find namespace 'z'.
types/_archive_schemas/procurement.schema.ts(120,28): error TS2503: Cannot find namespace 'z'.
types/_archive_schemas/procurement.schema.ts(121,35): error TS2503: Cannot find namespace 'z'.
types/_archive_schemas/procurement.schema.ts(122,28): error TS2503: Cannot find namespace 'z'.
types/_archive_schemas/procurement.schema.ts(123,28): error TS2503: Cannot find namespace 'z'.
types/_archive_schemas/procurement.schema.ts(124,35): error TS2503: Cannot find namespace 'z'.
types/_archive_schemas/procurement.schema.ts(125,28): error TS2503: Cannot find namespace 'z'.
types/_archive_schemas/projects.schema.ts(3,34): error TS2304: Cannot find name 'z'.
types/_archive_schemas/projects.schema.ts(4,32): error TS2304: Cannot find name 'z'.
types/_archive_schemas/projects.schema.ts(6,30): error TS2304: Cannot find name 'z'.
types/_archive_schemas/projects.schema.ts(7,7): error TS2304: Cannot find name 'z'.
types/_archive_schemas/projects.schema.ts(8,14): error TS2304: Cannot find name 'z'.
types/_archive_schemas/projects.schema.ts(9,9): error TS2304: Cannot find name 'z'.
types/_archive_schemas/projects.schema.ts(10,9): error TS2304: Cannot find name 'z'.
types/_archive_schemas/projects.schema.ts(11,16): error TS2304: Cannot find name 'z'.
types/_archive_schemas/projects.schema.ts(12,18): error TS2304: Cannot find name 'z'.
types/_archive_schemas/projects.schema.ts(15,15): error TS2304: Cannot find name 'z'.
types/_archive_schemas/projects.schema.ts(16,21): error TS2304: Cannot find name 'z'.
types/_archive_schemas/projects.schema.ts(17,20): error TS2304: Cannot find name 'z'.
types/_archive_schemas/projects.schema.ts(18,11): error TS2304: Cannot find name 'z'.
types/_archive_schemas/projects.schema.ts(19,13): error TS2304: Cannot find name 'z'.
types/_archive_schemas/projects.schema.ts(20,17): error TS2304: Cannot find name 'z'.
types/_archive_schemas/projects.schema.ts(21,15): error TS2304: Cannot find name 'z'.
types/_archive_schemas/projects.schema.ts(22,16): error TS2304: Cannot find name 'z'.
types/_archive_schemas/projects.schema.ts(23,18): error TS2304: Cannot find name 'z'.
types/_archive_schemas/projects.schema.ts(24,15): error TS2304: Cannot find name 'z'.
types/_archive_schemas/projects.schema.ts(25,15): error TS2304: Cannot find name 'z'.
types/_archive_schemas/projects.schema.ts(26,15): error TS2304: Cannot find name 'z'.
types/_archive_schemas/projects.schema.ts(27,15): error TS2304: Cannot find name 'z'.
types/_archive_schemas/projects.schema.ts(53,35): error TS2304: Cannot find name 'z'.
types/_archive_schemas/projects.schema.ts(54,20): error TS2304: Cannot find name 'z'.
types/_archive_schemas/projects.schema.ts(55,14): error TS2304: Cannot find name 'z'.
types/_archive_schemas/projects.schema.ts(56,20): error TS2304: Cannot find name 'z'.
types/_archive_schemas/projects.schema.ts(57,16): error TS2304: Cannot find name 'z'.
types/_archive_schemas/projects.schema.ts(58,14): error TS2304: Cannot find name 'z'.
types/_archive_schemas/projects.schema.ts(59,15): error TS2304: Cannot find name 'z'.
types/_archive_schemas/projects.schema.ts(63,38): error TS2304: Cannot find name 'z'.
types/_archive_schemas/projects.schema.ts(64,7): error TS2304: Cannot find name 'z'.
types/_archive_schemas/projects.schema.ts(65,14): error TS2304: Cannot find name 'z'.
types/_archive_schemas/projects.schema.ts(66,18): error TS2304: Cannot find name 'z'.
types/_archive_schemas/projects.schema.ts(67,18): error TS2304: Cannot find name 'z'.
types/_archive_schemas/projects.schema.ts(68,16): error TS2304: Cannot find name 'z'.
types/_archive_schemas/projects.schema.ts(69,14): error TS2304: Cannot find name 'z'.
types/_archive_schemas/projects.schema.ts(70,15): error TS2304: Cannot find name 'z'.
types/_archive_schemas/projects.schema.ts(73,23): error TS2503: Cannot find namespace 'z'.
types/_archive_schemas/projects.schema.ts(74,29): error TS2503: Cannot find namespace 'z'.
types/_archive_schemas/projects.schema.ts(75,29): error TS2503: Cannot find namespace 'z'.
types/_archive_schemas/projects.schema.ts(76,28): error TS2503: Cannot find namespace 'z'.
types/_archive_schemas/projects.schema.ts(77,31): error TS2503: Cannot find namespace 'z'.
types/_archive_schemas/rbac.ts(2,62): error TS2307: Cannot find module '../types/rbac' or its corresponding type declarations.
types/_archive_schemas/sap-authorization.repository.ts(8,8): error TS2307: Cannot find module '../sap-authorization' or its corresponding type declarations.
types/_archive_schemas/sap-authorization.ts(14,42): error TS2304: Cannot find name 'z'.
types/_archive_schemas/sap-authorization.ts(15,7): error TS2304: Cannot find name 'z'.
types/_archive_schemas/sap-authorization.ts(16,16): error TS2304: Cannot find name 'z'.
types/_archive_schemas/sap-authorization.ts(17,16): error TS2304: Cannot find name 'z'.
types/_archive_schemas/sap-authorization.ts(18,11): error TS2304: Cannot find name 'z'.
types/_archive_schemas/sap-authorization.ts(19,14): error TS2304: Cannot find name 'z'.
types/_archive_schemas/sap-authorization.ts(20,15): error TS2304: Cannot find name 'z'.
types/_archive_schemas/sap-authorization.ts(24,41): error TS2304: Cannot find name 'z'.
types/_archive_schemas/sap-authorization.ts(25,7): error TS2304: Cannot find name 'z'.
types/_archive_schemas/sap-authorization.ts(26,19): error TS2304: Cannot find name 'z'.
types/_archive_schemas/sap-authorization.ts(27,15): error TS2304: Cannot find name 'z'.
types/_archive_schemas/sap-authorization.ts(28,22): error TS2304: Cannot find name 'z'.
types/_archive_schemas/sap-authorization.ts(29,17): error TS2304: Cannot find name 'z'.
types/_archive_schemas/sap-authorization.ts(29,25): error TS2304: Cannot find name 'z'.
types/_archive_schemas/sap-authorization.ts(30,16): error TS2304: Cannot find name 'z'.
types/_archive_schemas/sap-authorization.ts(31,15): error TS2304: Cannot find name 'z'.
types/_archive_schemas/sap-authorization.ts(35,40): error TS2304: Cannot find name 'z'.
types/_archive_schemas/sap-authorization.ts(36,7): error TS2304: Cannot find name 'z'.
types/_archive_schemas/sap-authorization.ts(37,12): error TS2304: Cannot find name 'z'.
types/_archive_schemas/sap-authorization.ts(38,19): error TS2304: Cannot find name 'z'.
types/_archive_schemas/sap-authorization.ts(39,17): error TS2304: Cannot find name 'z'.
types/_archive_schemas/sap-authorization.ts(39,26): error TS2304: Cannot find name 'z'.
types/_archive_schemas/sap-authorization.ts(39,34): error TS2304: Cannot find name 'z'.
types/_archive_schemas/sap-authorization.ts(40,15): error TS2304: Cannot find name 'z'.
types/_archive_schemas/sap-authorization.ts(41,13): error TS2304: Cannot find name 'z'.
types/_archive_schemas/sap-authorization.ts(42,15): error TS2304: Cannot find name 'z'.
types/_archive_schemas/sap-authorization.ts(46,39): error TS2304: Cannot find name 'z'.
types/_archive_schemas/sap-authorization.ts(47,12): error TS2304: Cannot find name 'z'.
types/_archive_schemas/sap-authorization.ts(48,16): error TS2304: Cannot find name 'z'.
types/_archive_schemas/sap-authorization.ts(49,13): error TS2304: Cannot find name 'z'.
types/_archive_schemas/sap-authorization.ts(50,17): error TS2304: Cannot find name 'z'.
types/_archive_schemas/sap-authorization.ts(50,26): error TS2304: Cannot find name 'z'.
types/_archive_schemas/sap-authorization.ts(53,35): error TS2503: Cannot find namespace 'z'.
types/_archive_schemas/sap-authorization.ts(54,34): error TS2503: Cannot find namespace 'z'.
types/_archive_schemas/sap-authorization.ts(55,33): error TS2503: Cannot find namespace 'z'.
types/_archive_schemas/sap-authorization.ts(56,32): error TS2503: Cannot find namespace 'z'.
types/_archive_schemas/stores.schema.ts(3,28): error TS2304: Cannot find name 'z'.
types/_archive_schemas/stores.schema.ts(4,7): error TS2304: Cannot find name 'z'.
types/_archive_schemas/stores.schema.ts(5,14): error TS2304: Cannot find name 'z'.
types/_archive_schemas/stores.schema.ts(6,15): error TS2304: Cannot find name 'z'.
types/_archive_schemas/stores.schema.ts(7,9): error TS2304: Cannot find name 'z'.
types/_archive_schemas/stores.schema.ts(8,9): error TS2304: Cannot find name 'z'.
types/_archive_schemas/stores.schema.ts(9,13): error TS2304: Cannot find name 'z'.
types/_archive_schemas/stores.schema.ts(10,20): error TS2304: Cannot find name 'z'.
types/_archive_schemas/stores.schema.ts(11,14): error TS2304: Cannot find name 'z'.
types/_archive_schemas/stores.schema.ts(12,15): error TS2304: Cannot find name 'z'.
types/_archive_schemas/stores.schema.ts(13,15): error TS2304: Cannot find name 'z'.
types/_archive_schemas/stores.schema.ts(16,32): error TS2304: Cannot find name 'z'.
types/_archive_schemas/stores.schema.ts(17,7): error TS2304: Cannot find name 'z'.
types/_archive_schemas/stores.schema.ts(18,14): error TS2304: Cannot find name 'z'.
types/_archive_schemas/stores.schema.ts(19,14): error TS2304: Cannot find name 'z'.
types/_archive_schemas/stores.schema.ts(20,16): error TS2304: Cannot find name 'z'.
types/_archive_schemas/stores.schema.ts(21,13): error TS2304: Cannot find name 'z'.
types/_archive_schemas/stores.schema.ts(22,9): error TS2304: Cannot find name 'z'.
types/_archive_schemas/stores.schema.ts(23,18): error TS2304: Cannot find name 'z'.
types/_archive_schemas/stores.schema.ts(24,18): error TS2304: Cannot find name 'z'.
types/_archive_schemas/stores.schema.ts(25,18): error TS2304: Cannot find name 'z'.
types/_archive_schemas/stores.schema.ts(26,14): error TS2304: Cannot find name 'z'.
types/_archive_schemas/stores.schema.ts(27,15): error TS2304: Cannot find name 'z'.
types/_archive_schemas/stores.schema.ts(28,15): error TS2304: Cannot find name 'z'.
types/_archive_schemas/stores.schema.ts(31,35): error TS2304: Cannot find name 'z'.
types/_archive_schemas/stores.schema.ts(32,7): error TS2304: Cannot find name 'z'.
types/_archive_schemas/stores.schema.ts(33,14): error TS2304: Cannot find name 'z'.
types/_archive_schemas/stores.schema.ts(34,13): error TS2304: Cannot find name 'z'.
types/_archive_schemas/stores.schema.ts(35,18): error TS2304: Cannot find name 'z'.
types/_archive_schemas/stores.schema.ts(36,21): error TS2304: Cannot find name 'z'.
types/_archive_schemas/stores.schema.ts(37,22): error TS2304: Cannot find name 'z'.
types/_archive_schemas/stores.schema.ts(38,23): error TS2304: Cannot find name 'z'.
types/_archive_schemas/stores.schema.ts(39,17): error TS2304: Cannot find name 'z'.
types/_archive_schemas/stores.schema.ts(40,16): error TS2304: Cannot find name 'z'.
types/_archive_schemas/stores.schema.ts(41,23): error TS2304: Cannot find name 'z'.
types/_archive_schemas/stores.schema.ts(44,36): error TS2304: Cannot find name 'z'.
types/_archive_schemas/stores.schema.ts(45,7): error TS2304: Cannot find name 'z'.
types/_archive_schemas/stores.schema.ts(46,14): error TS2304: Cannot find name 'z'.
types/_archive_schemas/stores.schema.ts(47,13): error TS2304: Cannot find name 'z'.
types/_archive_schemas/stores.schema.ts(48,18): error TS2304: Cannot find name 'z'.
types/_archive_schemas/stores.schema.ts(49,18): error TS2304: Cannot find name 'z'.
types/_archive_schemas/stores.schema.ts(50,21): error TS2304: Cannot find name 'z'.
types/_archive_schemas/stores.schema.ts(51,19): error TS2304: Cannot find name 'z'.
types/_archive_schemas/stores.schema.ts(52,17): error TS2304: Cannot find name 'z'.
types/_archive_schemas/stores.schema.ts(53,13): error TS2304: Cannot find name 'z'.
types/_archive_schemas/stores.schema.ts(54,14): error TS2304: Cannot find name 'z'.
types/_archive_schemas/stores.schema.ts(55,15): error TS2304: Cannot find name 'z'.
types/_archive_schemas/stores.schema.ts(56,18): error TS2304: Cannot find name 'z'.
types/_archive_schemas/stores.schema.ts(57,15): error TS2304: Cannot find name 'z'.
types/_archive_schemas/stores.schema.ts(58,10): error TS2304: Cannot find name 'z'.
types/_archive_schemas/stores.schema.ts(59,15): error TS2304: Cannot find name 'z'.
types/_archive_schemas/stores.schema.ts(99,21): error TS2503: Cannot find namespace 'z'.
types/_archive_schemas/stores.schema.ts(100,25): error TS2503: Cannot find namespace 'z'.
types/_archive_schemas/stores.schema.ts(101,28): error TS2503: Cannot find namespace 'z'.
types/_archive_schemas/stores.schema.ts(102,29): error TS2503: Cannot find namespace 'z'.
types/_archive_schemas/stores.schema.ts(103,27): error TS2503: Cannot find namespace 'z'.
types/_archive_schemas/stores.schema.ts(104,31): error TS2503: Cannot find namespace 'z'.
types/_archive_schemas/stores.schema.ts(105,35): error TS2503: Cannot find namespace 'z'.
types/_archive_schemas/stores.schema.ts(106,27): error TS2503: Cannot find namespace 'z'.
types/_archive_schemas/stores.schema.ts(107,31): error TS2503: Cannot find namespace 'z'.
types/_archive_schemas/tasks.schema.ts(3,31): error TS2304: Cannot find name 'z'.
types/_archive_schemas/tasks.schema.ts(4,33): error TS2304: Cannot find name 'z'.
types/_archive_schemas/tasks.schema.ts(6,27): error TS2304: Cannot find name 'z'.
types/_archive_schemas/tasks.schema.ts(7,7): error TS2304: Cannot find name 'z'.
types/_archive_schemas/tasks.schema.ts(8,14): error TS2304: Cannot find name 'z'.
types/_archive_schemas/tasks.schema.ts(9,15): error TS2304: Cannot find name 'z'.
types/_archive_schemas/tasks.schema.ts(10,16): error TS2304: Cannot find name 'z'.
types/_archive_schemas/tasks.schema.ts(11,16): error TS2304: Cannot find name 'z'.
types/_archive_schemas/tasks.schema.ts(12,9): error TS2304: Cannot find name 'z'.
types/_archive_schemas/tasks.schema.ts(13,16): error TS2304: Cannot find name 'z'.
types/_archive_schemas/tasks.schema.ts(16,23): error TS2304: Cannot find name 'z'.
types/_archive_schemas/tasks.schema.ts(17,21): error TS2304: Cannot find name 'z'.
types/_archive_schemas/tasks.schema.ts(18,22): error TS2304: Cannot find name 'z'.
types/_archive_schemas/tasks.schema.ts(19,20): error TS2304: Cannot find name 'z'.
types/_archive_schemas/tasks.schema.ts(20,18): error TS2304: Cannot find name 'z'.
types/_archive_schemas/tasks.schema.ts(21,17): error TS2304: Cannot find name 'z'.
types/_archive_schemas/tasks.schema.ts(22,24): error TS2304: Cannot find name 'z'.
types/_archive_schemas/tasks.schema.ts(23,16): error TS2304: Cannot find name 'z'.
types/_archive_schemas/tasks.schema.ts(24,15): error TS2304: Cannot find name 'z'.
types/_archive_schemas/tasks.schema.ts(25,15): error TS2304: Cannot find name 'z'.
types/_archive_schemas/tasks.schema.ts(26,15): error TS2304: Cannot find name 'z'.
types/_archive_schemas/tasks.schema.ts(29,37): error TS2304: Cannot find name 'z'.
types/_archive_schemas/tasks.schema.ts(30,7): error TS2304: Cannot find name 'z'.
types/_archive_schemas/tasks.schema.ts(31,14): error TS2304: Cannot find name 'z'.
types/_archive_schemas/tasks.schema.ts(32,24): error TS2304: Cannot find name 'z'.
types/_archive_schemas/tasks.schema.ts(33,22): error TS2304: Cannot find name 'z'.
types/_archive_schemas/tasks.schema.ts(34,20): error TS2304: Cannot find name 'z'.
types/_archive_schemas/tasks.schema.ts(35,13): error TS2304: Cannot find name 'z'.
types/_archive_schemas/tasks.schema.ts(36,15): error TS2304: Cannot find name 'z'.
types/_archive_schemas/tasks.schema.ts(72,20): error TS2503: Cannot find namespace 'z'.
types/_archive_schemas/tasks.schema.ts(73,30): error TS2503: Cannot find namespace 'z'.
types/_archive_schemas/tasks.schema.ts(74,26): error TS2503: Cannot find namespace 'z'.
types/_archive_schemas/tasks.schema.ts(75,36): error TS2503: Cannot find namespace 'z'.
types/_archive_schemas/tasks.schema.ts(76,26): error TS2503: Cannot find namespace 'z'.
types/_archive_schemas/tasks.schema.ts(77,36): error TS2503: Cannot find namespace 'z'.
types/_archive_schemas/tenants.schema.ts(3,29): error TS2304: Cannot find name 'z'.
types/_archive_schemas/tenants.schema.ts(4,7): error TS2304: Cannot find name 'z'.
types/_archive_schemas/tenants.schema.ts(5,16): error TS2304: Cannot find name 'z'.
types/_archive_schemas/tenants.schema.ts(6,16): error TS2304: Cannot find name 'z'.
types/_archive_schemas/tenants.schema.ts(7,14): error TS2304: Cannot find name 'z'.
types/_archive_schemas/tenants.schema.ts(8,14): error TS2304: Cannot find name 'z'.
types/_archive_schemas/tenants.schema.ts(9,15): error TS2304: Cannot find name 'z'.
types/_archive_schemas/tenants.schema.ts(10,15): error TS2304: Cannot find name 'z'.
types/_archive_schemas/tenants.schema.ts(13,33): error TS2304: Cannot find name 'z'.
types/_archive_schemas/tenants.schema.ts(14,7): error TS2304: Cannot find name 'z'.
types/_archive_schemas/tenants.schema.ts(15,12): error TS2304: Cannot find name 'z'.
types/_archive_schemas/tenants.schema.ts(16,14): error TS2304: Cannot find name 'z'.
types/_archive_schemas/tenants.schema.ts(17,14): error TS2304: Cannot find name 'z'.
types/_archive_schemas/tenants.schema.ts(18,9): error TS2304: Cannot find name 'z'.
types/_archive_schemas/tenants.schema.ts(19,15): error TS2304: Cannot find name 'z'.
types/_archive_schemas/tenants.schema.ts(20,15): error TS2304: Cannot find name 'z'.
types/_archive_schemas/tenants.schema.ts(43,22): error TS2503: Cannot find namespace 'z'.
types/_archive_schemas/tenants.schema.ts(44,26): error TS2503: Cannot find namespace 'z'.
types/_archive_schemas/tenants.schema.ts(45,28): error TS2503: Cannot find namespace 'z'.
types/_archive_schemas/tenants.schema.ts(46,32): error TS2503: Cannot find namespace 'z'.
types/_archive_schemas/tenants.schema.ts(47,28): error TS2503: Cannot find namespace 'z'.
types/_archive_schemas/tenants.schema.ts(48,32): error TS2503: Cannot find namespace 'z'.
types/_archive_schemas/timesheet.repository.ts(3,32): error TS2307: Cannot find module './base.repository' or its corresponding type declarations.
types/_archive_schemas/timesheet.repository.ts(17,40): error TS2339: Property 'supabase' does not exist on type 'EmployeeRepository'.
types/_archive_schemas/timesheet.repository.ts(28,40): error TS2339: Property 'supabase' does not exist on type 'EmployeeRepository'.
types/_archive_schemas/timesheet.repository.ts(40,40): error TS2339: Property 'supabase' does not exist on type 'EmployeeRepository'.
types/_archive_schemas/timesheet.repository.ts(52,60): error TS2339: Property 'supabase' does not exist on type 'EmployeeRepository'.
types/_archive_schemas/timesheet.repository.ts(60,57): error TS2339: Property 'supabase' does not exist on type 'EmployeeRepository'.
types/_archive_schemas/timesheet.repository.ts(75,22): error TS2339: Property 'supabase' does not exist on type 'EmployeeRepository'.
types/_archive_schemas/timesheet.repository.ts(105,40): error TS2339: Property 'supabase' does not exist on type 'SubcontractorRepository'.
types/_archive_schemas/timesheet.repository.ts(116,40): error TS2339: Property 'supabase' does not exist on type 'SubcontractorRepository'.
types/_archive_schemas/timesheet.repository.ts(128,22): error TS2339: Property 'supabase' does not exist on type 'SubcontractorRepository'.
types/_archive_schemas/timesheet.repository.ts(159,67): error TS2339: Property 'supabase' does not exist on type 'DailyTimesheetRepository'.
types/_archive_schemas/timesheet.repository.ts(172,46): error TS2339: Property 'supabase' does not exist on type 'DailyTimesheetRepository'.
types/_archive_schemas/timesheet.repository.ts(182,22): error TS2339: Property 'supabase' does not exist on type 'DailyTimesheetRepository'.
types/_archive_schemas/timesheet.repository.ts(203,22): error TS2339: Property 'supabase' does not exist on type 'DailyTimesheetRepository'.
types/_archive_schemas/timesheet.repository.ts(223,40): error TS2339: Property 'supabase' does not exist on type 'DailyTimesheetRepository'.
types/_archive_schemas/timesheet.repository.ts(254,40): error TS2339: Property 'supabase' does not exist on type 'DailyTimesheetRepository'.
types/_archive_schemas/timesheet.repository.ts(275,40): error TS2339: Property 'supabase' does not exist on type 'DailyTimesheetRepository'.
types/_archive_schemas/timesheet.repository.ts(286,40): error TS2339: Property 'supabase' does not exist on type 'DailyTimesheetRepository'.
types/_archive_schemas/timesheet.repository.ts(320,51): error TS2339: Property 'supabase' does not exist on type 'DailyTimesheetRepository'.
types/_archive_schemas/timesheet.repository.ts(374,22): error TS2339: Property 'supabase' does not exist on type 'TimesheetCostAllocationRepository'.
types/_archive_schemas/timesheet.repository.ts(401,40): error TS2339: Property 'supabase' does not exist on type 'TimesheetCostAllocationRepository'.
types/_archive_schemas/timesheet.repository.ts(422,40): error TS2339: Property 'supabase' does not exist on type 'TimesheetCostAllocationRepository'.
types/_archive_schemas/timesheet.repository.ts(432,40): error TS2339: Property 'supabase' does not exist on type 'TimesheetCostAllocationRepository'.
types/_archive_schemas/timesheet.repository.ts(467,40): error TS2339: Property 'supabase' does not exist on type 'TimesheetCostAllocationRepository'.
types/_archive_schemas/timesheet.repository.ts(485,16): error TS2339: Property 'supabase' does not exist on type 'TimesheetCostAllocationRepository'.
types/_archive_schemas/timesheet.schema.ts(4,37): error TS2304: Cannot find name 'z'.
types/_archive_schemas/timesheet.schema.ts(5,14): error TS2304: Cannot find name 'z'.
types/_archive_schemas/timesheet.schema.ts(6,18): error TS2304: Cannot find name 'z'.
types/_archive_schemas/timesheet.schema.ts(7,15): error TS2304: Cannot find name 'z'.
types/_archive_schemas/timesheet.schema.ts(8,14): error TS2304: Cannot find name 'z'.
types/_archive_schemas/timesheet.schema.ts(9,10): error TS2304: Cannot find name 'z'.
types/_archive_schemas/timesheet.schema.ts(10,10): error TS2304: Cannot find name 'z'.
types/_archive_schemas/timesheet.schema.ts(11,14): error TS2304: Cannot find name 'z'.
types/_archive_schemas/timesheet.schema.ts(12,15): error TS2304: Cannot find name 'z'.
types/_archive_schemas/timesheet.schema.ts(13,14): error TS2304: Cannot find name 'z'.
types/_archive_schemas/timesheet.schema.ts(14,20): error TS2304: Cannot find name 'z'.
types/_archive_schemas/timesheet.schema.ts(20,41): error TS2304: Cannot find name 'z'.
types/_archive_schemas/timesheet.schema.ts(21,14): error TS2304: Cannot find name 'z'.
types/_archive_schemas/timesheet.schema.ts(22,16): error TS2304: Cannot find name 'z'.
types/_archive_schemas/timesheet.schema.ts(23,15): error TS2304: Cannot find name 'z'.
types/_archive_schemas/timesheet.schema.ts(24,14): error TS2304: Cannot find name 'z'.
types/_archive_schemas/timesheet.schema.ts(25,16): error TS2304: Cannot find name 'z'.
types/_archive_schemas/timesheet.schema.ts(26,19): error TS2304: Cannot find name 'z'.
types/_archive_schemas/timesheet.schema.ts(27,17): error TS2304: Cannot find name 'z'.
types/_archive_schemas/timesheet.schema.ts(39,42): error TS2304: Cannot find name 'z'.
types/_archive_schemas/timesheet.schema.ts(40,14): error TS2304: Cannot find name 'z'.
types/_archive_schemas/timesheet.schema.ts(41,20): error TS2304: Cannot find name 'z'.
types/_archive_schemas/timesheet.schema.ts(42,17): error TS2304: Cannot find name 'z'.
types/_archive_schemas/timesheet.schema.ts(43,19): error TS2304: Cannot find name 'z'.
types/_archive_schemas/timesheet.schema.ts(44,10): error TS2304: Cannot find name 'z'.
types/_archive_schemas/timesheet.schema.ts(45,10): error TS2304: Cannot find name 'z'.
types/_archive_schemas/timesheet.schema.ts(46,19): error TS2304: Cannot find name 'z'.
types/_archive_schemas/timesheet.schema.ts(52,46): error TS2304: Cannot find name 'z'.
types/_archive_schemas/timesheet.schema.ts(53,14): error TS2304: Cannot find name 'z'.
types/_archive_schemas/timesheet.schema.ts(54,21): error TS2304: Cannot find name 'z'.
types/_archive_schemas/timesheet.schema.ts(55,15): error TS2304: Cannot find name 'z'.
types/_archive_schemas/timesheet.schema.ts(56,14): error TS2304: Cannot find name 'z'.
types/_archive_schemas/timesheet.schema.ts(57,14): error TS2304: Cannot find name 'z'.
types/_archive_schemas/timesheet.schema.ts(58,14): error TS2304: Cannot find name 'z'.
types/_archive_schemas/timesheet.schema.ts(59,19): error TS2304: Cannot find name 'z'.
types/_archive_schemas/timesheet.schema.ts(60,17): error TS2304: Cannot find name 'z'.
types/_archive_schemas/timesheet.schema.ts(64,36): error TS2304: Cannot find name 'z'.
types/_archive_schemas/timesheet.schema.ts(65,12): error TS2304: Cannot find name 'z'.
types/_archive_schemas/timesheet.schema.ts(66,16): error TS2304: Cannot find name 'z'.
types/_archive_schemas/timesheet.schema.ts(67,19): error TS2304: Cannot find name 'z'.
types/_archive_schemas/timesheet.schema.ts(68,21): error TS2304: Cannot find name 'z'.
types/_archive_schemas/timesheet.schema.ts(69,15): error TS2304: Cannot find name 'z'.
types/_archive_schemas/timesheet.schema.ts(70,13): error TS2304: Cannot find name 'z'.
types/_archive_schemas/timesheet.schema.ts(71,18): error TS2304: Cannot find name 'z'.
types/_archive_schemas/timesheet.schema.ts(72,18): error TS2304: Cannot find name 'z'.
types/_archive_schemas/timesheet.schema.ts(73,19): error TS2304: Cannot find name 'z'.
types/_archive_schemas/timesheet.schema.ts(74,16): error TS2304: Cannot find name 'z'.
types/_archive_schemas/timesheet.schema.ts(75,18): error TS2304: Cannot find name 'z'.
types/_archive_schemas/timesheet.schema.ts(76,19): error TS2304: Cannot find name 'z'.
types/_archive_schemas/timesheet.schema.ts(77,19): error TS2304: Cannot find name 'z'.
types/_archive_schemas/timesheet.schema.ts(78,23): error TS2304: Cannot find name 'z'.
types/_archive_schemas/timesheet.schema.ts(79,12): error TS2304: Cannot find name 'z'.
types/_archive_schemas/timesheet.schema.ts(95,43): error TS2304: Cannot find name 'z'.
types/_archive_schemas/timesheet.schema.ts(96,14): error TS2304: Cannot find name 'z'.
types/_archive_schemas/timesheet.schema.ts(97,19): error TS2304: Cannot find name 'z'.
types/_archive_schemas/timesheet.schema.ts(98,15): error TS2304: Cannot find name 'z'.
types/_archive_schemas/timesheet.schema.ts(99,16): error TS2304: Cannot find name 'z'.
types/_archive_schemas/timesheet.schema.ts(100,21): error TS2304: Cannot find name 'z'.
types/_archive_schemas/timesheet.schema.ts(101,18): error TS2304: Cannot find name 'z'.
types/_archive_schemas/timesheet.schema.ts(102,10): error TS2304: Cannot find name 'z'.
types/_archive_schemas/timesheet.schema.ts(119,42): error TS2304: Cannot find name 'z'.
types/_archive_schemas/timesheet.schema.ts(120,12): error TS2304: Cannot find name 'z'.
types/_archive_schemas/timesheet.schema.ts(121,21): error TS2304: Cannot find name 'z'.
types/_archive_schemas/timesheet.schema.ts(122,18): error TS2304: Cannot find name 'z'.
types/_archive_schemas/timesheet.schema.ts(123,19): error TS2304: Cannot find name 'z'.
types/_archive_schemas/timesheet.schema.ts(124,16): error TS2304: Cannot find name 'z'.
types/_archive_schemas/timesheet.schema.ts(125,18): error TS2304: Cannot find name 'z'.
types/_archive_schemas/timesheet.schema.ts(126,19): error TS2304: Cannot find name 'z'.
types/_archive_schemas/timesheet.schema.ts(127,19): error TS2304: Cannot find name 'z'.
types/_archive_schemas/timesheet.schema.ts(128,23): error TS2304: Cannot find name 'z'.
types/_archive_schemas/timesheet.schema.ts(129,12): error TS2304: Cannot find name 'z'.
types/_archive_schemas/timesheet.schema.ts(133,38): error TS2304: Cannot find name 'z'.
types/_archive_schemas/timesheet.schema.ts(134,17): error TS2304: Cannot find name 'z'.
types/_archive_schemas/timesheet.schema.ts(137,39): error TS2304: Cannot find name 'z'.
types/_archive_schemas/timesheet.schema.ts(138,17): error TS2304: Cannot find name 'z'.
types/_archive_schemas/timesheet.schema.ts(139,16): error TS2304: Cannot find name 'z'.
types/_archive_schemas/timesheet.schema.ts(140,19): error TS2304: Cannot find name 'z'.
types/_archive_schemas/timesheet.schema.ts(143,38): error TS2304: Cannot find name 'z'.
types/_archive_schemas/timesheet.schema.ts(144,17): error TS2304: Cannot find name 'z'.
types/_archive_schemas/timesheet.schema.ts(145,21): error TS2304: Cannot find name 'z'.
types/_archive_schemas/timesheet.schema.ts(146,16): error TS2304: Cannot find name 'z'.
types/_archive_schemas/timesheet.schema.ts(150,43): error TS2304: Cannot find name 'z'.
types/_archive_schemas/timesheet.schema.ts(151,22): error TS2304: Cannot find name 'z'.
types/_archive_schemas/timesheet.schema.ts(152,19): error TS2304: Cannot find name 'z'.
types/_archive_schemas/timesheet.schema.ts(153,20): error TS2304: Cannot find name 'z'.
types/_archive_schemas/timesheet.schema.ts(154,16): error TS2304: Cannot find name 'z'.
types/_archive_schemas/timesheet.schema.ts(155,15): error TS2304: Cannot find name 'z'.
types/_archive_schemas/timesheet.schema.ts(156,22): error TS2304: Cannot find name 'z'.
types/_archive_schemas/timesheet.schema.ts(157,21): error TS2304: Cannot find name 'z'.
types/_archive_schemas/timesheet.schema.ts(161,38): error TS2304: Cannot find name 'z'.
types/_archive_schemas/timesheet.schema.ts(162,15): error TS2304: Cannot find name 'z'.
types/_archive_schemas/timesheet.schema.ts(163,16): error TS2304: Cannot find name 'z'.
types/_archive_schemas/timesheet.schema.ts(164,21): error TS2304: Cannot find name 'z'.
types/_archive_schemas/timesheet.schema.ts(165,15): error TS2304: Cannot find name 'z'.
types/_archive_schemas/timesheet.schema.ts(166,13): error TS2304: Cannot find name 'z'.
types/_archive_schemas/timesheet.schema.ts(167,11): error TS2304: Cannot find name 'z'.
types/_archive_schemas/timesheet.schema.ts(168,19): error TS2304: Cannot find name 'z'.
types/_archive_schemas/timesheet.schema.ts(176,39): error TS2304: Cannot find name 'z'.
types/_archive_schemas/timesheet.schema.ts(177,15): error TS2304: Cannot find name 'z'.
types/_archive_schemas/timesheet.schema.ts(178,11): error TS2304: Cannot find name 'z'.
types/_archive_schemas/timesheet.schema.ts(179,15): error TS2304: Cannot find name 'z'.
types/_archive_schemas/timesheet.schema.ts(180,13): error TS2304: Cannot find name 'z'.
types/_archive_schemas/timesheet.schema.ts(181,13): error TS2304: Cannot find name 'z'.
types/_archive_schemas/timesheet.schema.ts(185,42): error TS2304: Cannot find name 'z'.
types/_archive_schemas/timesheet.schema.ts(186,18): error TS2304: Cannot find name 'z'.
types/_archive_schemas/timesheet.schema.ts(186,26): error TS2304: Cannot find name 'z'.
types/_archive_schemas/timesheet.schema.ts(187,11): error TS2304: Cannot find name 'z'.
types/_archive_schemas/timesheet.schema.ts(188,11): error TS2304: Cannot find name 'z'.
types/_archive_schemas/timesheet.schema.ts(189,17): error TS2304: Cannot find name 'z'.
types/_archive_schemas/timesheet.schema.ts(201,37): error TS2304: Cannot find name 'z'.
types/_archive_schemas/timesheet.schema.ts(202,16): error TS2304: Cannot find name 'z'.
types/_archive_schemas/timesheet.schema.ts(203,21): error TS2304: Cannot find name 'z'.
types/_archive_schemas/timesheet.schema.ts(204,9): error TS2304: Cannot find name 'z'.
types/_archive_schemas/timesheet.schema.ts(205,16): error TS2304: Cannot find name 'z'.
types/_archive_schemas/timesheet.schema.ts(209,30): error TS2503: Cannot find namespace 'z'.
types/_archive_schemas/timesheet.schema.ts(210,30): error TS2503: Cannot find namespace 'z'.
types/_archive_schemas/timesheet.schema.ts(211,34): error TS2503: Cannot find namespace 'z'.
types/_archive_schemas/timesheet.schema.ts(212,35): error TS2503: Cannot find namespace 'z'.
types/_archive_schemas/timesheet.schema.ts(213,39): error TS2503: Cannot find namespace 'z'.
types/_archive_schemas/timesheet.schema.ts(214,29): error TS2503: Cannot find namespace 'z'.
types/_archive_schemas/timesheet.schema.ts(215,36): error TS2503: Cannot find namespace 'z'.
types/_archive_schemas/timesheet.schema.ts(216,35): error TS2503: Cannot find namespace 'z'.
types/_archive_schemas/timesheet.schema.ts(217,32): error TS2503: Cannot find namespace 'z'.
types/_archive_schemas/timesheet.schema.ts(218,31): error TS2503: Cannot find namespace 'z'.
types/_archive_schemas/timesheet.schema.ts(219,31): error TS2503: Cannot find namespace 'z'.
types/_archive_schemas/timesheet.schema.ts(220,32): error TS2503: Cannot find namespace 'z'.
types/_archive_schemas/timesheets.schema.ts(3,36): error TS2304: Cannot find name 'z'.
types/_archive_schemas/timesheets.schema.ts(4,30): error TS2304: Cannot find name 'z'.
types/_archive_schemas/timesheets.schema.ts(6,32): error TS2304: Cannot find name 'z'.
types/_archive_schemas/timesheets.schema.ts(7,7): error TS2304: Cannot find name 'z'.
types/_archive_schemas/timesheets.schema.ts(8,14): error TS2304: Cannot find name 'z'.
types/_archive_schemas/timesheets.schema.ts(9,12): error TS2304: Cannot find name 'z'.
types/_archive_schemas/timesheets.schema.ts(10,15): error TS2304: Cannot find name 'z'.
types/_archive_schemas/timesheets.schema.ts(11,21): error TS2304: Cannot find name 'z'.
types/_archive_schemas/timesheets.schema.ts(13,16): error TS2304: Cannot find name 'z'.
types/_archive_schemas/timesheets.schema.ts(14,25): error TS2304: Cannot find name 'z'.
types/_archive_schemas/timesheets.schema.ts(15,19): error TS2304: Cannot find name 'z'.
types/_archive_schemas/timesheets.schema.ts(16,16): error TS2304: Cannot find name 'z'.
types/_archive_schemas/timesheets.schema.ts(17,18): error TS2304: Cannot find name 'z'.
types/_archive_schemas/timesheets.schema.ts(18,21): error TS2304: Cannot find name 'z'.
types/_archive_schemas/timesheets.schema.ts(19,15): error TS2304: Cannot find name 'z'.
types/_archive_schemas/timesheets.schema.ts(20,15): error TS2304: Cannot find name 'z'.
types/_archive_schemas/timesheets.schema.ts(23,37): error TS2304: Cannot find name 'z'.
types/_archive_schemas/timesheets.schema.ts(24,7): error TS2304: Cannot find name 'z'.
types/_archive_schemas/timesheets.schema.ts(25,14): error TS2304: Cannot find name 'z'.
types/_archive_schemas/timesheets.schema.ts(26,17): error TS2304: Cannot find name 'z'.
types/_archive_schemas/timesheets.schema.ts(27,12): error TS2304: Cannot find name 'z'.
types/_archive_schemas/timesheets.schema.ts(28,16): error TS2304: Cannot find name 'z'.
types/_archive_schemas/timesheets.schema.ts(29,19): error TS2304: Cannot find name 'z'.
types/_archive_schemas/timesheets.schema.ts(30,15): error TS2304: Cannot find name 'z'.
types/_archive_schemas/timesheets.schema.ts(32,10): error TS2304: Cannot find name 'z'.
types/_archive_schemas/timesheets.schema.ts(33,16): error TS2304: Cannot find name 'z'.
types/_archive_schemas/timesheets.schema.ts(34,13): error TS2304: Cannot find name 'z'.
types/_archive_schemas/timesheets.schema.ts(35,15): error TS2304: Cannot find name 'z'.
types/_archive_schemas/timesheets.schema.ts(69,25): error TS2503: Cannot find namespace 'z'.
types/_archive_schemas/timesheets.schema.ts(70,30): error TS2503: Cannot find namespace 'z'.
types/_archive_schemas/timesheets.schema.ts(71,31): error TS2503: Cannot find namespace 'z'.
types/_archive_schemas/timesheets.schema.ts(72,36): error TS2503: Cannot find namespace 'z'.
types/_archive_schemas/timesheets.schema.ts(73,31): error TS2503: Cannot find namespace 'z'.
types/_archive_schemas/timesheets.schema.ts(74,36): error TS2503: Cannot find namespace 'z'.
types/_archive_schemas/wbs.schema.ts(3,32): error TS2304: Cannot find name 'z'.
types/_archive_schemas/wbs.schema.ts(5,30): error TS2304: Cannot find name 'z'.
types/_archive_schemas/wbs.schema.ts(6,7): error TS2304: Cannot find name 'z'.
types/_archive_schemas/wbs.schema.ts(7,14): error TS2304: Cannot find name 'z'.
types/_archive_schemas/wbs.schema.ts(8,15): error TS2304: Cannot find name 'z'.
types/_archive_schemas/wbs.schema.ts(9,14): error TS2304: Cannot find name 'z'.
types/_archive_schemas/wbs.schema.ts(10,9): error TS2304: Cannot find name 'z'.
types/_archive_schemas/wbs.schema.ts(11,9): error TS2304: Cannot find name 'z'.
types/_archive_schemas/wbs.schema.ts(12,16): error TS2304: Cannot find name 'z'.
types/_archive_schemas/wbs.schema.ts(14,10): error TS2304: Cannot find name 'z'.
types/_archive_schemas/wbs.schema.ts(15,19): error TS2304: Cannot find name 'z'.
types/_archive_schemas/wbs.schema.ts(16,22): error TS2304: Cannot find name 'z'.
types/_archive_schemas/wbs.schema.ts(17,18): error TS2304: Cannot find name 'z'.
types/_archive_schemas/wbs.schema.ts(18,24): error TS2304: Cannot find name 'z'.
types/_archive_schemas/wbs.schema.ts(19,15): error TS2304: Cannot find name 'z'.
types/_archive_schemas/wbs.schema.ts(20,13): error TS2304: Cannot find name 'z'.
types/_archive_schemas/wbs.schema.ts(21,14): error TS2304: Cannot find name 'z'.
types/_archive_schemas/wbs.schema.ts(22,15): error TS2304: Cannot find name 'z'.
types/_archive_schemas/wbs.schema.ts(23,15): error TS2304: Cannot find name 'z'.
types/_archive_schemas/wbs.schema.ts(26,31): error TS2304: Cannot find name 'z'.
types/_archive_schemas/wbs.schema.ts(27,7): error TS2304: Cannot find name 'z'.
types/_archive_schemas/wbs.schema.ts(28,14): error TS2304: Cannot find name 'z'.
types/_archive_schemas/wbs.schema.ts(29,15): error TS2304: Cannot find name 'z'.
types/_archive_schemas/wbs.schema.ts(30,16): error TS2304: Cannot find name 'z'.
types/_archive_schemas/wbs.schema.ts(31,9): error TS2304: Cannot find name 'z'.
types/_archive_schemas/wbs.schema.ts(32,9): error TS2304: Cannot find name 'z'.
types/_archive_schemas/wbs.schema.ts(33,16): error TS2304: Cannot find name 'z'.
types/_archive_schemas/wbs.schema.ts(34,23): error TS2304: Cannot find name 'z'.
types/_archive_schemas/wbs.schema.ts(35,21): error TS2304: Cannot find name 'z'.
types/_archive_schemas/wbs.schema.ts(36,22): error TS2304: Cannot find name 'z'.
types/_archive_schemas/wbs.schema.ts(37,20): error TS2304: Cannot find name 'z'.
types/_archive_schemas/wbs.schema.ts(38,18): error TS2304: Cannot find name 'z'.
types/_archive_schemas/wbs.schema.ts(39,18): error TS2304: Cannot find name 'z'.
types/_archive_schemas/wbs.schema.ts(40,24): error TS2304: Cannot find name 'z'.
types/_archive_schemas/wbs.schema.ts(41,14): error TS2304: Cannot find name 'z'.
types/_archive_schemas/wbs.schema.ts(42,15): error TS2304: Cannot find name 'z'.
types/_archive_schemas/wbs.schema.ts(43,15): error TS2304: Cannot find name 'z'.
types/_archive_schemas/wbs.schema.ts(82,23): error TS2503: Cannot find namespace 'z'.
types/_archive_schemas/wbs.schema.ts(83,24): error TS2503: Cannot find namespace 'z'.
types/_archive_schemas/wbs.schema.ts(84,29): error TS2503: Cannot find namespace 'z'.
types/_archive_schemas/wbs.schema.ts(85,30): error TS2503: Cannot find namespace 'z'.
types/_archive_schemas/wbs.schema.ts(86,29): error TS2503: Cannot find namespace 'z'.
types/_archive_schemas/wbs.schema.ts(87,30): error TS2503: Cannot find namespace 'z'.
types/repositories/dynamic-stores.repository.ts(54,35): error TS2589: Type instantiation is excessively deep and possibly infinite.
types/repositories/dynamic-stores.repository.ts(54,35): error TS2589: Type instantiation is excessively deep and possibly infinite.
types/repositories/dynamic-stores.repository.ts(55,13): error TS2769: No overload matches this call.
  Overload 1 of 2, '(relation: "projects" | "tasks" | "purchase_orders" | "goods_receipts" | "stores" | "vendors" | "employees" | "users" | "equipment" | "tenants" | "account_keys" | "company_codes" | ... 160 more ... | "workflow_start_conditions"): PostgrestQueryBuilder<...>', gave the following error.
    Argument of type '"stock_balances_fifo"' is not assignable to parameter of type '"projects" | "tasks" | "purchase_orders" | "goods_receipts" | "stores" | "vendors" | "employees" | "users" | "equipment" | "tenants" | "account_keys" | "company_codes" | "chart_of_accounts" | ... 159 more ... | "workflow_start_conditions"'.
  Overload 2 of 2, '(relation: "v_companies_with_names" | "activity_variance" | "mv_approval_field_cache" | "material_master_view" | "global_materials" | "project_materials" | "authorization_monitoring" | ... 4 more ... | "v_number_range_health"): PostgrestQueryBuilder<...>', gave the following error.
    Argument of type '"stock_balances_fifo"' is not assignable to parameter of type '"v_companies_with_names" | "activity_variance" | "mv_approval_field_cache" | "material_master_view" | "global_materials" | "project_materials" | "authorization_monitoring" | ... 4 more ... | "v_number_range_health"'.
types/repositories/procurement.repository.ts(14,35): error TS2589: Type instantiation is excessively deep and possibly infinite.
types/repositories/procurement.repository.ts(37,35): error TS2589: Type instantiation is excessively deep and possibly infinite.
types/repositories/projects.repository.ts(15,35): error TS2589: Type instantiation is excessively deep and possibly infinite.
types/repositories/projects.repository.ts(36,35): error TS2589: Type instantiation is excessively deep and possibly infinite.
types/repositories/stores.repository.ts(78,35): error TS2589: Type instantiation is excessively deep and possibly infinite.
types/repositories/tasks.repository.ts(111,49): error TS2589: Type instantiation is excessively deep and possibly infinite.
types/repositories/tasks.repository.ts(112,13): error TS2769: No overload matches this call.
  Overload 1 of 2, '(relation: "projects" | "tasks" | "purchase_orders" | "goods_receipts" | "stores" | "vendors" | "employees" | "users" | "equipment" | "tenants" | "account_keys" | "company_codes" | ... 160 more ... | "workflow_start_conditions"): PostgrestQueryBuilder<...>', gave the following error.
    Argument of type '"task_dependencies"' is not assignable to parameter of type '"projects" | "tasks" | "purchase_orders" | "goods_receipts" | "stores" | "vendors" | "employees" | "users" | "equipment" | "tenants" | "account_keys" | "company_codes" | "chart_of_accounts" | ... 159 more ... | "workflow_start_conditions"'.
  Overload 2 of 2, '(relation: "v_companies_with_names" | "activity_variance" | "mv_approval_field_cache" | "material_master_view" | "global_materials" | "project_materials" | "authorization_monitoring" | ... 4 more ... | "v_number_range_health"): PostgrestQueryBuilder<...>', gave the following error.
    Argument of type '"task_dependencies"' is not assignable to parameter of type '"v_companies_with_names" | "activity_variance" | "mv_approval_field_cache" | "material_master_view" | "global_materials" | "project_materials" | "authorization_monitoring" | ... 4 more ... | "v_number_range_health"'.
types/repositories/tasks.repository.ts(118,34): error TS2589: Type instantiation is excessively deep and possibly infinite.
types/repositories/tasks.repository.ts(143,15): error TS2769: No overload matches this call.
  Overload 1 of 2, '(relation: "projects" | "tasks" | "purchase_orders" | "goods_receipts" | "stores" | "vendors" | "employees" | "users" | "equipment" | "tenants" | "account_keys" | "company_codes" | ... 160 more ... | "workflow_start_conditions"): PostgrestQueryBuilder<...>', gave the following error.
    Argument of type '"task_dependencies"' is not assignable to parameter of type '"projects" | "tasks" | "purchase_orders" | "goods_receipts" | "stores" | "vendors" | "employees" | "users" | "equipment" | "tenants" | "account_keys" | "company_codes" | "chart_of_accounts" | ... 159 more ... | "workflow_start_conditions"'.
  Overload 2 of 2, '(relation: "v_companies_with_names" | "activity_variance" | "mv_approval_field_cache" | "material_master_view" | "global_materials" | "project_materials" | "authorization_monitoring" | ... 4 more ... | "v_number_range_health"): PostgrestQueryBuilder<...>', gave the following error.
    Argument of type '"task_dependencies"' is not assignable to parameter of type '"v_companies_with_names" | "activity_variance" | "mv_approval_field_cache" | "material_master_view" | "global_materials" | "project_materials" | "authorization_monitoring" | ... 4 more ... | "v_number_range_health"'.
types/repositories/tasks.repository.ts(144,17): error TS2769: No overload matches this call.
  Overload 1 of 2, '(values: { category_code: string; category_name?: string; description?: string; is_active?: boolean; tenant_id?: string; } | { assignment_key: string; assignment_value: string; company_code: string; ... 5 more ...; tenant_id?: string; } | ... 170 more ... | { ...; }, options?: { ...; }): PostgrestFilterBuilder<...>', gave the following error.
    Argument of type '{ predecessor_task_id: string; successor_task_id: string; dependency_type: string; lag_days: number; }[]' is not assignable to parameter of type '{ category_code: string; category_name?: string; description?: string; is_active?: boolean; tenant_id?: string; } | { assignment_key: string; assignment_value: string; company_code: string; conditions?: Json; ... 4 more ...; tenant_id?: string; } | ... 170 more ... | { ...; }'.
  Overload 2 of 2, '(values: ({ category_code: string; category_name?: string; description?: string; is_active?: boolean; tenant_id?: string; } | { assignment_key: string; assignment_value: string; company_code: string; ... 5 more ...; tenant_id?: string; } | ... 170 more ... | { ...; })[], options?: { ...; }): PostgrestFilterBuilder<...>', gave the following error.
    Argument of type '{ predecessor_task_id: string; successor_task_id: string; dependency_type: string; lag_days: number; }[]' is not assignable to parameter of type '({ category_code: string; category_name?: string; description?: string; is_active?: boolean; tenant_id?: string; } | { assignment_key: string; assignment_value: string; company_code: string; conditions?: Json; ... 4 more ...; tenant_id?: string; } | ... 170 more ... | { ...; })[]'.
      Type '{ predecessor_task_id: string; successor_task_id: string; dependency_type: string; lag_days: number; }' is not assignable to type '{ category_code: string; category_name?: string; description?: string; is_active?: boolean; tenant_id?: string; } | { assignment_key: string; assignment_value: string; company_code: string; conditions?: Json; ... 4 more ...; tenant_id?: string; } | ... 170 more ... | { ...; }'.
        Type '{ predecessor_task_id: string; successor_task_id: string; dependency_type: string; lag_days: number; }' is missing the following properties from type '{ created_at?: string; dependency_type?: string; id?: string; lag_days?: number; predecessor_activity_id: string; successor_activity_id: string; tenant_id?: string; }': predecessor_activity_id, successor_activity_id
types/repositories/wbs.repository.ts(80,35): error TS2589: Type instantiation is excessively deep and possibly infinite.
types/repositories/wbs.repository.ts(92,35): error TS2589: Type instantiation is excessively deep and possibly infinite.
types/repositories/wbs.repository.ts(104,35): error TS2589: Type instantiation is excessively deep and possibly infinite.
